[2026-04-23 20:29:23]	[info] incremental build: 1 source files changed
These source files will be recompiled
---
'e:\2028-robot-r1 & r2 -yaokongqi\2026Robot-Wulin_R1_H7 - FS\Wulin_R1_H7\User_dvc\dvc_fsI6x.cpp': dependence 'e:\2028-robot-r1 & r2 -yaokongqi\2026Robot-Wulin_R1_H7 - FS\Wulin_R1_H7\MDK-ARM\..\User_dvc\dvc_fsI6x.h' has been changed.

[2026-04-23 20:29:23]	compilation failed at : "e:\2028-robot-r1 & r2 -yaokongqi\2026Robot-Wulin_R1_H7 - FS\Wulin_R1_H7\User_dvc\dvc_fsI6x.cpp", exit code: 1
command: 
  "C:\Keil_v5\ARM\ARMCLANG\bin\armclang.exe" --target=arm-arm-none-eabi -c -xc++ -std=c++11 -I../Core/Inc -I../Drivers/STM32H7xx_HAL_Driver/Inc -I../Drivers/STM32H7xx_HAL_Driver/Inc/Legacy -I../Drivers/CMSIS/Device/ST/STM32H7xx/Include -I../Drivers/CMSIS/Include -I../Middlewares/ST/ARM/DSP/Inc -I../User_chariot/Chassis -I../User_drv -I../User_ita -I../User_tsk -I.cmsis/include -IRTE/_H723VGT6_Demo -I../User_chariot -I../User_chariot/KFS -I../User_dvc -I../User_alg -D"USE_HAL_DRIVER" -D"STM32H723xx" -D"ARM_MATH_CM7" -mfloat-abi=hard -mfpu=fpv5-d16 -mcpu=cortex-m7 -mlittle-endian -O0 -ffunction-sections -funsigned-char -fshort-enums -fshort-wchar -fno-rtti -w -g -o ./build/H723VGT6_Demo/.obj/__/User_dvc/dvc_fsI6x.o -MMD ./../User_dvc/dvc_fsI6x.cpp
   at unify_builder.Program.Main(String[] args_)
---
In file included from ./../User_dvc/dvc_fsI6x.cpp:1:
../User_dvc/dvc_fsI6x.h:7:2: error: unterminated conditional directive
#ifndef __DVC_FSI6X_H
 ^
1 error generated.

[2026-04-23 20:29:51]	[info] incremental build: 1 source files changed
These source files will be recompiled
---
'e:\2028-robot-r1 & r2 -yaokongqi\2026Robot-Wulin_R1_H7 - FS\Wulin_R1_H7\User_dvc\dvc_fsI6x.cpp': object (.o) file not exist

[2026-04-23 20:29:52]	[done]
	build successfully !

[2026-04-23 20:30:13]	[info] incremental build: 1 source files changed
These source files will be recompiled
---
'e:\2028-robot-r1 & r2 -yaokongqi\2026Robot-Wulin_R1_H7 - FS\Wulin_R1_H7\User_dvc\dvc_fsI6x.cpp': source file has been changed.

[2026-04-23 20:30:14]	[done]
	build successfully !

[2026-04-23 22:56:03]	[info] incremental build: 57 source files changed
These source files will be recompiled
---
'e:\2028-robot-r1 & r2 -yaokongqi\2026Robot-Wulin_R1_H7 - FS\Wulin_R1_H7\Core\Src\dma.c': compiler options has been changed.
'e:\2028-robot-r1 & r2 -yaokongqi\2026Robot-Wulin_R1_H7 - FS\Wulin_R1_H7\Core\Src\fdcan.c': compiler options has been changed.
'e:\2028-robot-r1 & r2 -yaokongqi\2026Robot-Wulin_R1_H7 - FS\Wulin_R1_H7\Core\Src\gpio.c': compiler options has been changed.
'e:\2028-robot-r1 & r2 -yaokongqi\2026Robot-Wulin_R1_H7 - FS\Wulin_R1_H7\Core\Src\main.c': compiler options has been changed.
'e:\2028-robot-r1 & r2 -yaokongqi\2026Robot-Wulin_R1_H7 - FS\Wulin_R1_H7\Core\Src\memorymap.c': compiler options has been changed.
'e:\2028-robot-r1 & r2 -yaokongqi\2026Robot-Wulin_R1_H7 - FS\Wulin_R1_H7\Core\Src\stm32h7xx_hal_msp.c': compiler options has been changed.
'e:\2028-robot-r1 & r2 -yaokongqi\2026Robot-Wulin_R1_H7 - FS\Wulin_R1_H7\Core\Src\stm32h7xx_it.c': compiler options has been changed.
'e:\2028-robot-r1 & r2 -yaokongqi\2026Robot-Wulin_R1_H7 - FS\Wulin_R1_H7\Core\Src\system_stm32h7xx.c': compiler options has been changed.
'e:\2028-robot-r1 & r2 -yaokongqi\2026Robot-Wulin_R1_H7 - FS\Wulin_R1_H7\Core\Src\tim.c': compiler options has been changed.
'e:\2028-robot-r1 & r2 -yaokongqi\2026Robot-Wulin_R1_H7 - FS\Wulin_R1_H7\Core\Src\usart.c': compiler options has been changed.
'e:\2028-robot-r1 & r2 -yaokongqi\2026Robot-Wulin_R1_H7 - FS\Wulin_R1_H7\Drivers\STM32H7xx_HAL_Driver\Src\stm32h7xx_hal.c': compiler options has been changed.
'e:\2028-robot-r1 & r2 -yaokongqi\2026Robot-Wulin_R1_H7 - FS\Wulin_R1_H7\Drivers\STM32H7xx_HAL_Driver\Src\stm32h7xx_hal_cortex.c': compiler options has been changed.
'e:\2028-robot-r1 & r2 -yaokongqi\2026Robot-Wulin_R1_H7 - FS\Wulin_R1_H7\Drivers\STM32H7xx_HAL_Driver\Src\stm32h7xx_hal_dma.c': compiler options has been changed.
'e:\2028-robot-r1 & r2 -yaokongqi\2026Robot-Wulin_R1_H7 - FS\Wulin_R1_H7\Drivers\STM32H7xx_HAL_Driver\Src\stm32h7xx_hal_dma_ex.c': compiler options has been changed.
'e:\2028-robot-r1 & r2 -yaokongqi\2026Robot-Wulin_R1_H7 - FS\Wulin_R1_H7\Drivers\STM32H7xx_HAL_Driver\Src\stm32h7xx_hal_exti.c': compiler options has been changed.
'e:\2028-robot-r1 & r2 -yaokongqi\2026Robot-Wulin_R1_H7 - FS\Wulin_R1_H7\Drivers\STM32H7xx_HAL_Driver\Src\stm32h7xx_hal_fdcan.c': compiler options has been changed.
'e:\2028-robot-r1 & r2 -yaokongqi\2026Robot-Wulin_R1_H7 - FS\Wulin_R1_H7\Drivers\STM32H7xx_HAL_Driver\Src\stm32h7xx_hal_flash.c': compiler options has been changed.
'e:\2028-robot-r1 & r2 -yaokongqi\2026Robot-Wulin_R1_H7 - FS\Wulin_R1_H7\Drivers\STM32H7xx_HAL_Driver\Src\stm32h7xx_hal_flash_ex.c': compiler options has been changed.
'e:\2028-robot-r1 & r2 -yaokongqi\2026Robot-Wulin_R1_H7 - FS\Wulin_R1_H7\Drivers\STM32H7xx_HAL_Driver\Src\stm32h7xx_hal_gpio.c': compiler options has been changed.
'e:\2028-robot-r1 & r2 -yaokongqi\2026Robot-Wulin_R1_H7 - FS\Wulin_R1_H7\Drivers\STM32H7xx_HAL_Driver\Src\stm32h7xx_hal_hsem.c': compiler options has been changed.
'e:\2028-robot-r1 & r2 -yaokongqi\2026Robot-Wulin_R1_H7 - FS\Wulin_R1_H7\Drivers\STM32H7xx_HAL_Driver\Src\stm32h7xx_hal_i2c.c': compiler options has been changed.
'e:\2028-robot-r1 & r2 -yaokongqi\2026Robot-Wulin_R1_H7 - FS\Wulin_R1_H7\Drivers\STM32H7xx_HAL_Driver\Src\stm32h7xx_hal_i2c_ex.c': compiler options has been changed.
'e:\2028-robot-r1 & r2 -yaokongqi\2026Robot-Wulin_R1_H7 - FS\Wulin_R1_H7\Drivers\STM32H7xx_HAL_Driver\Src\stm32h7xx_hal_mdma.c': compiler options has been changed.
'e:\2028-robot-r1 & r2 -yaokongqi\2026Robot-Wulin_R1_H7 - FS\Wulin_R1_H7\Drivers\STM32H7xx_HAL_Driver\Src\stm32h7xx_hal_pwr.c': compiler options has been changed.
'e:\2028-robot-r1 & r2 -yaokongqi\2026Robot-Wulin_R1_H7 - FS\Wulin_R1_H7\Drivers\STM32H7xx_HAL_Driver\Src\stm32h7xx_hal_pwr_ex.c': compiler options has been changed.
'e:\2028-robot-r1 & r2 -yaokongqi\2026Robot-Wulin_R1_H7 - FS\Wulin_R1_H7\Drivers\STM32H7xx_HAL_Driver\Src\stm32h7xx_hal_rcc.c': compiler options has been changed.
'e:\2028-robot-r1 & r2 -yaokongqi\2026Robot-Wulin_R1_H7 - FS\Wulin_R1_H7\Drivers\STM32H7xx_HAL_Driver\Src\stm32h7xx_hal_rcc_ex.c': compiler options has been changed.
'e:\2028-robot-r1 & r2 -yaokongqi\2026Robot-Wulin_R1_H7 - FS\Wulin_R1_H7\Drivers\STM32H7xx_HAL_Driver\Src\stm32h7xx_hal_tim.c': compiler options has been changed.
'e:\2028-robot-r1 & r2 -yaokongqi\2026Robot-Wulin_R1_H7 - FS\Wulin_R1_H7\Drivers\STM32H7xx_HAL_Driver\Src\stm32h7xx_hal_tim_ex.c': compiler options has been changed.
'e:\2028-robot-r1 & r2 -yaokongqi\2026Robot-Wulin_R1_H7 - FS\Wulin_R1_H7\Drivers\STM32H7xx_HAL_Driver\Src\stm32h7xx_hal_uart.c': compiler options has been changed.
'e:\2028-robot-r1 & r2 -yaokongqi\2026Robot-Wulin_R1_H7 - FS\Wulin_R1_H7\Drivers\STM32H7xx_HAL_Driver\Src\stm32h7xx_hal_uart_ex.c': compiler options has been changed.
'e:\2028-robot-r1 & r2 -yaokongqi\2026Robot-Wulin_R1_H7 - FS\Wulin_R1_H7\User_alg\alg_fsm.cpp': compiler options has been changed.
'e:\2028-robot-r1 & r2 -yaokongqi\2026Robot-Wulin_R1_H7 - FS\Wulin_R1_H7\User_alg\alg_pid.cpp': compiler options has been changed.
'e:\2028-robot-r1 & r2 -yaokongqi\2026Robot-Wulin_R1_H7 - FS\Wulin_R1_H7\User_alg\alg_slope.cpp': compiler options has been changed.
'e:\2028-robot-r1 & r2 -yaokongqi\2026Robot-Wulin_R1_H7 - FS\Wulin_R1_H7\User_chariot\crt_chassis.cpp': compiler options has been changed.
'e:\2028-robot-r1 & r2 -yaokongqi\2026Robot-Wulin_R1_H7 - FS\Wulin_R1_H7\User_chariot\crt_lift.cpp': compiler options has been changed.
'e:\2028-robot-r1 & r2 -yaokongqi\2026Robot-Wulin_R1_H7 - FS\Wulin_R1_H7\User_chariot\crt_weapon_head.cpp': compiler options has been changed.
'e:\2028-robot-r1 & r2 -yaokongqi\2026Robot-Wulin_R1_H7 - FS\Wulin_R1_H7\User_drv\drv_bsp.cpp': compiler options has been changed.
'e:\2028-robot-r1 & r2 -yaokongqi\2026Robot-Wulin_R1_H7 - FS\Wulin_R1_H7\User_drv\drv_can.cpp': compiler options has been changed.
'e:\2028-robot-r1 & r2 -yaokongqi\2026Robot-Wulin_R1_H7 - FS\Wulin_R1_H7\User_drv\drv_gpio_exti.cpp': compiler options has been changed.
'e:\2028-robot-r1 & r2 -yaokongqi\2026Robot-Wulin_R1_H7 - FS\Wulin_R1_H7\User_drv\drv_math.cpp': compiler options has been changed.
'e:\2028-robot-r1 & r2 -yaokongqi\2026Robot-Wulin_R1_H7 - FS\Wulin_R1_H7\User_drv\drv_tim.cpp': compiler options has been changed.
'e:\2028-robot-r1 & r2 -yaokongqi\2026Robot-Wulin_R1_H7 - FS\Wulin_R1_H7\User_drv\drv_uart.cpp': compiler options has been changed.
'e:\2028-robot-r1 & r2 -yaokongqi\2026Robot-Wulin_R1_H7 - FS\Wulin_R1_H7\User_dvc\Robstride01.cpp': compiler options has been changed.
'e:\2028-robot-r1 & r2 -yaokongqi\2026Robot-Wulin_R1_H7 - FS\Wulin_R1_H7\User_dvc\dvc_airtool.cpp': compiler options has been changed.
'e:\2028-robot-r1 & r2 -yaokongqi\2026Robot-Wulin_R1_H7 - FS\Wulin_R1_H7\User_dvc\dvc_dr16.cpp': compiler options has been changed.
'e:\2028-robot-r1 & r2 -yaokongqi\2026Robot-Wulin_R1_H7 - FS\Wulin_R1_H7\User_dvc\dvc_dwt.cpp': compiler options has been changed.
'e:\2028-robot-r1 & r2 -yaokongqi\2026Robot-Wulin_R1_H7 - FS\Wulin_R1_H7\User_dvc\dvc_fsI6x.cpp': compiler options has been changed.
'e:\2028-robot-r1 & r2 -yaokongqi\2026Robot-Wulin_R1_H7 - FS\Wulin_R1_H7\User_dvc\dvc_motor_dji.cpp': compiler options has been changed.
'e:\2028-robot-r1 & r2 -yaokongqi\2026Robot-Wulin_R1_H7 - FS\Wulin_R1_H7\User_dvc\dvc_motor_dm.cpp': compiler options has been changed.
'e:\2028-robot-r1 & r2 -yaokongqi\2026Robot-Wulin_R1_H7 - FS\Wulin_R1_H7\User_dvc\dvc_motor_mksesc.cpp': compiler options has been changed.
'e:\2028-robot-r1 & r2 -yaokongqi\2026Robot-Wulin_R1_H7 - FS\Wulin_R1_H7\User_dvc\dvc_motor_rs.cpp': compiler options has been changed.
'e:\2028-robot-r1 & r2 -yaokongqi\2026Robot-Wulin_R1_H7 - FS\Wulin_R1_H7\User_dvc\dvc_pmt45.cpp': compiler options has been changed.
'e:\2028-robot-r1 & r2 -yaokongqi\2026Robot-Wulin_R1_H7 - FS\Wulin_R1_H7\User_ita\ita_robot.cpp': compiler options has been changed.
'e:\2028-robot-r1 & r2 -yaokongqi\2026Robot-Wulin_R1_H7 - FS\Wulin_R1_H7\User_mid\mid_ibus.cpp': object (.o) file not exist
'e:\2028-robot-r1 & r2 -yaokongqi\2026Robot-Wulin_R1_H7 - FS\Wulin_R1_H7\User_tsk\tsk_config_and_callback.cpp': compiler options has been changed.
'e:\2028-robot-r1 & r2 -yaokongqi\2026Robot-Wulin_R1_H7 - FS\Wulin_R1_H7\MDK-ARM\startup_stm32h723xx.s': compiler options has been changed.

[2026-04-23 22:56:06]	compilation failed at : "e:\2028-robot-r1 & r2 -yaokongqi\2026Robot-Wulin_R1_H7 - FS\Wulin_R1_H7\User_mid\mid_ibus.cpp", exit code: 1
command: 
  "C:\Keil_v5\ARM\ARMCLANG\bin\armclang.exe" --target=arm-arm-none-eabi -c -xc++ -std=c++11 -I../Core/Inc -I../Drivers/STM32H7xx_HAL_Driver/Inc -I../Drivers/STM32H7xx_HAL_Driver/Inc/Legacy -I../Drivers/CMSIS/Device/ST/STM32H7xx/Include -I../Drivers/CMSIS/Include -I../Middlewares/ST/ARM/DSP/Inc -I../User_chariot/Chassis -I../User_drv -I../User_ita -I../User_tsk -I.cmsis/include -IRTE/_H723VGT6_Demo -I../User_chariot -I../User_chariot/KFS -I../User_alg -I../User_dvc -I../User_mid -D"USE_HAL_DRIVER" -D"STM32H723xx" -D"ARM_MATH_CM7" -mfloat-abi=hard -mfpu=fpv5-d16 -mcpu=cortex-m7 -mlittle-endian -O0 -ffunction-sections -funsigned-char -fshort-enums -fshort-wchar -fno-rtti -w -g -o ./build/H723VGT6_Demo/.obj/__/User_mid/mid_ibus.o -MMD ./../User_mid/mid_ibus.cpp
   at unify_builder.Program.compileByMulThread(Int32 thrNum, CmdInfo[] cmds_, List`1 errLogs)
   at unify_builder.Program.Main(String[] args_)
---
In file included from ./../User_mid/mid_ibus.cpp:1:
../User_mid/mid_ibus.h:9:2: error: invalid preprocessing directive
#incldue "alg_fsm.h"
 ^
../User_mid/mid_ibus.h:48:12: error: a type specifier is required for all declarations
    friend Class_FSM;
    ~~~~~~ ^
../User_mid/mid_ibus.h:48:12: error: friends can only be classes or functions
./../User_mid/mid_ibus.cpp:11:18: error: no member named 'rx_buffer' in 'Class_IBUS'; did you mean 'rxbuffer'?
    memset(this->rx_buffer ,0 ,sizeof(this->rxbuffer));
                 ^~~~~~~~~
                 rxbuffer
../User_mid/mid_ibus.h:67:13: note: 'rxbuffer' declared here
    uint8_t rxbuffer [IBUS_PACKET_SIZE];
            ^
./../User_mid/mid_ibus.cpp:12:5: error: no matching function for call to 'memset'
    memset(this->ibus_data , 0 ,sizeof(this->ibus_data));
    ^~~~~~
C:\Keil_v5\ARM\ARMCLANG\bin\..\include\string.h:321:22: note: candidate function not viable: no known conversion from 'Struct_IBUS_Data' to 'void *' for 1st argument; take the address of the argument with &
extern _ARMABI void *memset(void * /*s*/, int /*c*/, size_t /*n*/) __attribute__((__nonnull__(1)));
                     ^
5 errors generated.

[2026-04-23 22:59:18]	[info] incremental build: 1 source files changed
These source files will be recompiled
---
'e:\2028-robot-r1 & r2 -yaokongqi\2026Robot-Wulin_R1_H7 - FS\Wulin_R1_H7\User_mid\mid_ibus.cpp': object (.o) file not exist

[2026-04-23 22:59:18]	compilation failed at : "e:\2028-robot-r1 & r2 -yaokongqi\2026Robot-Wulin_R1_H7 - FS\Wulin_R1_H7\User_mid\mid_ibus.cpp", exit code: 1
command: 
  "C:\Keil_v5\ARM\ARMCLANG\bin\armclang.exe" --target=arm-arm-none-eabi -c -xc++ -std=c++11 -I../Core/Inc -I../Drivers/STM32H7xx_HAL_Driver/Inc -I../Drivers/STM32H7xx_HAL_Driver/Inc/Legacy -I../Drivers/CMSIS/Device/ST/STM32H7xx/Include -I../Drivers/CMSIS/Include -I../Middlewares/ST/ARM/DSP/Inc -I../User_chariot/Chassis -I../User_drv -I../User_ita -I../User_tsk -I.cmsis/include -IRTE/_H723VGT6_Demo -I../User_chariot -I../User_chariot/KFS -I../User_alg -I../User_dvc -I../User_mid -D"USE_HAL_DRIVER" -D"STM32H723xx" -D"ARM_MATH_CM7" -mfloat-abi=hard -mfpu=fpv5-d16 -mcpu=cortex-m7 -mlittle-endian -O0 -ffunction-sections -funsigned-char -fshort-enums -fshort-wchar -fno-rtti -w -g -o ./build/H723VGT6_Demo/.obj/__/User_mid/mid_ibus.o -MMD ./../User_mid/mid_ibus.cpp
   at unify_builder.Program.Main(String[] args_)
---
In file included from ./../User_mid/mid_ibus.cpp:1:
../User_mid/mid_ibus.h:9:2: error: invalid preprocessing directive
#incldue "alg_fsm.h"
 ^
../User_mid/mid_ibus.h:43:30: error: expected class name
class Class_FSM_IBUS : public: Class_FSM_IBUS
                             ^
../User_mid/mid_ibus.h:45:5: error: unknown type name 'Class_IBUS'
    Class_IBUS *ibus;
    ^
../User_mid/mid_ibus.h:47:2: error: expected ';' after class
}
 ^
 ;
./../User_mid/mid_ibus.cpp:11:18: error: no member named 'rx_buffer' in 'Class_IBUS'; did you mean 'rxbuffer'?
    memset(this->rx_buffer ,0 ,sizeof(this->rxbuffer));
                 ^~~~~~~~~
                 rxbuffer
../User_mid/mid_ibus.h:72:13: note: 'rxbuffer' declared here
    uint8_t rxbuffer [IBUS_PACKET_SIZE];
            ^
./../User_mid/mid_ibus.cpp:12:5: error: no matching function for call to 'memset'
    memset(this->ibus_data , 0 ,sizeof(this->ibus_data));
    ^~~~~~
C:\Keil_v5\ARM\ARMCLANG\bin\..\include\string.h:321:22: note: candidate function not viable: no known conversion from 'Struct_IBUS_Data' to 'void *' for 1st argument; take the address of the argument with &
extern _ARMABI void *memset(void * /*s*/, int /*c*/, size_t /*n*/) __attribute__((__nonnull__(1)));
                     ^
6 errors generated.

[2026-04-23 23:00:06]	[info] incremental build: 1 source files changed
These source files will be recompiled
---
'e:\2028-robot-r1 & r2 -yaokongqi\2026Robot-Wulin_R1_H7 - FS\Wulin_R1_H7\User_mid\mid_ibus.cpp': object (.o) file not exist

[2026-04-23 23:00:06]	compilation failed at : "e:\2028-robot-r1 & r2 -yaokongqi\2026Robot-Wulin_R1_H7 - FS\Wulin_R1_H7\User_mid\mid_ibus.cpp", exit code: 1
command: 
  "C:\Keil_v5\ARM\ARMCLANG\bin\armclang.exe" --target=arm-arm-none-eabi -c -xc++ -std=c++11 -I../Core/Inc -I../Drivers/STM32H7xx_HAL_Driver/Inc -I../Drivers/STM32H7xx_HAL_Driver/Inc/Legacy -I../Drivers/CMSIS/Device/ST/STM32H7xx/Include -I../Drivers/CMSIS/Include -I../Middlewares/ST/ARM/DSP/Inc -I../User_chariot/Chassis -I../User_drv -I../User_ita -I../User_tsk -I.cmsis/include -IRTE/_H723VGT6_Demo -I../User_chariot -I../User_chariot/KFS -I../User_alg -I../User_dvc -I../User_mid -D"USE_HAL_DRIVER" -D"STM32H723xx" -D"ARM_MATH_CM7" -mfloat-abi=hard -mfpu=fpv5-d16 -mcpu=cortex-m7 -mlittle-endian -O0 -ffunction-sections -funsigned-char -fshort-enums -fshort-wchar -fno-rtti -w -g -o ./build/H723VGT6_Demo/.obj/__/User_mid/mid_ibus.o -MMD ./../User_mid/mid_ibus.cpp
   at unify_builder.Program.Main(String[] args_)
---
In file included from ./../User_mid/mid_ibus.cpp:1:
../User_mid/mid_ibus.h:9:2: error: invalid preprocessing directive
#incldue "alg_fsm.h"
 ^
../User_mid/mid_ibus.h:44:30: error: expected class name
class Class_FSM_IBUS : public: Class_FSM_IBUS
                             ^
../User_mid/mid_ibus.h:48:2: error: expected ';' after class
}
 ^
 ;
./../User_mid/mid_ibus.cpp:6:11: error: no member named 'state' in 'Class_IBUS'
    this->state = IBUS_STATE_SYNC0;
    ~~~~  ^
./../User_mid/mid_ibus.cpp:11:18: error: no member named 'rx_buffer' in 'Class_IBUS'; did you mean 'rxbuffer'?
    memset(this->rx_buffer ,0 ,sizeof(this->rxbuffer));
                 ^~~~~~~~~
                 rxbuffer
../User_mid/mid_ibus.h:73:13: note: 'rxbuffer' declared here
    uint8_t rxbuffer [IBUS_PACKET_SIZE];
            ^
./../User_mid/mid_ibus.cpp:12:5: error: no matching function for call to 'memset'
    memset(this->ibus_data , 0 ,sizeof(this->ibus_data));
    ^~~~~~
C:\Keil_v5\ARM\ARMCLANG\bin\..\include\string.h:321:22: note: candidate function not viable: no known conversion from 'Struct_IBUS_Data' to 'void *' for 1st argument; take the address of the argument with &
extern _ARMABI void *memset(void * /*s*/, int /*c*/, size_t /*n*/) __attribute__((__nonnull__(1)));
                     ^
6 errors generated.

[2026-04-23 23:00:18]	[info] incremental build: 1 source files changed
These source files will be recompiled
---
'e:\2028-robot-r1 & r2 -yaokongqi\2026Robot-Wulin_R1_H7 - FS\Wulin_R1_H7\User_mid\mid_ibus.cpp': object (.o) file not exist

[2026-04-23 23:00:18]	compilation failed at : "e:\2028-robot-r1 & r2 -yaokongqi\2026Robot-Wulin_R1_H7 - FS\Wulin_R1_H7\User_mid\mid_ibus.cpp", exit code: 1
command: 
  "C:\Keil_v5\ARM\ARMCLANG\bin\armclang.exe" --target=arm-arm-none-eabi -c -xc++ -std=c++11 -I../Core/Inc -I../Drivers/STM32H7xx_HAL_Driver/Inc -I../Drivers/STM32H7xx_HAL_Driver/Inc/Legacy -I../Drivers/CMSIS/Device/ST/STM32H7xx/Include -I../Drivers/CMSIS/Include -I../Middlewares/ST/ARM/DSP/Inc -I../User_chariot/Chassis -I../User_drv -I../User_ita -I../User_tsk -I.cmsis/include -IRTE/_H723VGT6_Demo -I../User_chariot -I../User_chariot/KFS -I../User_alg -I../User_dvc -I../User_mid -D"USE_HAL_DRIVER" -D"STM32H723xx" -D"ARM_MATH_CM7" -mfloat-abi=hard -mfpu=fpv5-d16 -mcpu=cortex-m7 -mlittle-endian -O0 -ffunction-sections -funsigned-char -fshort-enums -fshort-wchar -fno-rtti -w -g -o ./build/H723VGT6_Demo/.obj/__/User_mid/mid_ibus.o -MMD ./../User_mid/mid_ibus.cpp
   at unify_builder.Program.Main(String[] args_)
---
In file included from ./../User_mid/mid_ibus.cpp:1:
../User_mid/mid_ibus.h:9:2: error: invalid preprocessing directive
#incldue "alg_fsm.h"
 ^
../User_mid/mid_ibus.h:44:30: error: expected class name
class Class_FSM_IBUS : public: Class_FSM
                             ^
../User_mid/mid_ibus.h:48:2: error: expected ';' after class
}
 ^
 ;
./../User_mid/mid_ibus.cpp:6:11: error: no member named 'state' in 'Class_IBUS'
    this->state = IBUS_STATE_SYNC0;
    ~~~~  ^
./../User_mid/mid_ibus.cpp:11:18: error: no member named 'rx_buffer' in 'Class_IBUS'; did you mean 'rxbuffer'?
    memset(this->rx_buffer ,0 ,sizeof(this->rxbuffer));
                 ^~~~~~~~~
                 rxbuffer
../User_mid/mid_ibus.h:73:13: note: 'rxbuffer' declared here
    uint8_t rxbuffer [IBUS_PACKET_SIZE];
            ^
./../User_mid/mid_ibus.cpp:12:5: error: no matching function for call to 'memset'
    memset(this->ibus_data , 0 ,sizeof(this->ibus_data));
    ^~~~~~
C:\Keil_v5\ARM\ARMCLANG\bin\..\include\string.h:321:22: note: candidate function not viable: no known conversion from 'Struct_IBUS_Data' to 'void *' for 1st argument; take the address of the argument with &
extern _ARMABI void *memset(void * /*s*/, int /*c*/, size_t /*n*/) __attribute__((__nonnull__(1)));
                     ^
6 errors generated.

[2026-04-23 23:00:44]	[info] incremental build: 1 source files changed
These source files will be recompiled
---
'e:\2028-robot-r1 & r2 -yaokongqi\2026Robot-Wulin_R1_H7 - FS\Wulin_R1_H7\User_mid\mid_ibus.cpp': object (.o) file not exist

[2026-04-23 23:00:45]	compilation failed at : "e:\2028-robot-r1 & r2 -yaokongqi\2026Robot-Wulin_R1_H7 - FS\Wulin_R1_H7\User_mid\mid_ibus.cpp", exit code: 1
command: 
  "C:\Keil_v5\ARM\ARMCLANG\bin\armclang.exe" --target=arm-arm-none-eabi -c -xc++ -std=c++11 -I../Core/Inc -I../Drivers/STM32H7xx_HAL_Driver/Inc -I../Drivers/STM32H7xx_HAL_Driver/Inc/Legacy -I../Drivers/CMSIS/Device/ST/STM32H7xx/Include -I../Drivers/CMSIS/Include -I../Middlewares/ST/ARM/DSP/Inc -I../User_chariot/Chassis -I../User_drv -I../User_ita -I../User_tsk -I.cmsis/include -IRTE/_H723VGT6_Demo -I../User_chariot -I../User_chariot/KFS -I../User_alg -I../User_dvc -I../User_mid -D"USE_HAL_DRIVER" -D"STM32H723xx" -D"ARM_MATH_CM7" -mfloat-abi=hard -mfpu=fpv5-d16 -mcpu=cortex-m7 -mlittle-endian -O0 -ffunction-sections -funsigned-char -fshort-enums -fshort-wchar -fno-rtti -w -g -o ./build/H723VGT6_Demo/.obj/__/User_mid/mid_ibus.o -MMD ./../User_mid/mid_ibus.cpp
   at unify_builder.Program.Main(String[] args_)
---
In file included from ./../User_mid/mid_ibus.cpp:1:
../User_mid/mid_ibus.h:9:2: error: invalid preprocessing directive
#incldue "alg_fsm.h"
 ^
../User_mid/mid_ibus.h:44:31: error: expected class name
class Class_FSM_IBUS : public Class_FSM
                              ^
../User_mid/mid_ibus.h:48:2: error: expected ';' after class
}
 ^
 ;
./../User_mid/mid_ibus.cpp:6:11: error: no member named 'state' in 'Class_IBUS'
    this->state = IBUS_STATE_SYNC0;
    ~~~~  ^
./../User_mid/mid_ibus.cpp:11:18: error: no member named 'rx_buffer' in 'Class_IBUS'; did you mean 'rxbuffer'?
    memset(this->rx_buffer ,0 ,sizeof(this->rxbuffer));
                 ^~~~~~~~~
                 rxbuffer
../User_mid/mid_ibus.h:73:13: note: 'rxbuffer' declared here
    uint8_t rxbuffer [IBUS_PACKET_SIZE];
            ^
./../User_mid/mid_ibus.cpp:12:5: error: no matching function for call to 'memset'
    memset(this->ibus_data , 0 ,sizeof(this->ibus_data));
    ^~~~~~
C:\Keil_v5\ARM\ARMCLANG\bin\..\include\string.h:321:22: note: candidate function not viable: no known conversion from 'Struct_IBUS_Data' to 'void *' for 1st argument; take the address of the argument with &
extern _ARMABI void *memset(void * /*s*/, int /*c*/, size_t /*n*/) __attribute__((__nonnull__(1)));
                     ^
6 errors generated.

[2026-04-23 23:01:26]	[info] incremental build: 1 source files changed
These source files will be recompiled
---
'e:\2028-robot-r1 & r2 -yaokongqi\2026Robot-Wulin_R1_H7 - FS\Wulin_R1_H7\User_mid\mid_ibus.cpp': object (.o) file not exist

[2026-04-23 23:01:27]	compilation failed at : "e:\2028-robot-r1 & r2 -yaokongqi\2026Robot-Wulin_R1_H7 - FS\Wulin_R1_H7\User_mid\mid_ibus.cpp", exit code: 1
command: 
  "C:\Keil_v5\ARM\ARMCLANG\bin\armclang.exe" --target=arm-arm-none-eabi -c -xc++ -std=c++11 -I../Core/Inc -I../Drivers/STM32H7xx_HAL_Driver/Inc -I../Drivers/STM32H7xx_HAL_Driver/Inc/Legacy -I../Drivers/CMSIS/Device/ST/STM32H7xx/Include -I../Drivers/CMSIS/Include -I../Middlewares/ST/ARM/DSP/Inc -I../User_chariot/Chassis -I../User_drv -I../User_ita -I../User_tsk -I.cmsis/include -IRTE/_H723VGT6_Demo -I../User_chariot -I../User_chariot/KFS -I../User_alg -I../User_dvc -I../User_mid -D"USE_HAL_DRIVER" -D"STM32H723xx" -D"ARM_MATH_CM7" -mfloat-abi=hard -mfpu=fpv5-d16 -mcpu=cortex-m7 -mlittle-endian -O0 -ffunction-sections -funsigned-char -fshort-enums -fshort-wchar -fno-rtti -w -g -o ./build/H723VGT6_Demo/.obj/__/User_mid/mid_ibus.o -MMD ./../User_mid/mid_ibus.cpp
   at unify_builder.Program.Main(String[] args_)
---
In file included from ./../User_mid/mid_ibus.cpp:1:
../User_mid/mid_ibus.h:48:2: error: expected ';' after class
}
 ^
 ;
./../User_mid/mid_ibus.cpp:6:11: error: no member named 'state' in 'Class_IBUS'
    this->state = IBUS_STATE_SYNC0;
    ~~~~  ^
./../User_mid/mid_ibus.cpp:11:18: error: no member named 'rx_buffer' in 'Class_IBUS'; did you mean 'rxbuffer'?
    memset(this->rx_buffer ,0 ,sizeof(this->rxbuffer));
                 ^~~~~~~~~
                 rxbuffer
../User_mid/mid_ibus.h:73:13: note: 'rxbuffer' declared here
    uint8_t rxbuffer [IBUS_PACKET_SIZE];
            ^
./../User_mid/mid_ibus.cpp:12:5: error: no matching function for call to 'memset'
    memset(this->ibus_data , 0 ,sizeof(this->ibus_data));
    ^~~~~~
C:\Keil_v5\ARM\ARMCLANG\bin\..\include\string.h:321:22: note: candidate function not viable: no known conversion from 'Struct_IBUS_Data' to 'void *' for 1st argument; take the address of the argument with &
extern _ARMABI void *memset(void * /*s*/, int /*c*/, size_t /*n*/) __attribute__((__nonnull__(1)));
                     ^
4 errors generated.

[2026-04-23 23:01:49]	[info] incremental build: 1 source files changed
These source files will be recompiled
---
'e:\2028-robot-r1 & r2 -yaokongqi\2026Robot-Wulin_R1_H7 - FS\Wulin_R1_H7\User_mid\mid_ibus.cpp': object (.o) file not exist

[2026-04-23 23:01:50]	compilation failed at : "e:\2028-robot-r1 & r2 -yaokongqi\2026Robot-Wulin_R1_H7 - FS\Wulin_R1_H7\User_mid\mid_ibus.cpp", exit code: 1
command: 
  "C:\Keil_v5\ARM\ARMCLANG\bin\armclang.exe" --target=arm-arm-none-eabi -c -xc++ -std=c++11 -I../Core/Inc -I../Drivers/STM32H7xx_HAL_Driver/Inc -I../Drivers/STM32H7xx_HAL_Driver/Inc/Legacy -I../Drivers/CMSIS/Device/ST/STM32H7xx/Include -I../Drivers/CMSIS/Include -I../Middlewares/ST/ARM/DSP/Inc -I../User_chariot/Chassis -I../User_drv -I../User_ita -I../User_tsk -I.cmsis/include -IRTE/_H723VGT6_Demo -I../User_chariot -I../User_chariot/KFS -I../User_alg -I../User_dvc -I../User_mid -D"USE_HAL_DRIVER" -D"STM32H723xx" -D"ARM_MATH_CM7" -mfloat-abi=hard -mfpu=fpv5-d16 -mcpu=cortex-m7 -mlittle-endian -O0 -ffunction-sections -funsigned-char -fshort-enums -fshort-wchar -fno-rtti -w -g -o ./build/H723VGT6_Demo/.obj/__/User_mid/mid_ibus.o -MMD ./../User_mid/mid_ibus.cpp
   at unify_builder.Program.Main(String[] args_)
---
./../User_mid/mid_ibus.cpp:6:11: error: no member named 'state' in 'Class_IBUS'
    this->state = IBUS_STATE_SYNC0;
    ~~~~  ^
./../User_mid/mid_ibus.cpp:11:18: error: no member named 'rx_buffer' in 'Class_IBUS'; did you mean 'rxbuffer'?
    memset(this->rx_buffer ,0 ,sizeof(this->rxbuffer));
                 ^~~~~~~~~
                 rxbuffer
../User_mid/mid_ibus.h:73:13: note: 'rxbuffer' declared here
    uint8_t rxbuffer [IBUS_PACKET_SIZE];
            ^
./../User_mid/mid_ibus.cpp:12:5: error: no matching function for call to 'memset'
    memset(this->ibus_data , 0 ,sizeof(this->ibus_data));
    ^~~~~~
C:\Keil_v5\ARM\ARMCLANG\bin\..\include\string.h:321:22: note: candidate function not viable: no known conversion from 'Struct_IBUS_Data' to 'void *' for 1st argument; take the address of the argument with &
extern _ARMABI void *memset(void * /*s*/, int /*c*/, size_t /*n*/) __attribute__((__nonnull__(1)));
                     ^
3 errors generated.

[2026-04-23 23:04:47]	[info] incremental build: 1 source files changed
These source files will be recompiled
---
'e:\2028-robot-r1 & r2 -yaokongqi\2026Robot-Wulin_R1_H7 - FS\Wulin_R1_H7\User_mid\mid_ibus.cpp': object (.o) file not exist

[2026-04-23 23:04:49]	[done]
	build successfully !

[2026-04-23 23:09:52]	[info] incremental build: 2 source files changed
These source files will be recompiled
---
'e:\2028-robot-r1 & r2 -yaokongqi\2026Robot-Wulin_R1_H7 - FS\Wulin_R1_H7\User_dvc\dvc_fsI6x.cpp': dependence 'e:\2028-robot-r1 & r2 -yaokongqi\2026Robot-Wulin_R1_H7 - FS\Wulin_R1_H7\MDK-ARM\..\User_dvc\dvc_fsI6x.h' has been changed.
'e:\2028-robot-r1 & r2 -yaokongqi\2026Robot-Wulin_R1_H7 - FS\Wulin_R1_H7\User_mid\mid_ibus.cpp': source file has been changed.

[2026-04-23 23:09:52]	compilation failed at : "e:\2028-robot-r1 & r2 -yaokongqi\2026Robot-Wulin_R1_H7 - FS\Wulin_R1_H7\User_mid\mid_ibus.cpp", exit code: 1
command: 
  "C:\Keil_v5\ARM\ARMCLANG\bin\armclang.exe" --target=arm-arm-none-eabi -c -xc++ -std=c++11 -I../Core/Inc -I../Drivers/STM32H7xx_HAL_Driver/Inc -I../Drivers/STM32H7xx_HAL_Driver/Inc/Legacy -I../Drivers/CMSIS/Device/ST/STM32H7xx/Include -I../Drivers/CMSIS/Include -I../Middlewares/ST/ARM/DSP/Inc -I../User_chariot/Chassis -I../User_drv -I../User_ita -I../User_tsk -I.cmsis/include -IRTE/_H723VGT6_Demo -I../User_chariot -I../User_chariot/KFS -I../User_alg -I../User_dvc -I../User_mid -D"USE_HAL_DRIVER" -D"STM32H723xx" -D"ARM_MATH_CM7" -mfloat-abi=hard -mfpu=fpv5-d16 -mcpu=cortex-m7 -mlittle-endian -O0 -ffunction-sections -funsigned-char -fshort-enums -fshort-wchar -fno-rtti -w -g -o ./build/H723VGT6_Demo/.obj/__/User_mid/mid_ibus.o -MMD ./../User_mid/mid_ibus.cpp
   at unify_builder.Program.Main(String[] args_)
---
./../User_mid/mid_ibus.cpp:22:12: error: use of undeclared identifier 'Now_Status_Serial'
    switch(Now_Status_Serial)
           ^
1 error generated.

[2026-04-24 00:05:07]	[info] incremental build: 2 source files changed
These source files will be recompiled
---
'e:\2028-robot-r1 & r2 -yaokongqi\2026Robot-Wulin_R1_H7 - FS\Wulin_R1_H7\User_dvc\dvc_fsI6x.cpp': source file has been changed.
'e:\2028-robot-r1 & r2 -yaokongqi\2026Robot-Wulin_R1_H7 - FS\Wulin_R1_H7\User_mid\mid_ibus.cpp': object (.o) file not exist

[2026-04-24 00:05:09]	compilation failed at : "e:\2028-robot-r1 & r2 -yaokongqi\2026Robot-Wulin_R1_H7 - FS\Wulin_R1_H7\User_mid\mid_ibus.cpp", exit code: 1
command: 
  "C:\Keil_v5\ARM\ARMCLANG\bin\armclang.exe" --target=arm-arm-none-eabi -c -xc++ -std=c++11 -I../Core/Inc -I../Drivers/STM32H7xx_HAL_Driver/Inc -I../Drivers/STM32H7xx_HAL_Driver/Inc/Legacy -I../Drivers/CMSIS/Device/ST/STM32H7xx/Include -I../Drivers/CMSIS/Include -I../Middlewares/ST/ARM/DSP/Inc -I../User_chariot/Chassis -I../User_drv -I../User_ita -I../User_tsk -I.cmsis/include -IRTE/_H723VGT6_Demo -I../User_chariot -I../User_chariot/KFS -I../User_alg -I../User_dvc -I../User_mid -D"USE_HAL_DRIVER" -D"STM32H723xx" -D"ARM_MATH_CM7" -mfloat-abi=hard -mfpu=fpv5-d16 -mcpu=cortex-m7 -mlittle-endian -O0 -ffunction-sections -funsigned-char -fshort-enums -fshort-wchar -fno-rtti -w -g -o ./build/H723VGT6_Demo/.obj/__/User_mid/mid_ibus.o -MMD ./../User_mid/mid_ibus.cpp
   at unify_builder.Program.Main(String[] args_)
---
./../User_mid/mid_ibus.cpp:49:59: error: expected expression
            if(this->buffer_index >= IBUS_PACKET_SIZE - 2;)
                                                          ^
./../User_mid/mid_ibus.cpp:62:53: error: no member named 'rx_buffer' in 'Class_IBUS'; did you mean 'rxbuffer'?
                uint16_t received_checksum = (this->rx_buffer[IBUS_PACKET_SIZE - 1] << 8) 
                                                    ^~~~~~~~~
                                                    rxbuffer
../User_mid/mid_ibus.h:75:13: note: 'rxbuffer' declared here
    uint8_t rxbuffer [IBUS_PACKET_SIZE];
            ^
./../User_mid/mid_ibus.cpp:63:25: error: no member named 'rx_buffer' in 'Class_IBUS'; did you mean 'rxbuffer'?
                | this->rx_buffer[IBUS_PACKET_SIZE - 2];
                        ^~~~~~~~~
                        rxbuffer
../User_mid/mid_ibus.h:75:13: note: 'rxbuffer' declared here
    uint8_t rxbuffer [IBUS_PACKET_SIZE];
            ^
./../User_mid/mid_ibus.cpp:99:19: error: out-of-line definition of 'Process_Data' does not match any declaration in 'Class_IBUS'
void Class_IBUS:: Process_Data(uint8_t * data)
                  ^~~~~~~~~~~~
./../User_mid/mid_ibus.cpp:107:22: error: out-of-line definition of 'GetChannel' does not match any declaration in 'Class_IBUS'; did you mean 'Get_Channel'?
uint16_t Class_IBUS::GetChannel(uint8_t channel) {
                     ^~~~~~~~~~
                     Get_Channel
../User_mid/mid_ibus.h:61:14: note: 'Get_Channel' declared here
    uint16_t Get_Channel(uint8_t channel);
             ^
./../User_mid/mid_ibus.cpp:114:30: error: out-of-line definition of 'GetAllChannels' does not match any declaration in 'Class_IBUS'; did you mean 'Get_AllChannels'?
Struct_IBUS_Data Class_IBUS::GetAllChannels() {
                             ^~~~~~~~~~~~~~
                             Get_AllChannels
../User_mid/mid_ibus.h:63:22: note: 'Get_AllChannels' declared here
    Struct_IBUS_Data Get_AllChannels();
                     ^
./../User_mid/mid_ibus.cpp:118:18: error: out-of-line definition of 'GetFailsafeStatus' does not match any declaration in 'Class_IBUS'; did you mean 'Get_FailsafeStatus'?
bool Class_IBUS::GetFailsafeStatus() {
                 ^~~~~~~~~~~~~~~~~
                 Get_FailsafeStatus
../User_mid/mid_ibus.h:65:10: note: 'Get_FailsafeStatus' declared here
    bool Get_FailsafeStatus();
         ^
./../User_mid/mid_ibus.cpp:128:18: error: no member named 'rx_buffer' in 'Class_IBUS'; did you mean 'rxbuffer'?
    memset(this->rx_buffer, 0, sizeof(this->rx_buffer));
                 ^~~~~~~~~
                 rxbuffer
../User_mid/mid_ibus.h:75:13: note: 'rxbuffer' declared here
    uint8_t rxbuffer [IBUS_PACKET_SIZE];
            ^
./../User_mid/mid_ibus.cpp:128:45: error: no member named 'rx_buffer' in 'Class_IBUS'; did you mean 'rxbuffer'?
    memset(this->rx_buffer, 0, sizeof(this->rx_buffer));
                                            ^~~~~~~~~
                                            rxbuffer
../User_mid/mid_ibus.h:75:13: note: 'rxbuffer' declared here
    uint8_t rxbuffer [IBUS_PACKET_SIZE];
            ^
9 errors generated.

[2026-04-24 00:05:30]	[info] incremental build: 1 source files changed
These source files will be recompiled
---
'e:\2028-robot-r1 & r2 -yaokongqi\2026Robot-Wulin_R1_H7 - FS\Wulin_R1_H7\User_mid\mid_ibus.cpp': object (.o) file not exist

[2026-04-24 00:05:30]	compilation failed at : "e:\2028-robot-r1 & r2 -yaokongqi\2026Robot-Wulin_R1_H7 - FS\Wulin_R1_H7\User_mid\mid_ibus.cpp", exit code: 1
command: 
  "C:\Keil_v5\ARM\ARMCLANG\bin\armclang.exe" --target=arm-arm-none-eabi -c -xc++ -std=c++11 -I../Core/Inc -I../Drivers/STM32H7xx_HAL_Driver/Inc -I../Drivers/STM32H7xx_HAL_Driver/Inc/Legacy -I../Drivers/CMSIS/Device/ST/STM32H7xx/Include -I../Drivers/CMSIS/Include -I../Middlewares/ST/ARM/DSP/Inc -I../User_chariot/Chassis -I../User_drv -I../User_ita -I../User_tsk -I.cmsis/include -IRTE/_H723VGT6_Demo -I../User_chariot -I../User_chariot/KFS -I../User_alg -I../User_dvc -I../User_mid -D"USE_HAL_DRIVER" -D"STM32H723xx" -D"ARM_MATH_CM7" -mfloat-abi=hard -mfpu=fpv5-d16 -mcpu=cortex-m7 -mlittle-endian -O0 -ffunction-sections -funsigned-char -fshort-enums -fshort-wchar -fno-rtti -w -g -o ./build/H723VGT6_Demo/.obj/__/User_mid/mid_ibus.o -MMD ./../User_mid/mid_ibus.cpp
   at unify_builder.Program.Main(String[] args_)
---
./../User_mid/mid_ibus.cpp:49:59: error: expected expression
            if(this->buffer_index >= IBUS_PACKET_SIZE - 2;)
                                                          ^
./../User_mid/mid_ibus.cpp:62:53: error: no member named 'rx_buffer' in 'Class_IBUS'; did you mean 'rxbuffer'?
                uint16_t received_checksum = (this->rx_buffer[IBUS_PACKET_SIZE - 1] << 8) 
                                                    ^~~~~~~~~
                                                    rxbuffer
../User_mid/mid_ibus.h:75:13: note: 'rxbuffer' declared here
    uint8_t rxbuffer [IBUS_PACKET_SIZE];
            ^
./../User_mid/mid_ibus.cpp:63:25: error: no member named 'rx_buffer' in 'Class_IBUS'; did you mean 'rxbuffer'?
                | this->rx_buffer[IBUS_PACKET_SIZE - 2];
                        ^~~~~~~~~
                        rxbuffer
../User_mid/mid_ibus.h:75:13: note: 'rxbuffer' declared here
    uint8_t rxbuffer [IBUS_PACKET_SIZE];
            ^
./../User_mid/mid_ibus.cpp:99:19: error: out-of-line definition of 'Process_Data' does not match any declaration in 'Class_IBUS'
void Class_IBUS:: Process_Data(uint8_t * data)
                  ^~~~~~~~~~~~
./../User_mid/mid_ibus.cpp:107:22: error: out-of-line definition of 'GetChannel' does not match any declaration in 'Class_IBUS'; did you mean 'Get_Channel'?
uint16_t Class_IBUS::GetChannel(uint8_t channel) {
                     ^~~~~~~~~~
                     Get_Channel
../User_mid/mid_ibus.h:61:14: note: 'Get_Channel' declared here
    uint16_t Get_Channel(uint8_t channel);
             ^
./../User_mid/mid_ibus.cpp:114:30: error: out-of-line definition of 'GetAllChannels' does not match any declaration in 'Class_IBUS'; did you mean 'Get_AllChannels'?
Struct_IBUS_Data Class_IBUS::GetAllChannels() {
                             ^~~~~~~~~~~~~~
                             Get_AllChannels
../User_mid/mid_ibus.h:63:22: note: 'Get_AllChannels' declared here
    Struct_IBUS_Data Get_AllChannels();
                     ^
./../User_mid/mid_ibus.cpp:118:18: error: out-of-line definition of 'GetFailsafeStatus' does not match any declaration in 'Class_IBUS'; did you mean 'Get_FailsafeStatus'?
bool Class_IBUS::GetFailsafeStatus() {
                 ^~~~~~~~~~~~~~~~~
                 Get_FailsafeStatus
../User_mid/mid_ibus.h:65:10: note: 'Get_FailsafeStatus' declared here
    bool Get_FailsafeStatus();
         ^
7 errors generated.

[2026-04-24 00:05:59]	[info] incremental build: 1 source files changed
These source files will be recompiled
---
'e:\2028-robot-r1 & r2 -yaokongqi\2026Robot-Wulin_R1_H7 - FS\Wulin_R1_H7\User_mid\mid_ibus.cpp': object (.o) file not exist

[2026-04-24 00:06:00]	compilation failed at : "e:\2028-robot-r1 & r2 -yaokongqi\2026Robot-Wulin_R1_H7 - FS\Wulin_R1_H7\User_mid\mid_ibus.cpp", exit code: 1
command: 
  "C:\Keil_v5\ARM\ARMCLANG\bin\armclang.exe" --target=arm-arm-none-eabi -c -xc++ -std=c++11 -I../Core/Inc -I../Drivers/STM32H7xx_HAL_Driver/Inc -I../Drivers/STM32H7xx_HAL_Driver/Inc/Legacy -I../Drivers/CMSIS/Device/ST/STM32H7xx/Include -I../Drivers/CMSIS/Include -I../Middlewares/ST/ARM/DSP/Inc -I../User_chariot/Chassis -I../User_drv -I../User_ita -I../User_tsk -I.cmsis/include -IRTE/_H723VGT6_Demo -I../User_chariot -I../User_chariot/KFS -I../User_alg -I../User_dvc -I../User_mid -D"USE_HAL_DRIVER" -D"STM32H723xx" -D"ARM_MATH_CM7" -mfloat-abi=hard -mfpu=fpv5-d16 -mcpu=cortex-m7 -mlittle-endian -O0 -ffunction-sections -funsigned-char -fshort-enums -fshort-wchar -fno-rtti -w -g -o ./build/H723VGT6_Demo/.obj/__/User_mid/mid_ibus.o -MMD ./../User_mid/mid_ibus.cpp
   at unify_builder.Program.Main(String[] args_)
---
./../User_mid/mid_ibus.cpp:62:53: error: no member named 'rx_buffer' in 'Class_IBUS'; did you mean 'rxbuffer'?
                uint16_t received_checksum = (this->rx_buffer[IBUS_PACKET_SIZE - 1] << 8) 
                                                    ^~~~~~~~~
                                                    rxbuffer
../User_mid/mid_ibus.h:75:13: note: 'rxbuffer' declared here
    uint8_t rxbuffer [IBUS_PACKET_SIZE];
            ^
./../User_mid/mid_ibus.cpp:63:25: error: no member named 'rx_buffer' in 'Class_IBUS'; did you mean 'rxbuffer'?
                | this->rx_buffer[IBUS_PACKET_SIZE - 2];
                        ^~~~~~~~~
                        rxbuffer
../User_mid/mid_ibus.h:75:13: note: 'rxbuffer' declared here
    uint8_t rxbuffer [IBUS_PACKET_SIZE];
            ^
./../User_mid/mid_ibus.cpp:99:19: error: out-of-line definition of 'Process_Data' does not match any declaration in 'Class_IBUS'
void Class_IBUS:: Process_Data(uint8_t * data)
                  ^~~~~~~~~~~~
./../User_mid/mid_ibus.cpp:107:22: error: out-of-line definition of 'GetChannel' does not match any declaration in 'Class_IBUS'; did you mean 'Get_Channel'?
uint16_t Class_IBUS::GetChannel(uint8_t channel) {
                     ^~~~~~~~~~
                     Get_Channel
../User_mid/mid_ibus.h:61:14: note: 'Get_Channel' declared here
    uint16_t Get_Channel(uint8_t channel);
             ^
./../User_mid/mid_ibus.cpp:114:30: error: out-of-line definition of 'GetAllChannels' does not match any declaration in 'Class_IBUS'; did you mean 'Get_AllChannels'?
Struct_IBUS_Data Class_IBUS::GetAllChannels() {
                             ^~~~~~~~~~~~~~
                             Get_AllChannels
../User_mid/mid_ibus.h:63:22: note: 'Get_AllChannels' declared here
    Struct_IBUS_Data Get_AllChannels();
                     ^
./../User_mid/mid_ibus.cpp:118:18: error: out-of-line definition of 'GetFailsafeStatus' does not match any declaration in 'Class_IBUS'; did you mean 'Get_FailsafeStatus'?
bool Class_IBUS::GetFailsafeStatus() {
                 ^~~~~~~~~~~~~~~~~
                 Get_FailsafeStatus
../User_mid/mid_ibus.h:65:10: note: 'Get_FailsafeStatus' declared here
    bool Get_FailsafeStatus();
         ^
6 errors generated.

[2026-04-24 00:06:55]	[info] incremental build: 1 source files changed
These source files will be recompiled
---
'e:\2028-robot-r1 & r2 -yaokongqi\2026Robot-Wulin_R1_H7 - FS\Wulin_R1_H7\User_mid\mid_ibus.cpp': object (.o) file not exist

[2026-04-24 00:06:55]	compilation failed at : "e:\2028-robot-r1 & r2 -yaokongqi\2026Robot-Wulin_R1_H7 - FS\Wulin_R1_H7\User_mid\mid_ibus.cpp", exit code: 1
command: 
  "C:\Keil_v5\ARM\ARMCLANG\bin\armclang.exe" --target=arm-arm-none-eabi -c -xc++ -std=c++11 -I../Core/Inc -I../Drivers/STM32H7xx_HAL_Driver/Inc -I../Drivers/STM32H7xx_HAL_Driver/Inc/Legacy -I../Drivers/CMSIS/Device/ST/STM32H7xx/Include -I../Drivers/CMSIS/Include -I../Middlewares/ST/ARM/DSP/Inc -I../User_chariot/Chassis -I../User_drv -I../User_ita -I../User_tsk -I.cmsis/include -IRTE/_H723VGT6_Demo -I../User_chariot -I../User_chariot/KFS -I../User_alg -I../User_dvc -I../User_mid -D"USE_HAL_DRIVER" -D"STM32H723xx" -D"ARM_MATH_CM7" -mfloat-abi=hard -mfpu=fpv5-d16 -mcpu=cortex-m7 -mlittle-endian -O0 -ffunction-sections -funsigned-char -fshort-enums -fshort-wchar -fno-rtti -w -g -o ./build/H723VGT6_Demo/.obj/__/User_mid/mid_ibus.o -MMD ./../User_mid/mid_ibus.cpp
   at unify_builder.Program.Main(String[] args_)
---
./../User_mid/mid_ibus.cpp:62:53: error: no member named 'rx_buffer' in 'Class_IBUS'; did you mean 'rxbuffer'?
                uint16_t received_checksum = (this->rx_buffer[IBUS_PACKET_SIZE - 1] << 8) 
                                                    ^~~~~~~~~
                                                    rxbuffer
../User_mid/mid_ibus.h:75:13: note: 'rxbuffer' declared here
    uint8_t rxbuffer [IBUS_PACKET_SIZE];
            ^
./../User_mid/mid_ibus.cpp:63:25: error: no member named 'rx_buffer' in 'Class_IBUS'; did you mean 'rxbuffer'?
                | this->rx_buffer[IBUS_PACKET_SIZE - 2];
                        ^~~~~~~~~
                        rxbuffer
../User_mid/mid_ibus.h:75:13: note: 'rxbuffer' declared here
    uint8_t rxbuffer [IBUS_PACKET_SIZE];
            ^
2 errors generated.

[2026-04-24 00:07:20]	[info] incremental build: 1 source files changed
These source files will be recompiled
---
'e:\2028-robot-r1 & r2 -yaokongqi\2026Robot-Wulin_R1_H7 - FS\Wulin_R1_H7\User_mid\mid_ibus.cpp': object (.o) file not exist

[2026-04-24 00:07:24]	[done]
	build successfully !

[2026-04-24 00:12:16]	[info] incremental build: 1 source files changed
These source files will be recompiled
---
'e:\2028-robot-r1 & r2 -yaokongqi\2026Robot-Wulin_R1_H7 - FS\Wulin_R1_H7\User_dvc\dvc_fsI6x.cpp': source file has been changed.

[2026-04-24 00:12:17]	[done]
	build successfully !

[2026-04-24 00:12:19]	[done]
	build successfully !

[2026-04-24 00:15:55]	[info] incremental build: 1 source files changed
These source files will be recompiled
---
'e:\2028-robot-r1 & r2 -yaokongqi\2026Robot-Wulin_R1_H7 - FS\Wulin_R1_H7\User_dvc\dvc_fsI6x.cpp': source file has been changed.

[2026-04-24 00:15:56]	compilation failed at : "e:\2028-robot-r1 & r2 -yaokongqi\2026Robot-Wulin_R1_H7 - FS\Wulin_R1_H7\User_dvc\dvc_fsI6x.cpp", exit code: 1
command: 
  "C:\Keil_v5\ARM\ARMCLANG\bin\armclang.exe" --target=arm-arm-none-eabi -c -xc++ -std=c++11 -I../Core/Inc -I../Drivers/STM32H7xx_HAL_Driver/Inc -I../Drivers/STM32H7xx_HAL_Driver/Inc/Legacy -I../Drivers/CMSIS/Device/ST/STM32H7xx/Include -I../Drivers/CMSIS/Include -I../Middlewares/ST/ARM/DSP/Inc -I../User_chariot/Chassis -I../User_drv -I../User_ita -I../User_tsk -I.cmsis/include -IRTE/_H723VGT6_Demo -I../User_chariot -I../User_chariot/KFS -I../User_alg -I../User_dvc -I../User_mid -D"USE_HAL_DRIVER" -D"STM32H723xx" -D"ARM_MATH_CM7" -mfloat-abi=hard -mfpu=fpv5-d16 -mcpu=cortex-m7 -mlittle-endian -O0 -ffunction-sections -funsigned-char -fshort-enums -fshort-wchar -fno-rtti -w -g -o ./build/H723VGT6_Demo/.obj/__/User_dvc/dvc_fsI6x.o -MMD ./../User_dvc/dvc_fsI6x.cpp
   at unify_builder.Program.Main(String[] args_)
---
./../User_dvc/dvc_fsI6x.cpp:149:16: error: no member named 'ProcessData' in 'Class_IBUS'
   ibus_parser.ProcessData(data, length);
   ~~~~~~~~~~~ ^
./../User_dvc/dvc_fsI6x.cpp:149:28: error: use of undeclared identifier 'data'
   ibus_parser.ProcessData(data, length);
                           ^
./../User_dvc/dvc_fsI6x.cpp:149:34: error: use of undeclared identifier 'length'
   ibus_parser.ProcessData(data, length);
                                 ^
./../User_dvc/dvc_fsI6x.cpp:152:21: error: no member named 'GetFailsafeStatus' in 'Class_IBUS'; did you mean 'Get_FailsafeStatus'?
    if (ibus_parser.GetFailsafeStatus() == false) {
                    ^~~~~~~~~~~~~~~~~
                    Get_FailsafeStatus
../User_mid\mid_ibus.h:65:10: note: 'Get_FailsafeStatus' declared here
    bool Get_FailsafeStatus();
         ^
./../User_dvc/dvc_fsI6x.cpp:154:50: error: no member named 'GetChannel' in 'Class_IBUS'; did you mean 'Get_Channel'?
        Now_UART_Rx_Data.Channel_1 = ibus_parser.GetChannel(0);   // ÓÒÒ¡¸Ë×óÓÒ
                                                 ^~~~~~~~~~
                                                 Get_Channel
../User_mid\mid_ibus.h:61:14: note: 'Get_Channel' declared here
    uint16_t Get_Channel(uint8_t channel);
             ^
./../User_dvc/dvc_fsI6x.cpp:155:50: error: no member named 'GetChannel' in 'Class_IBUS'; did you mean 'Get_Channel'?
        Now_UART_Rx_Data.Channel_2 = ibus_parser.GetChannel(1);   // ÓÒÒ¡¸ËÉÏÏÂ
                                                 ^~~~~~~~~~
                                                 Get_Channel
../User_mid\mid_ibus.h:61:14: note: 'Get_Channel' declared here
    uint16_t Get_Channel(uint8_t channel);
             ^
./../User_dvc/dvc_fsI6x.cpp:156:50: error: no member named 'GetChannel' in 'Class_IBUS'; did you mean 'Get_Channel'?
        Now_UART_Rx_Data.Channel_3 = ibus_parser.GetChannel(2);   // ×óÒ¡¸ËÉÏÏÂ
                                                 ^~~~~~~~~~
                                                 Get_Channel
../User_mid\mid_ibus.h:61:14: note: 'Get_Channel' declared here
    uint16_t Get_Channel(uint8_t channel);
             ^
./../User_dvc/dvc_fsI6x.cpp:157:50: error: no member named 'GetChannel' in 'Class_IBUS'; did you mean 'Get_Channel'?
        Now_UART_Rx_Data.Channel_4 = ibus_parser.GetChannel(3);   // ×óÒ¡¸Ë×óÓÒ
                                                 ^~~~~~~~~~
                                                 Get_Channel
../User_mid\mid_ibus.h:61:14: note: 'Get_Channel' declared here
    uint16_t Get_Channel(uint8_t channel);
             ^
./../User_dvc/dvc_fsI6x.cpp:160:51: error: no member named 'GetChannel' in 'Class_IBUS'; did you mean 'Get_Channel'?
        Now_UART_Rx_Data.SA_Switch = (ibus_parser.GetChannel(4) > 1500) ? 1 : 0;
                                                  ^~~~~~~~~~
                                                  Get_Channel
../User_mid\mid_ibus.h:61:14: note: 'Get_Channel' declared here
    uint16_t Get_Channel(uint8_t channel);
             ^
./../User_dvc/dvc_fsI6x.cpp:161:51: error: no member named 'GetChannel' in 'Class_IBUS'; did you mean 'Get_Channel'?
        Now_UART_Rx_Data.SB_Switch = (ibus_parser.GetChannel(5) > 1500) ? 1 : 0;
                                                  ^~~~~~~~~~
                                                  Get_Channel
../User_mid\mid_ibus.h:61:14: note: 'Get_Channel' declared here
    uint16_t Get_Channel(uint8_t channel);
             ^
./../User_dvc/dvc_fsI6x.cpp:162:51: error: no member named 'GetChannel' in 'Class_IBUS'; did you mean 'Get_Channel'?
        Now_UART_Rx_Data.SC_Switch = (ibus_parser.GetChannel(6) > 1500) ? 2 : ((ibus_parser.GetChannel(6) > 1000) ? 1 : 0);
                                                  ^~~~~~~~~~
                                                  Get_Channel
../User_mid\mid_ibus.h:61:14: note: 'Get_Channel' declared here
    uint16_t Get_Channel(uint8_t channel);
             ^
./../User_dvc/dvc_fsI6x.cpp:162:93: error: no member named 'GetChannel' in 'Class_IBUS'; did you mean 'Get_Channel'?
        Now_UART_Rx_Data.SC_Switch = (ibus_parser.GetChannel(6) > 1500) ? 2 : ((ibus_parser.GetChannel(6) > 1000) ? 1 : 0);
                                                                                            ^~~~~~~~~~
                                                                                            Get_Channel
../User_mid\mid_ibus.h:61:14: note: 'Get_Channel' declared here
    uint16_t Get_Channel(uint8_t channel);
             ^
./../User_dvc/dvc_fsI6x.cpp:163:51: error: no member named 'GetChannel' in 'Class_IBUS'; did you mean 'Get_Channel'?
        Now_UART_Rx_Data.SD_Switch = (ibus_parser.GetChannel(7) > 1500) ? 1 : 0;
                                                  ^~~~~~~~~~
                                                  Get_Channel
../User_mid\mid_ibus.h:61:14: note: 'Get_Channel' declared here
    uint16_t Get_Channel(uint8_t channel);
             ^
13 errors generated.

[2026-04-24 00:24:27]	[info] incremental build: 1 source files changed
These source files will be recompiled
---
'e:\2028-robot-r1 & r2 -yaokongqi\2026Robot-Wulin_R1_H7 - FS\Wulin_R1_H7\User_dvc\dvc_fsI6x.cpp': object (.o) file not exist

[2026-04-24 00:24:29]	[done]
	build successfully !

[2026-04-24 00:26:18]	[done]
	build successfully !

[2026-04-24 01:06:03]	[info] incremental build: 2 source files changed
These source files will be recompiled
---
'e:\2028-robot-r1 & r2 -yaokongqi\2026Robot-Wulin_R1_H7 - FS\Wulin_R1_H7\User_dvc\dvc_fsI6x.cpp': source file has been changed.
'e:\2028-robot-r1 & r2 -yaokongqi\2026Robot-Wulin_R1_H7 - FS\Wulin_R1_H7\User_mid\mid_ibus.cpp': source file has been changed.

[2026-04-24 01:06:04]	compilation failed at : "e:\2028-robot-r1 & r2 -yaokongqi\2026Robot-Wulin_R1_H7 - FS\Wulin_R1_H7\User_dvc\dvc_fsI6x.cpp", exit code: 1
command: 
  "C:\Keil_v5\ARM\ARMCLANG\bin\armclang.exe" --target=arm-arm-none-eabi -c -xc++ -std=c++11 -I../Core/Inc -I../Drivers/STM32H7xx_HAL_Driver/Inc -I../Drivers/STM32H7xx_HAL_Driver/Inc/Legacy -I../Drivers/CMSIS/Device/ST/STM32H7xx/Include -I../Drivers/CMSIS/Include -I../Middlewares/ST/ARM/DSP/Inc -I../User_chariot/Chassis -I../User_drv -I../User_ita -I../User_tsk -I.cmsis/include -IRTE/_H723VGT6_Demo -I../User_chariot -I../User_chariot/KFS -I../User_alg -I../User_dvc -I../User_mid -D"USE_HAL_DRIVER" -D"STM32H723xx" -D"ARM_MATH_CM7" -mfloat-abi=hard -mfpu=fpv5-d16 -mcpu=cortex-m7 -mlittle-endian -O0 -ffunction-sections -funsigned-char -fshort-enums -fshort-wchar -fno-rtti -w -g -o ./build/H723VGT6_Demo/.obj/__/User_dvc/dvc_fsI6x.o -MMD ./../User_dvc/dvc_fsI6x.cpp
   at unify_builder.Program.Main(String[] args_)
---
In file included from ./../User_dvc/dvc_fsI6x.cpp:1:
../User_dvc/dvc_fsI6x.h:302:1: error: unterminated /* comment
/************************ COPYRIGHT(C) UST
^
1 error generated.

[2026-04-24 01:06:39]	[info] incremental build: 2 source files changed
These source files will be recompiled
---
'e:\2028-robot-r1 & r2 -yaokongqi\2026Robot-Wulin_R1_H7 - FS\Wulin_R1_H7\User_dvc\dvc_fsI6x.cpp': object (.o) file not exist
'e:\2028-robot-r1 & r2 -yaokongqi\2026Robot-Wulin_R1_H7 - FS\Wulin_R1_H7\User_mid\mid_ibus.cpp': source file has been changed.

[2026-04-24 01:06:40]	compilation failed at : "e:\2028-robot-r1 & r2 -yaokongqi\2026Robot-Wulin_R1_H7 - FS\Wulin_R1_H7\User_dvc\dvc_fsI6x.cpp", exit code: 1
command: 
  "C:\Keil_v5\ARM\ARMCLANG\bin\armclang.exe" --target=arm-arm-none-eabi -c -xc++ -std=c++11 -I../Core/Inc -I../Drivers/STM32H7xx_HAL_Driver/Inc -I../Drivers/STM32H7xx_HAL_Driver/Inc/Legacy -I../Drivers/CMSIS/Device/ST/STM32H7xx/Include -I../Drivers/CMSIS/Include -I../Middlewares/ST/ARM/DSP/Inc -I../User_chariot/Chassis -I../User_drv -I../User_ita -I../User_tsk -I.cmsis/include -IRTE/_H723VGT6_Demo -I../User_chariot -I../User_chariot/KFS -I../User_alg -I../User_dvc -I../User_mid -D"USE_HAL_DRIVER" -D"STM32H723xx" -D"ARM_MATH_CM7" -mfloat-abi=hard -mfpu=fpv5-d16 -mcpu=cortex-m7 -mlittle-endian -O0 -ffunction-sections -funsigned-char -fshort-enums -fshort-wchar -fno-rtti -w -g -o ./build/H723VGT6_Demo/.obj/__/User_dvc/dvc_fsI6x.o -MMD ./../User_dvc/dvc_fsI6x.cpp
   at unify_builder.Program.Main(String[] args_)
---
In file included from ./../User_dvc/dvc_fsI6x.cpp:1:
../User_dvc/dvc_fsI6x.h:303:2: error: #endif without #if
#endif
 ^
../User_dvc/dvc_fsI6x.h:304:2: error: #endif without #if
#endif
 ^
2 errors generated.

[2026-04-24 01:10:42]	[info] incremental build: 2 source files changed
These source files will be recompiled
---
'e:\2028-robot-r1 & r2 -yaokongqi\2026Robot-Wulin_R1_H7 - FS\Wulin_R1_H7\User_dvc\dvc_fsI6x.cpp': object (.o) file not exist
'e:\2028-robot-r1 & r2 -yaokongqi\2026Robot-Wulin_R1_H7 - FS\Wulin_R1_H7\User_mid\mid_ibus.cpp': source file has been changed.

[2026-04-24 01:10:44]	[done]
	build successfully !

[2026-04-24 01:11:58]	[done]
	build successfully !

[2026-04-24 01:20:30]	[info] incremental build: 2 source files changed
These source files will be recompiled
---
'e:\2028-robot-r1 & r2 -yaokongqi\2026Robot-Wulin_R1_H7 - FS\Wulin_R1_H7\User_dvc\dvc_fsI6x.cpp': source file has been changed.
'e:\2028-robot-r1 & r2 -yaokongqi\2026Robot-Wulin_R1_H7 - FS\Wulin_R1_H7\User_mid\mid_ibus.cpp': source file has been changed.

[2026-04-24 01:20:32]	[done]
	build successfully !

[2026-04-24 09:18:02]	[info] incremental build: 4 source files changed
These source files will be recompiled
---
'e:\2028-robot-r1 & r2 -yaokongqi\2026Robot-Wulin_R1_H7 - FS\Wulin_R1_H7\User_dvc\dvc_fsI6x.cpp': source file has been changed.
'e:\2028-robot-r1 & r2 -yaokongqi\2026Robot-Wulin_R1_H7 - FS\Wulin_R1_H7\User_ita\ita_robot.cpp': source file has been changed.
'e:\2028-robot-r1 & r2 -yaokongqi\2026Robot-Wulin_R1_H7 - FS\Wulin_R1_H7\User_mid\mid_ibus.cpp': source file has been changed.
'e:\2028-robot-r1 & r2 -yaokongqi\2026Robot-Wulin_R1_H7 - FS\Wulin_R1_H7\User_tsk\tsk_config_and_callback.cpp': source file has been changed.

[2026-04-24 09:18:03]	compilation failed at : "e:\2028-robot-r1 & r2 -yaokongqi\2026Robot-Wulin_R1_H7 - FS\Wulin_R1_H7\User_ita\ita_robot.cpp", exit code: 1
command: 
  "C:\Keil_v5\ARM\ARMCLANG\bin\armclang.exe" --target=arm-arm-none-eabi -c -xc++ -std=c++11 -I../Core/Inc -I../Drivers/STM32H7xx_HAL_Driver/Inc -I../Drivers/STM32H7xx_HAL_Driver/Inc/Legacy -I../Drivers/CMSIS/Device/ST/STM32H7xx/Include -I../Drivers/CMSIS/Include -I../Middlewares/ST/ARM/DSP/Inc -I../User_chariot/Chassis -I../User_drv -I../User_ita -I../User_tsk -I.cmsis/include -IRTE/_H723VGT6_Demo -I../User_chariot -I../User_chariot/KFS -I../User_alg -I../User_dvc -I../User_mid -D"USE_HAL_DRIVER" -D"STM32H723xx" -D"ARM_MATH_CM7" -mfloat-abi=hard -mfpu=fpv5-d16 -mcpu=cortex-m7 -mlittle-endian -O0 -ffunction-sections -funsigned-char -fshort-enums -fshort-wchar -fno-rtti -w -g -o ./build/H723VGT6_Demo/.obj/__/User_ita/ita_robot.o -MMD ./../User_ita/ita_robot.cpp
   at unify_builder.Program.Main(String[] args_)
---
./../User_ita/ita_robot.cpp:117:1: error: unknown type name 'vois'; did you mean 'void'?
vois Class_Chariot::Judge_FSI6X_Control_Type()
^~~~
void
1 error generated.

[2026-04-24 09:22:05]	[info] incremental build: 4 source files changed
These source files will be recompiled
---
'e:\2028-robot-r1 & r2 -yaokongqi\2026Robot-Wulin_R1_H7 - FS\Wulin_R1_H7\User_dvc\dvc_fsI6x.cpp': dependence 'e:\2028-robot-r1 & r2 -yaokongqi\2026Robot-Wulin_R1_H7 - FS\Wulin_R1_H7\MDK-ARM\..\User_mid\mid_ibus.h' has been changed.
'e:\2028-robot-r1 & r2 -yaokongqi\2026Robot-Wulin_R1_H7 - FS\Wulin_R1_H7\User_ita\ita_robot.cpp': object (.o) file not exist
'e:\2028-robot-r1 & r2 -yaokongqi\2026Robot-Wulin_R1_H7 - FS\Wulin_R1_H7\User_mid\mid_ibus.cpp': source file has been changed.
'e:\2028-robot-r1 & r2 -yaokongqi\2026Robot-Wulin_R1_H7 - FS\Wulin_R1_H7\User_tsk\tsk_config_and_callback.cpp': source file has been changed.

[2026-04-24 09:22:07]	[done]
	build successfully !

[2026-04-24 09:24:00]	[done]
	build successfully !

[2026-04-24 09:24:59]	[info] incremental build: 1 source files changed
These source files will be recompiled
---
'e:\2028-robot-r1 & r2 -yaokongqi\2026Robot-Wulin_R1_H7 - FS\Wulin_R1_H7\User_tsk\tsk_config_and_callback.cpp': source file has been changed.

[2026-04-24 09:25:00]	[done]
	build successfully !

[2026-04-24 09:27:43]	[info] incremental build: 1 source files changed
These source files will be recompiled
---
'e:\2028-robot-r1 & r2 -yaokongqi\2026Robot-Wulin_R1_H7 - FS\Wulin_R1_H7\User_ita\ita_robot.cpp': source file has been changed.

[2026-04-24 09:27:44]	[done]
	build successfully !

[2026-04-24 09:28:18]	[done]
	build successfully !

[2026-04-25 17:11:32]	[info] incremental build: 57 source files changed
These source files will be recompiled
---
'e:\2026-robot-Wulin_r1 & r2\2026-Robot-FS-IA08-ibus\2026Robot-Wulin_R1_H7 - FS\Wulin_R1_H7\Core\Src\dma.c': compiler options has been changed.
'e:\2026-robot-Wulin_r1 & r2\2026-Robot-FS-IA08-ibus\2026Robot-Wulin_R1_H7 - FS\Wulin_R1_H7\Core\Src\fdcan.c': compiler options has been changed.
'e:\2026-robot-Wulin_r1 & r2\2026-Robot-FS-IA08-ibus\2026Robot-Wulin_R1_H7 - FS\Wulin_R1_H7\Core\Src\gpio.c': compiler options has been changed.
'e:\2026-robot-Wulin_r1 & r2\2026-Robot-FS-IA08-ibus\2026Robot-Wulin_R1_H7 - FS\Wulin_R1_H7\Core\Src\main.c': compiler options has been changed.
'e:\2026-robot-Wulin_r1 & r2\2026-Robot-FS-IA08-ibus\2026Robot-Wulin_R1_H7 - FS\Wulin_R1_H7\Core\Src\memorymap.c': compiler options has been changed.
'e:\2026-robot-Wulin_r1 & r2\2026-Robot-FS-IA08-ibus\2026Robot-Wulin_R1_H7 - FS\Wulin_R1_H7\Core\Src\stm32h7xx_hal_msp.c': compiler options has been changed.
'e:\2026-robot-Wulin_r1 & r2\2026-Robot-FS-IA08-ibus\2026Robot-Wulin_R1_H7 - FS\Wulin_R1_H7\Core\Src\stm32h7xx_it.c': compiler options has been changed.
'e:\2026-robot-Wulin_r1 & r2\2026-Robot-FS-IA08-ibus\2026Robot-Wulin_R1_H7 - FS\Wulin_R1_H7\Core\Src\system_stm32h7xx.c': compiler options has been changed.
'e:\2026-robot-Wulin_r1 & r2\2026-Robot-FS-IA08-ibus\2026Robot-Wulin_R1_H7 - FS\Wulin_R1_H7\Core\Src\tim.c': compiler options has been changed.
'e:\2026-robot-Wulin_r1 & r2\2026-Robot-FS-IA08-ibus\2026Robot-Wulin_R1_H7 - FS\Wulin_R1_H7\Core\Src\usart.c': compiler options has been changed.
'e:\2026-robot-Wulin_r1 & r2\2026-Robot-FS-IA08-ibus\2026Robot-Wulin_R1_H7 - FS\Wulin_R1_H7\Drivers\STM32H7xx_HAL_Driver\Src\stm32h7xx_hal.c': compiler options has been changed.
'e:\2026-robot-Wulin_r1 & r2\2026-Robot-FS-IA08-ibus\2026Robot-Wulin_R1_H7 - FS\Wulin_R1_H7\Drivers\STM32H7xx_HAL_Driver\Src\stm32h7xx_hal_cortex.c': compiler options has been changed.
'e:\2026-robot-Wulin_r1 & r2\2026-Robot-FS-IA08-ibus\2026Robot-Wulin_R1_H7 - FS\Wulin_R1_H7\Drivers\STM32H7xx_HAL_Driver\Src\stm32h7xx_hal_dma.c': compiler options has been changed.
'e:\2026-robot-Wulin_r1 & r2\2026-Robot-FS-IA08-ibus\2026Robot-Wulin_R1_H7 - FS\Wulin_R1_H7\Drivers\STM32H7xx_HAL_Driver\Src\stm32h7xx_hal_dma_ex.c': compiler options has been changed.
'e:\2026-robot-Wulin_r1 & r2\2026-Robot-FS-IA08-ibus\2026Robot-Wulin_R1_H7 - FS\Wulin_R1_H7\Drivers\STM32H7xx_HAL_Driver\Src\stm32h7xx_hal_exti.c': compiler options has been changed.
'e:\2026-robot-Wulin_r1 & r2\2026-Robot-FS-IA08-ibus\2026Robot-Wulin_R1_H7 - FS\Wulin_R1_H7\Drivers\STM32H7xx_HAL_Driver\Src\stm32h7xx_hal_fdcan.c': compiler options has been changed.
'e:\2026-robot-Wulin_r1 & r2\2026-Robot-FS-IA08-ibus\2026Robot-Wulin_R1_H7 - FS\Wulin_R1_H7\Drivers\STM32H7xx_HAL_Driver\Src\stm32h7xx_hal_flash.c': compiler options has been changed.
'e:\2026-robot-Wulin_r1 & r2\2026-Robot-FS-IA08-ibus\2026Robot-Wulin_R1_H7 - FS\Wulin_R1_H7\Drivers\STM32H7xx_HAL_Driver\Src\stm32h7xx_hal_flash_ex.c': compiler options has been changed.
'e:\2026-robot-Wulin_r1 & r2\2026-Robot-FS-IA08-ibus\2026Robot-Wulin_R1_H7 - FS\Wulin_R1_H7\Drivers\STM32H7xx_HAL_Driver\Src\stm32h7xx_hal_gpio.c': compiler options has been changed.
'e:\2026-robot-Wulin_r1 & r2\2026-Robot-FS-IA08-ibus\2026Robot-Wulin_R1_H7 - FS\Wulin_R1_H7\Drivers\STM32H7xx_HAL_Driver\Src\stm32h7xx_hal_hsem.c': compiler options has been changed.
'e:\2026-robot-Wulin_r1 & r2\2026-Robot-FS-IA08-ibus\2026Robot-Wulin_R1_H7 - FS\Wulin_R1_H7\Drivers\STM32H7xx_HAL_Driver\Src\stm32h7xx_hal_i2c.c': compiler options has been changed.
'e:\2026-robot-Wulin_r1 & r2\2026-Robot-FS-IA08-ibus\2026Robot-Wulin_R1_H7 - FS\Wulin_R1_H7\Drivers\STM32H7xx_HAL_Driver\Src\stm32h7xx_hal_i2c_ex.c': compiler options has been changed.
'e:\2026-robot-Wulin_r1 & r2\2026-Robot-FS-IA08-ibus\2026Robot-Wulin_R1_H7 - FS\Wulin_R1_H7\Drivers\STM32H7xx_HAL_Driver\Src\stm32h7xx_hal_mdma.c': compiler options has been changed.
'e:\2026-robot-Wulin_r1 & r2\2026-Robot-FS-IA08-ibus\2026Robot-Wulin_R1_H7 - FS\Wulin_R1_H7\Drivers\STM32H7xx_HAL_Driver\Src\stm32h7xx_hal_pwr.c': compiler options has been changed.
'e:\2026-robot-Wulin_r1 & r2\2026-Robot-FS-IA08-ibus\2026Robot-Wulin_R1_H7 - FS\Wulin_R1_H7\Drivers\STM32H7xx_HAL_Driver\Src\stm32h7xx_hal_pwr_ex.c': compiler options has been changed.
'e:\2026-robot-Wulin_r1 & r2\2026-Robot-FS-IA08-ibus\2026Robot-Wulin_R1_H7 - FS\Wulin_R1_H7\Drivers\STM32H7xx_HAL_Driver\Src\stm32h7xx_hal_rcc.c': compiler options has been changed.
'e:\2026-robot-Wulin_r1 & r2\2026-Robot-FS-IA08-ibus\2026Robot-Wulin_R1_H7 - FS\Wulin_R1_H7\Drivers\STM32H7xx_HAL_Driver\Src\stm32h7xx_hal_rcc_ex.c': compiler options has been changed.
'e:\2026-robot-Wulin_r1 & r2\2026-Robot-FS-IA08-ibus\2026Robot-Wulin_R1_H7 - FS\Wulin_R1_H7\Drivers\STM32H7xx_HAL_Driver\Src\stm32h7xx_hal_tim.c': compiler options has been changed.
'e:\2026-robot-Wulin_r1 & r2\2026-Robot-FS-IA08-ibus\2026Robot-Wulin_R1_H7 - FS\Wulin_R1_H7\Drivers\STM32H7xx_HAL_Driver\Src\stm32h7xx_hal_tim_ex.c': compiler options has been changed.
'e:\2026-robot-Wulin_r1 & r2\2026-Robot-FS-IA08-ibus\2026Robot-Wulin_R1_H7 - FS\Wulin_R1_H7\Drivers\STM32H7xx_HAL_Driver\Src\stm32h7xx_hal_uart.c': compiler options has been changed.
'e:\2026-robot-Wulin_r1 & r2\2026-Robot-FS-IA08-ibus\2026Robot-Wulin_R1_H7 - FS\Wulin_R1_H7\Drivers\STM32H7xx_HAL_Driver\Src\stm32h7xx_hal_uart_ex.c': compiler options has been changed.
'e:\2026-robot-Wulin_r1 & r2\2026-Robot-FS-IA08-ibus\2026Robot-Wulin_R1_H7 - FS\Wulin_R1_H7\User_alg\alg_fsm.cpp': compiler options has been changed.
'e:\2026-robot-Wulin_r1 & r2\2026-Robot-FS-IA08-ibus\2026Robot-Wulin_R1_H7 - FS\Wulin_R1_H7\User_alg\alg_pid.cpp': compiler options has been changed.
'e:\2026-robot-Wulin_r1 & r2\2026-Robot-FS-IA08-ibus\2026Robot-Wulin_R1_H7 - FS\Wulin_R1_H7\User_alg\alg_slope.cpp': compiler options has been changed.
'e:\2026-robot-Wulin_r1 & r2\2026-Robot-FS-IA08-ibus\2026Robot-Wulin_R1_H7 - FS\Wulin_R1_H7\User_chariot\crt_chassis.cpp': compiler options has been changed.
'e:\2026-robot-Wulin_r1 & r2\2026-Robot-FS-IA08-ibus\2026Robot-Wulin_R1_H7 - FS\Wulin_R1_H7\User_chariot\crt_lift.cpp': compiler options has been changed.
'e:\2026-robot-Wulin_r1 & r2\2026-Robot-FS-IA08-ibus\2026Robot-Wulin_R1_H7 - FS\Wulin_R1_H7\User_chariot\crt_weapon_head.cpp': compiler options has been changed.
'e:\2026-robot-Wulin_r1 & r2\2026-Robot-FS-IA08-ibus\2026Robot-Wulin_R1_H7 - FS\Wulin_R1_H7\User_drv\drv_bsp.cpp': compiler options has been changed.
'e:\2026-robot-Wulin_r1 & r2\2026-Robot-FS-IA08-ibus\2026Robot-Wulin_R1_H7 - FS\Wulin_R1_H7\User_drv\drv_can.cpp': compiler options has been changed.
'e:\2026-robot-Wulin_r1 & r2\2026-Robot-FS-IA08-ibus\2026Robot-Wulin_R1_H7 - FS\Wulin_R1_H7\User_drv\drv_gpio_exti.cpp': compiler options has been changed.
'e:\2026-robot-Wulin_r1 & r2\2026-Robot-FS-IA08-ibus\2026Robot-Wulin_R1_H7 - FS\Wulin_R1_H7\User_drv\drv_math.cpp': compiler options has been changed.
'e:\2026-robot-Wulin_r1 & r2\2026-Robot-FS-IA08-ibus\2026Robot-Wulin_R1_H7 - FS\Wulin_R1_H7\User_drv\drv_tim.cpp': compiler options has been changed.
'e:\2026-robot-Wulin_r1 & r2\2026-Robot-FS-IA08-ibus\2026Robot-Wulin_R1_H7 - FS\Wulin_R1_H7\User_drv\drv_uart.cpp': compiler options has been changed.
'e:\2026-robot-Wulin_r1 & r2\2026-Robot-FS-IA08-ibus\2026Robot-Wulin_R1_H7 - FS\Wulin_R1_H7\User_dvc\Robstride01.cpp': compiler options has been changed.
'e:\2026-robot-Wulin_r1 & r2\2026-Robot-FS-IA08-ibus\2026Robot-Wulin_R1_H7 - FS\Wulin_R1_H7\User_dvc\dvc_airtool.cpp': compiler options has been changed.
'e:\2026-robot-Wulin_r1 & r2\2026-Robot-FS-IA08-ibus\2026Robot-Wulin_R1_H7 - FS\Wulin_R1_H7\User_dvc\dvc_dr16.cpp': compiler options has been changed.
'e:\2026-robot-Wulin_r1 & r2\2026-Robot-FS-IA08-ibus\2026Robot-Wulin_R1_H7 - FS\Wulin_R1_H7\User_dvc\dvc_dwt.cpp': compiler options has been changed.
'e:\2026-robot-Wulin_r1 & r2\2026-Robot-FS-IA08-ibus\2026Robot-Wulin_R1_H7 - FS\Wulin_R1_H7\User_dvc\dvc_fsI6x.cpp': compiler options has been changed.
'e:\2026-robot-Wulin_r1 & r2\2026-Robot-FS-IA08-ibus\2026Robot-Wulin_R1_H7 - FS\Wulin_R1_H7\User_dvc\dvc_motor_dji.cpp': compiler options has been changed.
'e:\2026-robot-Wulin_r1 & r2\2026-Robot-FS-IA08-ibus\2026Robot-Wulin_R1_H7 - FS\Wulin_R1_H7\User_dvc\dvc_motor_dm.cpp': compiler options has been changed.
'e:\2026-robot-Wulin_r1 & r2\2026-Robot-FS-IA08-ibus\2026Robot-Wulin_R1_H7 - FS\Wulin_R1_H7\User_dvc\dvc_motor_mksesc.cpp': compiler options has been changed.
'e:\2026-robot-Wulin_r1 & r2\2026-Robot-FS-IA08-ibus\2026Robot-Wulin_R1_H7 - FS\Wulin_R1_H7\User_dvc\dvc_motor_rs.cpp': compiler options has been changed.
'e:\2026-robot-Wulin_r1 & r2\2026-Robot-FS-IA08-ibus\2026Robot-Wulin_R1_H7 - FS\Wulin_R1_H7\User_dvc\dvc_pmt45.cpp': compiler options has been changed.
'e:\2026-robot-Wulin_r1 & r2\2026-Robot-FS-IA08-ibus\2026Robot-Wulin_R1_H7 - FS\Wulin_R1_H7\User_ita\ita_robot.cpp': compiler options has been changed.
'e:\2026-robot-Wulin_r1 & r2\2026-Robot-FS-IA08-ibus\2026Robot-Wulin_R1_H7 - FS\Wulin_R1_H7\User_mid\mid_ibus.cpp': compiler options has been changed.
'e:\2026-robot-Wulin_r1 & r2\2026-Robot-FS-IA08-ibus\2026Robot-Wulin_R1_H7 - FS\Wulin_R1_H7\User_tsk\tsk_config_and_callback.cpp': source file has been changed.
'e:\2026-robot-Wulin_r1 & r2\2026-Robot-FS-IA08-ibus\2026Robot-Wulin_R1_H7 - FS\Wulin_R1_H7\MDK-ARM\startup_stm32h723xx.s': compiler options has been changed.

[2026-04-25 17:11:36]	compilation failed at : "e:\2026-robot-Wulin_r1 & r2\2026-Robot-FS-IA08-ibus\2026Robot-Wulin_R1_H7 - FS\Wulin_R1_H7\User_tsk\tsk_config_and_callback.cpp", exit code: 1
command: 
  "C:\Keil_v5\ARM\ARMCLANG\bin\armclang.exe" --target=arm-arm-none-eabi -c -xc++ -std=c++11 -I../Core/Inc -I../Drivers/STM32H7xx_HAL_Driver/Inc -I../Drivers/STM32H7xx_HAL_Driver/Inc/Legacy -I../Drivers/CMSIS/Device/ST/STM32H7xx/Include -I../Drivers/CMSIS/Include -I../Middlewares/ST/ARM/DSP/Inc -I../User_chariot/Chassis -I../User_drv -I../User_ita -I../User_tsk -I.cmsis/include -IRTE/_H723VGT6_Demo -I../User_chariot -I../User_chariot/KFS -I../User_alg -I../User_dvc -I../User_mid -D"USE_HAL_DRIVER" -D"STM32H723xx" -D"ARM_MATH_CM7" -mfloat-abi=hard -mfpu=fpv5-d16 -mcpu=cortex-m7 -mlittle-endian -O0 -ffunction-sections -funsigned-char -fshort-enums -fshort-wchar -fno-rtti -w -g -o ./build/H723VGT6_Demo/.obj/__/User_tsk/tsk_config_and_callback.o -MMD ./../User_tsk/tsk_config_and_callback.cpp
   at unify_builder.Program.compileByMulThread(Int32 thrNum, CmdInfo[] cmds_, List`1 errLogs)
   at unify_builder.Program.Main(String[] args_)
---
./../User_tsk/tsk_config_and_callback.cpp:225:6: error: redefinition of 'FSI6X_UART1_Callback'
void FSI6X_UART1_Callback(uint8_t *Buffer, uint16_t Length)
     ^
./../User_tsk/tsk_config_and_callback.cpp:217:6: note: previous definition is here
void FSI6X_UART1_Callback(uint8_t *Buffer, uint16_t Length)
     ^
./../User_tsk/tsk_config_and_callback.cpp:304:22: error: use of undeclared identifier 'FSI6X_UART5_Callback'
  UART_Init(&huart5, FSI6X_UART5_Callback, 32);
                     ^
2 errors generated.

[2026-04-25 17:12:02]	[info] incremental build: 1 source files changed
These source files will be recompiled
---
'e:\2026-robot-Wulin_r1 & r2\2026-Robot-FS-IA08-ibus\2026Robot-Wulin_R1_H7 - FS\Wulin_R1_H7\User_tsk\tsk_config_and_callback.cpp': object (.o) file not exist

[2026-04-25 17:12:05]	[done]
	build successfully !

[2026-04-25 22:20:28]	[info] incremental build: 5 source files changed
These source files will be recompiled
---
'e:\2026-robot-Wulin_r1 & r2\2026-Robot-FS-IA08-ibus\2026Robot-Wulin_R1_H7 - FS\Wulin_R1_H7\Core\Src\dma.c': source file has been changed.
'e:\2026-robot-Wulin_r1 & r2\2026-Robot-FS-IA08-ibus\2026Robot-Wulin_R1_H7 - FS\Wulin_R1_H7\Core\Src\stm32h7xx_it.c': source file has been changed.
'e:\2026-robot-Wulin_r1 & r2\2026-Robot-FS-IA08-ibus\2026Robot-Wulin_R1_H7 - FS\Wulin_R1_H7\Core\Src\usart.c': source file has been changed.
'e:\2026-robot-Wulin_r1 & r2\2026-Robot-FS-IA08-ibus\2026Robot-Wulin_R1_H7 - FS\Wulin_R1_H7\User_dvc\dvc_fsI6x.cpp': source file has been changed.
'e:\2026-robot-Wulin_r1 & r2\2026-Robot-FS-IA08-ibus\2026Robot-Wulin_R1_H7 - FS\Wulin_R1_H7\User_ita\ita_robot.cpp': source file has been changed.

[2026-04-25 22:20:30]	[done]
	build successfully !

[2026-04-25 22:23:11]	[info] incremental build: 1 source files changed
These source files will be recompiled
---
'e:\2026-robot-Wulin_r1 & r2\2026-Robot-FS-IA08-ibus\2026Robot-Wulin_R1_H7 - FS\Wulin_R1_H7\User_dvc\dvc_fsI6x.cpp': source file has been changed.

[2026-04-25 22:23:12]	[done]
	build successfully !

[2026-04-25 22:42:20]	[info] incremental build: 3 source files changed
These source files will be recompiled
---
'e:\2026-robot-Wulin_r1 & r2\2026-Robot-FS-IA08-ibus\2026Robot-Wulin_R1_H7 - FS\Wulin_R1_H7\User_dvc\dvc_fsI6x.cpp': dependence 'e:\2026-robot-Wulin_r1 & r2\2026-Robot-FS-IA08-ibus\2026Robot-Wulin_R1_H7 - FS\Wulin_R1_H7\MDK-ARM\..\User_dvc\dvc_fsI6x.h' has been changed.
'e:\2026-robot-Wulin_r1 & r2\2026-Robot-FS-IA08-ibus\2026Robot-Wulin_R1_H7 - FS\Wulin_R1_H7\User_ita\ita_robot.cpp': dependence 'e:\2026-robot-Wulin_r1 & r2\2026-Robot-FS-IA08-ibus\2026Robot-Wulin_R1_H7 - FS\Wulin_R1_H7\MDK-ARM\..\User_dvc\dvc_fsi6x.h' has been changed.
'e:\2026-robot-Wulin_r1 & r2\2026-Robot-FS-IA08-ibus\2026Robot-Wulin_R1_H7 - FS\Wulin_R1_H7\User_tsk\tsk_config_and_callback.cpp': dependence 'e:\2026-robot-Wulin_r1 & r2\2026-Robot-FS-IA08-ibus\2026Robot-Wulin_R1_H7 - FS\Wulin_R1_H7\MDK-ARM\..\User_dvc\dvc_fsi6x.h' has been changed.

[2026-04-25 22:42:22]	[done]
	build successfully !

[2026-04-26 00:11:37]	[info] incremental build: 4 source files changed
These source files will be recompiled
---
'e:\2026-robot-Wulin_r1 & r2\2026-Robot-FS-IA08-ibus\2026Robot-Wulin_R1_H7 - FS\Wulin_R1_H7\User_dvc\dvc_fsI6x.cpp': dependence 'e:\2026-robot-Wulin_r1 & r2\2026-Robot-FS-IA08-ibus\2026Robot-Wulin_R1_H7 - FS\Wulin_R1_H7\MDK-ARM\..\User_dvc\dvc_fsI6x.h' has been changed.
'e:\2026-robot-Wulin_r1 & r2\2026-Robot-FS-IA08-ibus\2026Robot-Wulin_R1_H7 - FS\Wulin_R1_H7\User_ita\ita_robot.cpp': dependence 'e:\2026-robot-Wulin_r1 & r2\2026-Robot-FS-IA08-ibus\2026Robot-Wulin_R1_H7 - FS\Wulin_R1_H7\MDK-ARM\..\User_dvc\dvc_fsi6x.h' has been changed.
'e:\2026-robot-Wulin_r1 & r2\2026-Robot-FS-IA08-ibus\2026Robot-Wulin_R1_H7 - FS\Wulin_R1_H7\User_mid\mid_ibus.cpp': dependence 'e:\2026-robot-Wulin_r1 & r2\2026-Robot-FS-IA08-ibus\2026Robot-Wulin_R1_H7 - FS\Wulin_R1_H7\MDK-ARM\..\User_mid\mid_ibus.h' has been changed.
'e:\2026-robot-Wulin_r1 & r2\2026-Robot-FS-IA08-ibus\2026Robot-Wulin_R1_H7 - FS\Wulin_R1_H7\User_tsk\tsk_config_and_callback.cpp': dependence 'e:\2026-robot-Wulin_r1 & r2\2026-Robot-FS-IA08-ibus\2026Robot-Wulin_R1_H7 - FS\Wulin_R1_H7\MDK-ARM\..\User_dvc\dvc_fsi6x.h' has been changed.

[2026-04-26 00:11:38]	[done]
	build successfully !

[2026-04-26 00:11:57]	[done]
	build successfully !

