Component: Arm Compiler for Embedded 6.19 Tool: armlink [5e73cb00]

==============================================================================

Section Cross References

    crt_lift.o(.text._ZN10Class_Lift4InitEv) refers to fdcan.o(.bss.hfdcan2) for hfdcan2
    crt_lift.o(.text._ZN10Class_Lift4InitEv) refers to dvc_motor_dji.o(.text._ZN20Class_Motor_DJI_C6204InitEP19FDCAN_HandleTypeDef17Enum_Motor_DJI_ID29Enum_Motor_DJI_Control_Methodf33Enum_Motor_DJI_Power_Limit_Statusf) for Class_Motor_DJI_C620::Init(FDCAN_HandleTypeDef*, Enum_Motor_DJI_ID, Enum_Motor_DJI_Control_Method, float, Enum_Motor_DJI_Power_Limit_Status, float)
    crt_lift.o(.text._ZN10Class_Lift4InitEv) refers to dvc_motor_dji.o(.text._ZN20Class_Motor_DJI_C6104InitEP19FDCAN_HandleTypeDef17Enum_Motor_DJI_ID29Enum_Motor_DJI_Control_Methodff) for Class_Motor_DJI_C610::Init(FDCAN_HandleTypeDef*, Enum_Motor_DJI_ID, Enum_Motor_DJI_Control_Method, float, float)
    crt_lift.o(.text._ZN10Class_Lift4InitEv) refers to alg_pid.o(.text._ZN9Class_PID4InitEfffffffffff16Enum_PID_D_First) for Class_PID::Init(float, float, float, float, float, float, float, float, float, float, float, Enum_PID_D_First)
    crt_lift.o(.text._ZN10Class_Lift4InitEv) refers to alg_fsm.o(.text._ZN9Class_FSM4InitEhh) for Class_FSM::Init(unsigned char, unsigned char)
    crt_lift.o(.ARM.exidx.text._ZN10Class_Lift4InitEv) refers to crt_lift.o(.text._ZN10Class_Lift4InitEv) for [Anonymous Symbol]
    crt_lift.o(.text._ZN10Class_Lift17Distance_CaculateEv) refers to crt_lift.o(.text._ZN20Class_Motor_DJI_C62013Get_Now_AngleEv) for Class_Motor_DJI_C620::Get_Now_Angle()
    crt_lift.o(.text._ZN10Class_Lift17Distance_CaculateEv) refers to alg_pid.o(.text._ZN9Class_PID7Set_NowEf) for Class_PID::Set_Now(float)
    crt_lift.o(.ARM.exidx.text._ZN10Class_Lift17Distance_CaculateEv) refers to crt_lift.o(.text._ZN10Class_Lift17Distance_CaculateEv) for [Anonymous Symbol]
    crt_lift.o(.text._ZN10Class_Lift9CalibrateEv) refers to crt_lift.o(.text._ZN20Class_Motor_DJI_C62016Set_Target_OmegaEf) for Class_Motor_DJI_C620::Set_Target_Omega(float)
    crt_lift.o(.ARM.exidx.text._ZN10Class_Lift9CalibrateEv) refers to crt_lift.o(.text._ZN10Class_Lift9CalibrateEv) for [Anonymous Symbol]
    crt_lift.o(.text._ZN10Class_Lift21Is_Calibrate_FinishedEv) refers to crt_lift.o(.text._Z8Math_AbsIfET_S0_) for float Math_Abs<float>(float)
    crt_lift.o(.text._ZN10Class_Lift21Is_Calibrate_FinishedEv) refers to crt_lift.o(.text._ZN20Class_Motor_DJI_C62015Get_Now_CurrentEv) for Class_Motor_DJI_C620::Get_Now_Current()
    crt_lift.o(.ARM.exidx.text._ZN10Class_Lift21Is_Calibrate_FinishedEv) refers to crt_lift.o(.text._ZN10Class_Lift21Is_Calibrate_FinishedEv) for [Anonymous Symbol]
    crt_lift.o(.text._ZN10Class_Lift16Calibrate_CancelEv) refers to crt_lift.o(.text._ZN20Class_Motor_DJI_C62016Set_Target_OmegaEf) for Class_Motor_DJI_C620::Set_Target_Omega(float)
    crt_lift.o(.ARM.exidx.text._ZN10Class_Lift16Calibrate_CancelEv) refers to crt_lift.o(.text._ZN10Class_Lift16Calibrate_CancelEv) for [Anonymous Symbol]
    crt_lift.o(.text._ZN10Class_Lift2UpEff) refers to crt_lift.o(.text._Z8Math_AbsIfET_S0_) for float Math_Abs<float>(float)
    crt_lift.o(.text._ZN10Class_Lift2UpEff) refers to alg_pid.o(.text._ZN9Class_PID10Set_TargetEf) for Class_PID::Set_Target(float)
    crt_lift.o(.text._ZN10Class_Lift2UpEff) refers to alg_pid.o(.text._ZN9Class_PID35TIM_Calculate_PeriodElapsedCallbackEv) for Class_PID::TIM_Calculate_PeriodElapsedCallback()
    crt_lift.o(.text._ZN10Class_Lift2UpEff) refers to alg_pid.o(.text._ZN9Class_PID7Get_OutEv) for Class_PID::Get_Out()
    crt_lift.o(.text._ZN10Class_Lift2UpEff) refers to crt_lift.o(.text._ZN20Class_Motor_DJI_C62016Set_Target_OmegaEf) for Class_Motor_DJI_C620::Set_Target_Omega(float)
    crt_lift.o(.ARM.exidx.text._ZN10Class_Lift2UpEff) refers to crt_lift.o(.text._ZN10Class_Lift2UpEff) for [Anonymous Symbol]
    crt_lift.o(.text._ZN10Class_Lift19Is_Up_Finished_stepEv) refers to crt_lift.o(.text._Z8Math_AbsIfET_S0_) for float Math_Abs<float>(float)
    crt_lift.o(.text._ZN10Class_Lift19Is_Up_Finished_stepEv) refers to crt_lift.o(.text._ZN20Class_Motor_DJI_C62013Get_Now_OmegaEv) for Class_Motor_DJI_C620::Get_Now_Omega()
    crt_lift.o(.ARM.exidx.text._ZN10Class_Lift19Is_Up_Finished_stepEv) refers to crt_lift.o(.text._ZN10Class_Lift19Is_Up_Finished_stepEv) for [Anonymous Symbol]
    crt_lift.o(.text._ZN10Class_Lift23is_Up_Finished_R2_To_R1Ev) refers to crt_lift.o(.text._Z8Math_AbsIfET_S0_) for float Math_Abs<float>(float)
    crt_lift.o(.text._ZN10Class_Lift23is_Up_Finished_R2_To_R1Ev) refers to crt_lift.o(.text._ZN20Class_Motor_DJI_C62013Get_Now_OmegaEv) for Class_Motor_DJI_C620::Get_Now_Omega()
    crt_lift.o(.ARM.exidx.text._ZN10Class_Lift23is_Up_Finished_R2_To_R1Ev) refers to crt_lift.o(.text._ZN10Class_Lift23is_Up_Finished_R2_To_R1Ev) for [Anonymous Symbol]
[...]
    UART7_Manage_Object                      0x240010f8   Data         524  drv_uart.o(.bss.UART7_Manage_Object)
    UART8_Manage_Object                      0x24001304   Data         524  drv_uart.o(.bss.UART8_Manage_Object)
    UART9_Manage_Object                      0x24001510   Data         524  drv_uart.o(.bss.UART9_Manage_Object)
    buf                                      0x2400172c   Data          64  tsk_config_and_callback.o(.bss.buf)
    chariot                                  0x2400176c   Data        3728  tsk_config_and_callback.o(.bss.chariot)
    flag                                     0x240025fc   Data           4  tsk_config_and_callback.o(.bss.flag)
    hdma_uart4_rx                            0x24002600   Data         120  usart.o(.bss.hdma_uart4_rx)
    hdma_uart5_rx                            0x24002678   Data         120  usart.o(.bss.hdma_uart5_rx)
    hdma_usart10_rx                          0x240026f0   Data         120  usart.o(.bss.hdma_usart10_rx)
    hdma_usart10_tx                          0x24002768   Data         120  usart.o(.bss.hdma_usart10_tx)
    hdma_usart1_rx                           0x240027e0   Data         120  usart.o(.bss.hdma_usart1_rx)
    hdma_usart1_tx                           0x24002858   Data         120  usart.o(.bss.hdma_usart1_tx)
    hfdcan1                                  0x240028d0   Data         160  fdcan.o(.bss.hfdcan1)
    hfdcan2                                  0x24002970   Data         160  fdcan.o(.bss.hfdcan2)
    hfdcan3                                  0x24002a10   Data         160  fdcan.o(.bss.hfdcan3)
    htim12                                   0x24002ab0   Data          76  tim.o(.bss.htim12)
    htim3                                    0x24002afc   Data          76  tim.o(.bss.htim3)
    htim4                                    0x24002b48   Data          76  tim.o(.bss.htim4)
    htim5                                    0x24002b94   Data          76  tim.o(.bss.htim5)
    huart1                                   0x24002be0   Data         148  usart.o(.bss.huart1)
    huart10                                  0x24002c74   Data         148  usart.o(.bss.huart10)
    huart4                                   0x24002d08   Data         148  usart.o(.bss.huart4)
    huart5                                   0x24002d9c   Data         148  usart.o(.bss.huart5)
    init_finished                            0x24002e30   Data           1  tsk_config_and_callback.o(.bss.init_finished)
    mod10                                    0x24002e31   Data           1  tsk_config_and_callback.o(.bss.mod10)
    mod100                                   0x24002e32   Data           1  tsk_config_and_callback.o(.bss.mod100)
    temp_air_open                            0x24002e33   Data           1  crt_weapon_head.o(.bss.temp_air_open)
    temp_cali                                0x24002e34   Data           1  crt_weapon_head.o(.bss.temp_cali)
    temp_down                                0x24002e35   Data           1  crt_weapon_head.o(.bss.temp_down)
    temp_up                                  0x24002e36   Data           1  crt_weapon_head.o(.bss.temp_up)
    uwTick                                   0x24002e38   Data           4  stm32h7xx_hal.o(.bss.uwTick)



==============================================================================

Memory Map of the image

  Image Entry point : 0x080002cd

  Load Region LR_IROM1 (Base: 0x08000000, Size: 0x00013b28, Max: 0x00100000, ABSOLUTE)

    Execution Region ER_IROM1 (Exec base: 0x08000000, Load base: 0x08000000, Size: 0x00013b18, Max: 0x00100000, ABSOLUTE)

    Exec Addr    Load Addr    Size         Type   Attr      Idx    E Section Name        Object

    0x08000000   0x08000000   0x000002cc   Data   RO         2718    RESET               startup_stm32h723xx.o
    0x080002cc   0x080002cc   0x00000008   Code   RO         2870  * !!!main             c_w.l(__main.o)
    0x080002d4   0x080002d4   0x00000034   Code   RO         3239    !!!scatter          c_w.l(__scatter.o)
    0x08000308   0x08000308   0x0000001a   Code   RO         3241    !!handler_copy      c_w.l(__scatter_copy.o)
    0x08000322   0x08000322   0x00000002   PAD
    0x08000324   0x08000324   0x0000001c   Code   RO         3243    !!handler_zi        c_w.l(__scatter_zi.o)
    0x08000340   0x08000340   0x00000000   Code   RO         2972    .ARM.Collect$$_printf_percent$$00000000  c_w.l(_printf_percent.o)
    0x08000340   0x08000340   0x00000006   Code   RO         2961    .ARM.Collect$$_printf_percent$$00000001  c_w.l(_printf_n.o)
    0x08000346   0x08000346   0x00000006   Code   RO         2963    .ARM.Collect$$_printf_percent$$00000002  c_w.l(_printf_p.o)
    0x0800034c   0x0800034c   0x00000006   Code   RO         2968    .ARM.Collect$$_printf_percent$$00000003  c_w.l(_printf_f.o)
    0x08000352   0x08000352   0x00000006   Code   RO         2969    .ARM.Collect$$_printf_percent$$00000004  c_w.l(_printf_e.o)
    0x08000358   0x08000358   0x00000006   Code   RO         2970    .ARM.Collect$$_printf_percent$$00000005  c_w.l(_printf_g.o)
    0x0800035e   0x0800035e   0x00000006   Code   RO         2971    .ARM.Collect$$_printf_percent$$00000006  c_w.l(_printf_a.o)
    0x08000364   0x08000364   0x0000000a   Code   RO         2976    .ARM.Collect$$_printf_percent$$00000007  c_w.l(_printf_ll.o)
    0x0800036e   0x0800036e   0x00000006   Code   RO         2965    .ARM.Collect$$_printf_percent$$00000008  c_w.l(_printf_i.o)
    0x08000374   0x08000374   0x00000006   Code   RO         2966    .ARM.Collect$$_printf_percent$$00000009  c_w.l(_printf_d.o)
    0x0800037a   0x0800037a   0x00000006   Code   RO         2967    .ARM.Collect$$_printf_percent$$0000000A  c_w.l(_printf_u.o)
    0x08000380   0x08000380   0x00000006   Code   RO         2964    .ARM.Collect$$_printf_percent$$0000000B  c_w.l(_printf_o.o)
    0x08000386   0x08000386   0x00000006   Code   RO         2962    .ARM.Collect$$_printf_percent$$0000000C  c_w.l(_printf_x.o)
    0x0800038c   0x0800038c   0x00000006   Code   RO         2973    .ARM.Collect$$_printf_percent$$0000000D  c_w.l(_printf_lli.o)
    0x08000392   0x08000392   0x00000006   Code   RO         2974    .ARM.Collect$$_printf_percent$$0000000E  c_w.l(_printf_lld.o)
    0x08000398   0x08000398   0x00000006   Code   RO         2975    .ARM.Collect$$_printf_percent$$0000000F  c_w.l(_printf_llu.o)
    0x0800039e   0x0800039e   0x00000006   Code   RO         2980    .ARM.Collect$$_printf_percent$$00000010  c_w.l(_printf_llo.o)
    0x080003a4   0x080003a4   0x00000006   Code   RO         2981    .ARM.Collect$$_printf_percent$$00000011  c_w.l(_printf_llx.o)
    0x080003aa   0x080003aa   0x0000000a   Code   RO         2977    .ARM.Collect$$_printf_percent$$00000012  c_w.l(_printf_l.o)
    0x080003b4   0x080003b4   0x00000006   Code   RO         2959    .ARM.Collect$$_printf_percent$$00000013  c_w.l(_printf_c.o)
    0x080003ba   0x080003ba   0x00000006   Code   RO         2960    .ARM.Collect$$_printf_percent$$00000014  c_w.l(_printf_s.o)
    0x080003c0   0x080003c0   0x00000006   Code   RO         2978    .ARM.Collect$$_printf_percent$$00000015  c_w.l(_printf_lc.o)
    0x080003c6   0x080003c6   0x00000006   Code   RO         2979    .ARM.Collect$$_printf_percent$$00000016  c_w.l(_printf_ls.o)
    0x080003cc   0x080003cc   0x00000004   Code   RO         3081    .ARM.Collect$$_printf_percent$$00000017  c_w.l(_printf_percent_end.o)
    0x080003d0   0x080003d0   0x00000002   Code   RO         3147    .ARM.Collect$$libinit$$00000000  c_w.l(libinit.o)
    0x080003d2   0x080003d2   0x00000004   Code   RO         2982    .ARM.Collect$$libinit$$00000001  c_w.l(libinit2.o)
    0x080003d6   0x080003d6   0x00000000   Code   RO         2985    .ARM.Collect$$libinit$$00000004  c_w.l(libinit2.o)
    0x080003d6   0x080003d6   0x00000000   Code   RO         2987    .ARM.Collect$$libinit$$00000006  c_w.l(libinit2.o)
    0x080003d6   0x080003d6   0x00000000   Code   RO         2990    .ARM.Collect$$libinit$$0000000C  c_w.l(libinit2.o)
    0x080003d6   0x080003d6   0x00000000   Code   RO         2992    .ARM.Collect$$libinit$$0000000E  c_w.l(libinit2.o)
    0x080003d6   0x080003d6   0x00000000   Code   RO         2994    .ARM.Collect$$libinit$$00000010  c_w.l(libinit2.o)
    0x080003d6   0x080003d6   0x00000006   Code   RO         2995    .ARM.Collect$$libinit$$00000011  c_w.l(libinit2.o)
    0x080003dc   0x080003dc   0x00000000   Code   RO         2997    .ARM.Collect$$libinit$$00000013  c_w.l(libinit2.o)
    0x080003dc   0x080003dc   0x0000000c   Code   RO         2998    .ARM.Collect$$libinit$$00000014  c_w.l(libinit2.o)
    0x080003e8   0x080003e8   0x00000000   Code   RO         2999    .ARM.Collect$$libinit$$00000015  c_w.l(libinit2.o)
    0x080003e8   0x080003e8   0x00000000   Code   RO         3001    .ARM.Collect$$libinit$$00000017  c_w.l(libinit2.o)
    0x080003e8   0x080003e8   0x0000000a   Code   RO         3002    .ARM.Collect$$libinit$$00000018  c_w.l(libinit2.o)
    0x080003f2   0x080003f2   0x00000000   Code   RO         3003    .ARM.Collect$$libinit$$00000019  c_w.l(libinit2.o)
    0x080003f2   0x080003f2   0x00000000   Code   RO         3005    .ARM.Collect$$libinit$$0000001B  c_w.l(libinit2.o)
    0x080003f2   0x080003f2   0x00000000   Code   RO         3007    .ARM.Collect$$libinit$$0000001D  c_w.l(libinit2.o)
    0x080003f2   0x080003f2   0x00000000   Code   RO         3009    .ARM.Collect$$libinit$$0000001F  c_w.l(libinit2.o)
    0x080003f2   0x080003f2   0x00000000   Code   RO         3011    .ARM.Collect$$libinit$$00000021  c_w.l(libinit2.o)
    0x080003f2   0x080003f2   0x00000000   Code   RO         3013    .ARM.Collect$$libinit$$00000023  c_w.l(libinit2.o)
    0x080003f2   0x080003f2   0x00000000   Code   RO         3015    .ARM.Collect$$libinit$$00000025  c_w.l(libinit2.o)
    0x080003f2   0x080003f2   0x00000000   Code   RO         3017    .ARM.Collect$$libinit$$00000027  c_w.l(libinit2.o)
    0x080003f2   0x080003f2   0x00000000   Code   RO         3021    .ARM.Collect$$libinit$$0000002E  c_w.l(libinit2.o)
    0x080003f2   0x080003f2   0x00000000   Code   RO         3023    .ARM.Collect$$libinit$$00000030  c_w.l(libinit2.o)
    0x080003f2   0x080003f2   0x00000000   Code   RO         3025    .ARM.Collect$$libinit$$00000032  c_w.l(libinit2.o)
    0x080003f2   0x080003f2   0x00000004   Code   RO         3026    .ARM.Collect$$libinit$$00000033  c_w.l(libinit2.o)
    0x080003f6   0x080003f6   0x00000000   Code   RO         3027    .ARM.Collect$$libinit$$00000034  c_w.l(libinit2.o)
    0x080003f6   0x080003f6   0x00000002   Code   RO         3028    .ARM.Collect$$libinit$$00000035  c_w.l(libinit2.o)
    0x080003f8   0x080003f8   0x00000002   Code   RO         3207    .ARM.Collect$$libshutdown$$00000000  c_w.l(libshutdown.o)
    0x080003fa   0x080003fa   0x00000000   Code   RO         3223    .ARM.Collect$$libshutdown$$00000002  c_w.l(libshutdown2.o)
    0x080003fa   0x080003fa   0x00000000   Code   RO         3225    .ARM.Collect$$libshutdown$$00000004  c_w.l(libshutdown2.o)
    0x080003fa   0x080003fa   0x00000000   Code   RO         3228    .ARM.Collect$$libshutdown$$00000007  c_w.l(libshutdown2.o)
    0x080003fa   0x080003fa   0x00000000   Code   RO         3231    .ARM.Collect$$libshutdown$$0000000A  c_w.l(libshutdown2.o)
    0x080003fa   0x080003fa   0x00000000   Code   RO         3233    .ARM.Collect$$libshutdown$$0000000C  c_w.l(libshutdown2.o)
    0x080003fa   0x080003fa   0x00000000   Code   RO         3236    .ARM.Collect$$libshutdown$$0000000F  c_w.l(libshutdown2.o)
    0x080003fa   0x080003fa   0x00000002   Code   RO         3237    .ARM.Collect$$libshutdown$$00000010  c_w.l(libshutdown2.o)
    0x080003fc   0x080003fc   0x00000000   Code   RO         2884    .ARM.Collect$$rtentry$$00000000  c_w.l(__rtentry.o)
    0x080003fc   0x080003fc   0x00000000   Code   RO         3043    .ARM.Collect$$rtentry$$00000002  c_w.l(__rtentry2.o)
    0x080003fc   0x080003fc   0x00000006   Code   RO         3055    .ARM.Collect$$rtentry$$00000004  c_w.l(__rtentry4.o)
    0x08000402   0x08000402   0x00000000   Code   RO         3045    .ARM.Collect$$rtentry$$00000009  c_w.l(__rtentry2.o)
    0x08000402   0x08000402   0x00000004   Code   RO         3046    .ARM.Collect$$rtentry$$0000000A  c_w.l(__rtentry2.o)
    0x08000406   0x08000406   0x00000000   Code   RO         3048    .ARM.Collect$$rtentry$$0000000C  c_w.l(__rtentry2.o)
    0x08000406   0x08000406   0x00000008   Code   RO         3049    .ARM.Collect$$rtentry$$0000000D  c_w.l(__rtentry2.o)
    0x0800040e   0x0800040e   0x00000002   Code   RO         3156    .ARM.Collect$$rtexit$$00000000  c_w.l(rtexit.o)
    0x08000410   0x08000410   0x00000000   Code   RO         3185    .ARM.Collect$$rtexit$$00000002  c_w.l(rtexit2.o)
    0x08000410   0x08000410   0x00000004   Code   RO         3186    .ARM.Collect$$rtexit$$00000003  c_w.l(rtexit2.o)
    0x08000414   0x08000414   0x00000006   Code   RO         3187    .ARM.Collect$$rtexit$$00000004  c_w.l(rtexit2.o)
    0x0800041a   0x0800041a   0x00000002   PAD
    0x0800041c   0x0800041c   0x00000040   Code   RO         2719    .text               startup_stm32h723xx.o
    0x0800045c   0x0800045c   0x000000f0   Code   RO         2854    .text               c_w.l(lludivv7m.o)
    0x0800054c   0x0800054c   0x0000002c   Code   RO         2856    .text               c_w.l(sprintf.o)
    0x08000578   0x08000578   0x0000003e   Code   RO         2858    .text               c_w.l(strlen.o)
    0x080005b6   0x080005b6   0x00000064   Code   RO         2862    .text               c_w.l(rt_memcpy_w.o)
    0x0800061a   0x0800061a   0x00000044   Code   RO         2864    .text               c_w.l(rt_memclr.o)
    0x0800065e   0x0800065e   0x0000004e   Code   RO         2866    .text               c_w.l(rt_memclr_w.o)
    0x080006ac   0x080006ac   0x00000006   Code   RO         2868    .text               c_w.l(heapauxi.o)
    0x080006b2   0x080006b2   0x00000002   PAD
    0x080006b4   0x080006b4   0x00000024   Code   RO         2875    .text               c_w.l(init_aeabi.o)
    0x080006d8   0x080006d8   0x00000016   Code   RO         2889    .text               c_w.l(_rserrno.o)
    0x080006ee   0x080006ee   0x0000004e   Code   RO         2893    .text               c_w.l(_printf_pad.o)
    0x0800073c   0x0800073c   0x00000024   Code   RO         2895    .text               c_w.l(_printf_truncate.o)
    0x08000760   0x08000760   0x00000052   Code   RO         2897    .text               c_w.l(_printf_str.o)
    0x080007b2   0x080007b2   0x00000002   PAD
    0x080007b4   0x080007b4   0x00000078   Code   RO         2899    .text               c_w.l(_printf_dec.o)
    0x0800082c   0x0800082c   0x00000028   Code   RO         2901    .text               c_w.l(_printf_charcount.o)
    0x08000854   0x08000854   0x00000030   Code   RO         2903    .text               c_w.l(_printf_char_common.o)
    0x08000884   0x08000884   0x0000000a   Code   RO         2905    .text               c_w.l(_sputc.o)
    0x0800088e   0x0800088e   0x00000002   PAD
    0x08000890   0x08000890   0x000000bc   Code   RO         2907    .text               c_w.l(_printf_wctomb.o)
    0x0800094c   0x0800094c   0x0000007c   Code   RO         2910    .text               c_w.l(_printf_longlong_dec.o)
    0x080009c8   0x080009c8   0x00000070   Code   RO         2916    .text               c_w.l(_printf_oct_int_ll.o)
    0x08000a38   0x08000a38   0x00000094   Code   RO         2936    .text               c_w.l(_printf_hex_int_ll_ptr.o)
    0x08000acc   0x08000acc   0x00000188   Code   RO         2956    .text               c_w.l(__printf_flags_ss_wp.o)
    0x08000c54   0x08000c54   0x00000008   Code   RO         3062    .text               c_w.l(rt_errno_addr_intlibspace.o)
    0x08000c5c   0x08000c5c   0x0000008a   Code   RO         3064    .text               c_w.l(lludiv10.o)
    0x08000ce6   0x08000ce6   0x000000b2   Code   RO         3066    .text               c_w.l(_printf_intcommon.o)
    0x08000d98   0x08000d98   0x0000041c   Code   RO         3068    .text               c_w.l(_printf_fp_dec.o)
    0x080011b4   0x080011b4   0x000002fc   Code   RO         3072    .text               c_w.l(_printf_fp_hex.o)
    0x080014b0   0x080014b0   0x0000002c   Code   RO         3077    .text               c_w.l(_printf_char.o)
    0x080014dc   0x080014dc   0x0000002c   Code   RO         3079    .text               c_w.l(_printf_wchar.o)
    0x08001508   0x08001508   0x00000048   Code   RO         3082    .text               c_w.l(_c16rtomb.o)
    0x08001550   0x08001550   0x00000008   Code   RO         3088    .text               c_w.l(libspace.o)
    0x08001558   0x08001558   0x0000004a   Code   RO         3091    .text               c_w.l(sys_stackheap_outer.o)
    0x080015a2   0x080015a2   0x00000002   PAD
    0x080015a4   0x080015a4   0x00000010   Code   RO         3093    .text               c_w.l(rt_ctype_table.o)
    0x080015b4   0x080015b4   0x00000008   Code   RO         3098    .text               c_w.l(rt_locale_intlibspace.o)
    0x080015bc   0x080015bc   0x00000080   Code   RO         3100    .text               c_w.l(_printf_fp_infnan.o)
    0x0800163c   0x0800163c   0x000000e4   Code   RO         3102    .text               c_w.l(bigflt0.o)
    0x08001720   0x08001720   0x00000012   Code   RO         3132    .text               c_w.l(exit.o)
    0x08001732   0x08001732   0x00000006   PAD
    0x08001738   0x08001738   0x0000007c   Code   RO         3175    .text               c_w.l(strcmpv7m_pel.o)
    0x080017b4   0x080017b4   0x0000000c   Code   RO         3177    .text               c_w.l(sys_exit.o)
    0x080017c0   0x080017c0   0x00000002   Code   RO         3181    .text               c_w.l(use_no_semi.o)
    0x080017c2   0x080017c2   0x00000000   Code   RO         3183    .text               c_w.l(indicate_semi.o)
    0x080017c2   0x080017c2   0x00000006   PAD
    0x080017c8   0x080017c8   0x00000004   Code   RO         2658    .text.BusFault_Handler  stm32h7xx_it.o
    0x080017cc   0x080017cc   0x00000004   PAD
    0x080017d0   0x080017d0   0x00000010   Code   RO         2670    .text.DMA1_Stream0_IRQHandler  stm32h7xx_it.o
    0x080017e0   0x080017e0   0x00000010   Code   RO         2672    .text.DMA1_Stream1_IRQHandler  stm32h7xx_it.o
    0x080017f0   0x080017f0   0x00000010   Code   RO         2674    .text.DMA1_Stream2_IRQHandler  stm32h7xx_it.o
    0x08001800   0x08001800   0x00000010   Code   RO         2676    .text.DMA1_Stream3_IRQHandler  stm32h7xx_it.o
    0x08001810   0x08001810   0x00000010   Code   RO         2678    .text.DMA1_Stream4_IRQHandler  stm32h7xx_it.o
    0x08001820   0x08001820   0x00000010   Code   RO         2696    .text.DMA2_Stream0_IRQHandler  stm32h7xx_it.o
    0x08001830   0x08001830   0x000001ca   Code   RO         1221    .text.DMA_CalcBaseAndBitshift  stm32h7xx_hal_dma.o
    0x080019fa   0x080019fa   0x00000006   PAD
    0x08001a00   0x08001a00   0x00000178   Code   RO         1223    .text.DMA_CalcDMAMUXChannelBaseAndMask  stm32h7xx_hal_dma.o
    0x08001b78   0x08001b78   0x0000012a   Code   RO         1225    .text.DMA_CalcDMAMUXRequestGenBaseAndMask  stm32h7xx_hal_dma.o
    0x08001ca2   0x08001ca2   0x00000006   PAD
    0x08001ca8   0x08001ca8   0x000000f0   Code   RO         1219    .text.DMA_CheckFifoParam  stm32h7xx_hal_dma.o
    0x08001d98   0x08001d98   0x00000514   Code   RO         1231    .text.DMA_SetConfig  stm32h7xx_hal_dma.o
    0x080022ac   0x080022ac   0x00000004   PAD
    0x080022b0   0x080022b0   0x00000002   Code   RO         2664    .text.DebugMon_Handler  stm32h7xx_it.o
    0x080022b2   0x080022b2   0x00000006   PAD
    0x080022b8   0x080022b8   0x00000024   Code   RO         2688    .text.EXTI15_10_IRQHandler  stm32h7xx_it.o
    0x080022dc   0x080022dc   0x00000004   PAD
    0x080022e0   0x080022e0   0x0000000e   Code   RO         2546    .text.Error_Handler  main.o
    0x080022ee   0x080022ee   0x00000002   PAD
    0x080022f0   0x080022f0   0x00000010   Code   RO         2680    .text.FDCAN1_IT0_IRQHandler  stm32h7xx_it.o
    0x08002300   0x08002300   0x00000010   Code   RO         2682    .text.FDCAN2_IT0_IRQHandler  stm32h7xx_it.o
    0x08002310   0x08002310   0x00000010   Code   RO         2700    .text.FDCAN3_IT0_IRQHandler  stm32h7xx_it.o
    0x08002320   0x08002320   0x000002c2   Code   RO         1792    .text.FDCAN_CalcultateRamBlockAddresses  stm32h7xx_hal_fdcan.o
    0x080025e2   0x080025e2   0x00000006   PAD
    0x080025e8   0x080025e8   0x00000978   Code   RO         1235    .text.HAL_DMA_Abort  stm32h7xx_hal_dma.o
    0x08002f60   0x08002f60   0x000006aa   Code   RO         1237    .text.HAL_DMA_Abort_IT  stm32h7xx_hal_dma.o
    0x0800360a   0x0800360a   0x00000006   PAD
    0x08003610   0x08003610   0x000011c0   Code   RO         1241    .text.HAL_DMA_IRQHandler  stm32h7xx_hal_dma.o
    0x080047d0   0x080047d0   0x00000960   Code   RO         1217    .text.HAL_DMA_Init  stm32h7xx_hal_dma.o
    0x08005130   0x08005130   0x00000702   Code   RO         1233    .text.HAL_DMA_Start_IT  stm32h7xx_hal_dma.o
    0x08005832   0x08005832   0x00000006   PAD
    0x08005838   0x08005838   0x00000042   Code   RO         1477    .text.HAL_Delay     stm32h7xx_hal.o
    0x0800587a   0x0800587a   0x00000006   PAD
    0x08005880   0x08005880   0x000000fe   Code   RO         1940    .text.HAL_FDCAN_ActivateNotification  stm32h7xx_hal_fdcan.o
    0x0800597e   0x0800597e   0x00000002   PAD
    0x08005980   0x08005980   0x0000000a   Code   RO         1954    .text.HAL_FDCAN_ClockCalibrationCallback  stm32h7xx_hal_fdcan.o
    0x0800598a   0x0800598a   0x00000006   PAD
    0x08005990   0x08005990   0x00000116   Code   RO         1812    .text.HAL_FDCAN_ConfigFilter  stm32h7xx_hal_fdcan.o
    0x08005aa6   0x08005aa6   0x00000002   PAD
    0x08005aa8   0x08005aa8   0x0000005c   Code   RO         1814    .text.HAL_FDCAN_ConfigGlobalFilter  stm32h7xx_hal_fdcan.o
    0x08005b04   0x08005b04   0x00000004   PAD
    0x08005b08   0x08005b08   0x00000008   Code   RO         1982    .text.HAL_FDCAN_ErrorCallback  stm32h7xx_hal_fdcan.o
    0x08005b10   0x08005b10   0x0000000a   Code   RO         1972    .text.HAL_FDCAN_ErrorStatusCallback  stm32h7xx_hal_fdcan.o
    0x08005b1a   0x08005b1a   0x00000006   PAD
    0x08005b20   0x08005b20   0x000002f8   Code   RO         1872    .text.HAL_FDCAN_GetRxMessage  stm32h7xx_hal_fdcan.o
    0x08005e18   0x08005e18   0x00000008   Code   RO         1950    .text.HAL_FDCAN_HighPriorityMessageCallback  stm32h7xx_hal_fdcan.o
    0x08005e20   0x08005e20   0x000005e2   Code   RO         1948    .text.HAL_FDCAN_IRQHandler  stm32h7xx_hal_fdcan.o
    0x08006402   0x08006402   0x00000006   PAD
    0x08006408   0x08006408   0x000003e0   Code   RO         1788    .text.HAL_FDCAN_Init  stm32h7xx_hal_fdcan.o
    0x080067e8   0x080067e8   0x00000258   Code   RO         2578    .text.HAL_FDCAN_MspInit  fdcan.o
    0x08006a40   0x08006a40   0x00000008   Code   RO         1966    .text.HAL_FDCAN_RxBufferNewMessageCallback  stm32h7xx_hal_fdcan.o
    0x08006a48   0x08006a48   0x000000dc   Code   RO          747    .text.HAL_FDCAN_RxFifo0Callback  drv_can.o
    0x08006b24   0x08006b24   0x00000004   PAD
    0x08006b28   0x08006b28   0x000000dc   Code   RO          749    .text.HAL_FDCAN_RxFifo1Callback  drv_can.o
    0x08006c04   0x08006c04   0x00000004   PAD
    0x08006c08   0x08006c08   0x00000050   Code   RO         1858    .text.HAL_FDCAN_Start  stm32h7xx_hal_fdcan.o
    0x08006c58   0x08006c58   0x0000000a   Code   RO         1980    .text.HAL_FDCAN_TT_GlobalTimeCallback  stm32h7xx_hal_fdcan.o
    0x08006c62   0x08006c62   0x00000006   PAD
    0x08006c68   0x08006c68   0x0000000a   Code   RO         1974    .text.HAL_FDCAN_TT_ScheduleSyncCallback  stm32h7xx_hal_fdcan.o
    0x08006c72   0x08006c72   0x00000006   PAD
    0x08006c78   0x08006c78   0x0000000c   Code   RO         1978    .text.HAL_FDCAN_TT_StopWatchCallback  stm32h7xx_hal_fdcan.o
    0x08006c84   0x08006c84   0x00000004   PAD
    0x08006c88   0x08006c88   0x0000000a   Code   RO         1976    .text.HAL_FDCAN_TT_TimeMarkCallback  stm32h7xx_hal_fdcan.o
    0x08006c92   0x08006c92   0x00000006   PAD
    0x08006c98   0x08006c98   0x00000008   Code   RO         1970    .text.HAL_FDCAN_TimeoutOccurredCallback  stm32h7xx_hal_fdcan.o
    0x08006ca0   0x08006ca0   0x00000008   Code   RO         1968    .text.HAL_FDCAN_TimestampWraparoundCallback  stm32h7xx_hal_fdcan.o
    0x08006ca8   0x08006ca8   0x0000000a   Code   RO         1952    .text.HAL_FDCAN_TxBufferAbortCallback  stm32h7xx_hal_fdcan.o
    0x08006cb2   0x08006cb2   0x00000006   PAD
    0x08006cb8   0x08006cb8   0x0000000a   Code   RO         1964    .text.HAL_FDCAN_TxBufferCompleteCallback  stm32h7xx_hal_fdcan.o
    0x08006cc2   0x08006cc2   0x00000006   PAD
    0x08006cc8   0x08006cc8   0x0000000a   Code   RO         1956    .text.HAL_FDCAN_TxEventFifoCallback  stm32h7xx_hal_fdcan.o
    0x08006cd2   0x08006cd2   0x00000006   PAD
    0x08006cd8   0x08006cd8   0x00000008   Code   RO         1962    .text.HAL_FDCAN_TxFifoEmptyCallback  stm32h7xx_hal_fdcan.o
    0x08006ce0   0x08006ce0   0x000001ba   Code   RO          686    .text.HAL_GPIO_EXTI_Callback  drv_gpio_exti.o
    0x08006e9a   0x08006e9a   0x00000006   PAD
    0x08006ea0   0x08006ea0   0x00000034   Code   RO         1177    .text.HAL_GPIO_EXTI_IRQHandler  stm32h7xx_hal_gpio.o
    0x08006ed4   0x08006ed4   0x00000004   PAD
    0x08006ed8   0x08006ed8   0x000003a8   Code   RO         1165    .text.HAL_GPIO_Init  stm32h7xx_hal_gpio.o
    0x08007280   0x08007280   0x0000002e   Code   RO         1169    .text.HAL_GPIO_ReadPin  stm32h7xx_hal_gpio.o
    0x080072ae   0x080072ae   0x00000002   PAD
    0x080072b0   0x080072b0   0x0000002e   Code   RO         1171    .text.HAL_GPIO_WritePin  stm32h7xx_hal_gpio.o
    0x080072de   0x080072de   0x00000002   PAD
    0x080072e0   0x080072e0   0x0000000c   Code   RO         1469    .text.HAL_GetTick   stm32h7xx_hal.o
    0x080072ec   0x080072ec   0x00000004   PAD
    0x080072f0   0x080072f0   0x0000001a   Code   RO         1467    .text.HAL_IncTick   stm32h7xx_hal.o
    0x0800730a   0x0800730a   0x00000006   PAD
    0x08007310   0x08007310   0x0000007a   Code   RO         1457    .text.HAL_Init      stm32h7xx_hal.o
    0x0800738a   0x0800738a   0x00000006   PAD
    0x08007390   0x08007390   0x00000086   Code   RO         1459    .text.HAL_InitTick  stm32h7xx_hal.o
    0x08007416   0x08007416   0x00000002   PAD
    0x08007418   0x08007418   0x00000024   Code   RO         2709    .text.HAL_MspInit   stm32h7xx_hal_msp.o
    0x0800743c   0x0800743c   0x00000004   PAD
    0x08007440   0x08007440   0x00000014   Code   RO          899    .text.HAL_NVIC_EnableIRQ  stm32h7xx_hal_cortex.o
    0x08007454   0x08007454   0x00000004   PAD
    0x08007458   0x08007458   0x0000002e   Code   RO          891    .text.HAL_NVIC_SetPriority  stm32h7xx_hal_cortex.o
    0x08007486   0x08007486   0x00000002   PAD
    0x08007488   0x08007488   0x00000010   Code   RO          887    .text.HAL_NVIC_SetPriorityGrouping  stm32h7xx_hal_cortex.o
    0x08007498   0x08007498   0x000000a2   Code   RO         1374    .text.HAL_PWREx_ConfigSupply  stm32h7xx_hal_pwr_ex.o
    0x0800753a   0x0800753a   0x00000006   PAD
    0x08007540   0x08007540   0x00000026   Code   RO         1015    .text.HAL_RCCEx_GetD3PCLK1Freq  stm32h7xx_hal_rcc_ex.o
    0x08007566   0x08007566   0x00000002   PAD
    0x08007568   0x08007568   0x000002ac   Code   RO         1011    .text.HAL_RCCEx_GetPLL2ClockFreq  stm32h7xx_hal_rcc_ex.o
    0x08007814   0x08007814   0x00000004   PAD
    0x08007818   0x08007818   0x000002ac   Code   RO         1013    .text.HAL_RCCEx_GetPLL3ClockFreq  stm32h7xx_hal_rcc_ex.o
    0x08007ac4   0x08007ac4   0x00000004   PAD
    0x08007ac8   0x08007ac8   0x00000fec   Code   RO          999    .text.HAL_RCCEx_PeriphCLKConfig  stm32h7xx_hal_rcc_ex.o
    0x08008ab4   0x08008ab4   0x00000004   PAD
    0x08008ab8   0x08008ab8   0x00000498   Code   RO          968    .text.HAL_RCC_ClockConfig  stm32h7xx_hal_rcc.o
    0x08008f50   0x08008f50   0x00000056   Code   RO          978    .text.HAL_RCC_GetHCLKFreq  stm32h7xx_hal_rcc.o
    0x08008fa6   0x08008fa6   0x00000002   PAD
    0x08008fa8   0x08008fa8   0x00000026   Code   RO          980    .text.HAL_RCC_GetPCLK1Freq  stm32h7xx_hal_rcc.o
    0x08008fce   0x08008fce   0x00000002   PAD
    0x08008fd0   0x08008fd0   0x00000026   Code   RO          982    .text.HAL_RCC_GetPCLK2Freq  stm32h7xx_hal_rcc.o
    0x08008ff6   0x08008ff6   0x00000002   PAD
    0x08008ff8   0x08008ff8   0x00000310   Code   RO          970    .text.HAL_RCC_GetSysClockFreq  stm32h7xx_hal_rcc.o
    0x08009308   0x08009308   0x00000a20   Code   RO          966    .text.HAL_RCC_OscConfig  stm32h7xx_hal_rcc.o
    0x08009d28   0x08009d28   0x00000010   Code   RO          911    .text.HAL_SYSTICK_Config  stm32h7xx_hal_cortex.o
    0x08009d38   0x08009d38   0x00000008   Code   RO         2336    .text.HAL_TIMEx_Break2Callback  stm32h7xx_hal_tim_ex.o
    0x08009d40   0x08009d40   0x00000008   Code   RO         2334    .text.HAL_TIMEx_BreakCallback  stm32h7xx_hal_tim_ex.o
    0x08009d48   0x08009d48   0x00000008   Code   RO         2330    .text.HAL_TIMEx_CommutCallback  stm32h7xx_hal_tim_ex.o
    0x08009d50   0x08009d50   0x0000017c   Code   RO         2314    .text.HAL_TIMEx_MasterConfigSynchronization  stm32h7xx_hal_tim_ex.o
    0x08009ecc   0x08009ecc   0x00000004   PAD
    0x08009ed0   0x08009ed0   0x000000a8   Code   RO         1997    .text.HAL_TIM_Base_Init  stm32h7xx_hal_tim.o
    0x08009f78   0x08009f78   0x00000094   Code   RO         2606    .text.HAL_TIM_Base_MspInit  tim.o
    0x0800a00c   0x0800a00c   0x00000004   PAD
    0x0800a010   0x0800a010   0x00000128   Code   RO         2011    .text.HAL_TIM_Base_Start_IT  stm32h7xx_hal_tim.o
    0x0800a138   0x0800a138   0x000001d0   Code   RO         2193    .text.HAL_TIM_ConfigClockSource  stm32h7xx_hal_tim.o
    0x0800a308   0x0800a308   0x00000008   Code   RO         2133    .text.HAL_TIM_IC_CaptureCallback  stm32h7xx_hal_tim.o
    0x0800a310   0x0800a310   0x00000250   Code   RO         2131    .text.HAL_TIM_IRQHandler  stm32h7xx_hal_tim.o
    0x0800a560   0x0800a560   0x000000b8   Code   RO         2596    .text.HAL_TIM_MspPostInit  tim.o
    0x0800a618   0x0800a618   0x00000008   Code   RO         2135    .text.HAL_TIM_OC_DelayElapsedCallback  stm32h7xx_hal_tim.o
    0x0800a620   0x0800a620   0x000001b0   Code   RO         2167    .text.HAL_TIM_PWM_ConfigChannel  stm32h7xx_hal_tim.o
    0x0800a7d0   0x0800a7d0   0x000000a8   Code   RO         2051    .text.HAL_TIM_PWM_Init  stm32h7xx_hal_tim.o
    0x0800a878   0x0800a878   0x0000006e   Code   RO         2604    .text.HAL_TIM_PWM_MspInit  tim.o
    0x0800a8e6   0x0800a8e6   0x00000002   PAD
    0x0800a8e8   0x0800a8e8   0x00000008   Code   RO         2137    .text.HAL_TIM_PWM_PulseFinishedCallback  stm32h7xx_hal_tim.o
    0x0800a8f0   0x0800a8f0   0x000002a2   Code   RO         2059    .text.HAL_TIM_PWM_Start  stm32h7xx_hal_tim.o
    0x0800ab92   0x0800ab92   0x00000006   PAD
    0x0800ab98   0x0800ab98   0x00000332   Code   RO          630    .text.HAL_TIM_PeriodElapsedCallback  drv_tim.o
    0x0800aeca   0x0800aeca   0x00000006   PAD
    0x0800aed0   0x0800aed0   0x00000008   Code   RO         2141    .text.HAL_TIM_TriggerCallback  stm32h7xx_hal_tim.o
    0x0800aed8   0x0800aed8   0x0000007c   Code   RO         2519    .text.HAL_UARTEx_DisableFifoMode  stm32h7xx_hal_uart_ex.o
    0x0800af54   0x0800af54   0x00000004   PAD
    0x0800af58   0x0800af58   0x000000b0   Code   RO         2529    .text.HAL_UARTEx_ReceiveToIdle_DMA  stm32h7xx_hal_uart_ex.o
    0x0800b008   0x0800b008   0x00000354   Code   RO          793    .text.HAL_UARTEx_RxEventCallback  drv_uart.o
    0x0800b35c   0x0800b35c   0x00000004   PAD
    0x0800b360   0x0800b360   0x00000008   Code   RO         2501    .text.HAL_UARTEx_RxFifoFullCallback  stm32h7xx_hal_uart_ex.o
    0x0800b368   0x0800b368   0x0000008c   Code   RO         2523    .text.HAL_UARTEx_SetRxFifoThreshold  stm32h7xx_hal_uart_ex.o
    0x0800b3f4   0x0800b3f4   0x00000004   PAD
    0x0800b3f8   0x0800b3f8   0x0000008c   Code   RO         2521    .text.HAL_UARTEx_SetTxFifoThreshold  stm32h7xx_hal_uart_ex.o
    0x0800b484   0x0800b484   0x00000004   PAD
    0x0800b488   0x0800b488   0x00000008   Code   RO         2503    .text.HAL_UARTEx_TxFifoEmptyCallback  stm32h7xx_hal_uart_ex.o
    0x0800b490   0x0800b490   0x00000008   Code   RO         2499    .text.HAL_UARTEx_WakeupCallback  stm32h7xx_hal_uart_ex.o
    0x0800b498   0x0800b498   0x00000008   Code   RO         2441    .text.HAL_UART_ErrorCallback  stm32h7xx_hal_uart.o
    0x0800b4a0   0x0800b4a0   0x000006c8   Code   RO         2437    .text.HAL_UART_IRQHandler  stm32h7xx_hal_uart.o
    0x0800bb68   0x0800bb68   0x000000aa   Code   RO         2349    .text.HAL_UART_Init  stm32h7xx_hal_uart.o
    0x0800bc12   0x0800bc12   0x00000006   PAD
    0x0800bc18   0x0800bc18   0x00000512   Code   RO         2631    .text.HAL_UART_MspInit  usart.o
    0x0800c12a   0x0800c12a   0x00000006   PAD
    0x0800c130   0x0800c130   0x00000008   Code   RO         2451    .text.HAL_UART_RxCpltCallback  stm32h7xx_hal_uart.o
    0x0800c138   0x0800c138   0x00000008   Code   RO         2453    .text.HAL_UART_RxHalfCpltCallback  stm32h7xx_hal_uart.o
    0x0800c140   0x0800c140   0x00000108   Code   RO         2389    .text.HAL_UART_Transmit_DMA  stm32h7xx_hal_uart.o
    0x0800c248   0x0800c248   0x00000008   Code   RO         2447    .text.HAL_UART_TxCpltCallback  stm32h7xx_hal_uart.o
    0x0800c250   0x0800c250   0x00000008   Code   RO         2449    .text.HAL_UART_TxHalfCpltCallback  stm32h7xx_hal_uart.o
    0x0800c258   0x0800c258   0x00000004   Code   RO         2654    .text.HardFault_Handler  stm32h7xx_it.o
    0x0800c25c   0x0800c25c   0x00000004   PAD
    0x0800c260   0x0800c260   0x000000b2   Code   RO         2564    .text.MX_DMA_Init   dma.o
    0x0800c312   0x0800c312   0x00000006   PAD
    0x0800c318   0x0800c318   0x0000007a   Code   RO         2572    .text.MX_FDCAN1_Init  fdcan.o
    0x0800c392   0x0800c392   0x00000006   PAD
    0x0800c398   0x0800c398   0x0000007a   Code   RO         2574    .text.MX_FDCAN2_Init  fdcan.o
    0x0800c412   0x0800c412   0x00000006   PAD
    0x0800c418   0x0800c418   0x0000007a   Code   RO         2576    .text.MX_FDCAN3_Init  fdcan.o
    0x0800c492   0x0800c492   0x00000006   PAD
    0x0800c498   0x0800c498   0x00000184   Code   RO         2556    .text.MX_GPIO_Init  gpio.o
    0x0800c61c   0x0800c61c   0x00000004   PAD
    0x0800c620   0x0800c620   0x000000a2   Code   RO         2602    .text.MX_TIM12_Init  tim.o
    0x0800c6c2   0x0800c6c2   0x00000006   PAD
    0x0800c6c8   0x0800c6c8   0x0000009e   Code   RO         2594    .text.MX_TIM3_Init  tim.o
    0x0800c766   0x0800c766   0x00000002   PAD
    0x0800c768   0x0800c768   0x00000084   Code   RO         2598    .text.MX_TIM4_Init  tim.o
    0x0800c7ec   0x0800c7ec   0x00000004   PAD
    0x0800c7f0   0x0800c7f0   0x00000086   Code   RO         2600    .text.MX_TIM5_Init  tim.o
    0x0800c876   0x0800c876   0x00000002   PAD
    0x0800c878   0x0800c878   0x00000098   Code   RO         2623    .text.MX_UART4_Init  usart.o
    0x0800c910   0x0800c910   0x0000008e   Code   RO         2625    .text.MX_UART5_Init  usart.o
    0x0800c99e   0x0800c99e   0x00000002   PAD
    0x0800c9a0   0x0800c9a0   0x0000008e   Code   RO         2629    .text.MX_USART10_UART_Init  usart.o
    0x0800ca2e   0x0800ca2e   0x00000002   PAD
    0x0800ca30   0x0800ca30   0x000000a0   Code   RO         2627    .text.MX_USART1_UART_Init  usart.o
    0x0800cad0   0x0800cad0   0x00000004   Code   RO         2656    .text.MemManage_Handler  stm32h7xx_it.o
    0x0800cad4   0x0800cad4   0x00000004   PAD
    0x0800cad8   0x0800cad8   0x00000004   Code   RO         2652    .text.NMI_Handler   stm32h7xx_it.o
    0x0800cadc   0x0800cadc   0x00000004   PAD
    0x0800cae0   0x0800cae0   0x0000006c   Code   RO          897    .text.NVIC_EncodePriority  stm32h7xx_hal_cortex.o
    0x0800cb4c   0x0800cb4c   0x00000004   PAD
    0x0800cb50   0x0800cb50   0x00000002   Code   RO         2666    .text.PendSV_Handler  stm32h7xx_it.o
    0x0800cb52   0x0800cb52   0x00000006   PAD
    0x0800cb58   0x0800cb58   0x000001ca   Code   RO         1001    .text.RCCEx_PLL2_Config  stm32h7xx_hal_rcc_ex.o
    0x0800cd22   0x0800cd22   0x00000006   PAD
    0x0800cd28   0x0800cd28   0x000001ca   Code   RO         1003    .text.RCCEx_PLL3_Config  stm32h7xx_hal_rcc_ex.o
    0x0800cef2   0x0800cef2   0x00000006   PAD
    0x0800cef8   0x0800cef8   0x00000002   Code   RO         2662    .text.SVC_Handler   stm32h7xx_it.o
    0x0800cefa   0x0800cefa   0x00000006   PAD
    0x0800cf00   0x0800cf00   0x00000052   Code   RO          913    .text.SysTick_Config  stm32h7xx_hal_cortex.o
    0x0800cf52   0x0800cf52   0x00000006   PAD
    0x0800cf58   0x0800cf58   0x00000008   Code   RO         2668    .text.SysTick_Handler  stm32h7xx_it.o
    0x0800cf60   0x0800cf60   0x000000cc   Code   RO         2544    .text.SystemClock_Config  main.o
    0x0800d02c   0x0800d02c   0x00000004   PAD
    0x0800d030   0x0800d030   0x0000013a   Code   RO          873    .text.SystemInit    system_stm32h7xx.o
    0x0800d16a   0x0800d16a   0x00000006   PAD
    0x0800d170   0x0800d170   0x00000010   Code   RO         2684    .text.TIM4_IRQHandler  stm32h7xx_it.o
    0x0800d180   0x0800d180   0x00000010   Code   RO         2690    .text.TIM5_IRQHandler  stm32h7xx_it.o
    0x0800d190   0x0800d190   0x000001d0   Code   RO         2001    .text.TIM_Base_SetConfig  stm32h7xx_hal_tim.o
    0x0800d360   0x0800d360   0x00000036   Code   RO         2035    .text.TIM_CCxChannelCmd  stm32h7xx_hal_tim.o
    0x0800d396   0x0800d396   0x00000002   PAD
    0x0800d398   0x0800d398   0x00000034   Code   RO         2191    .text.TIM_ETR_SetConfig  stm32h7xx_hal_tim.o
    0x0800d3cc   0x0800d3cc   0x00000004   PAD
    0x0800d3d0   0x0800d3d0   0x00000030   Code   RO         2197    .text.TIM_ITRx_SetConfig  stm32h7xx_hal_tim.o
    0x0800d400   0x0800d400   0x00000150   Code   RO         2145    .text.TIM_OC1_SetConfig  stm32h7xx_hal_tim.o
    0x0800d550   0x0800d550   0x0000016c   Code   RO         2147    .text.TIM_OC2_SetConfig  stm32h7xx_hal_tim.o
    0x0800d6bc   0x0800d6bc   0x00000004   PAD
    0x0800d6c0   0x0800d6c0   0x0000016a   Code   RO         2149    .text.TIM_OC3_SetConfig  stm32h7xx_hal_tim.o
    0x0800d82a   0x0800d82a   0x00000006   PAD
    0x0800d830   0x0800d830   0x000000da   Code   RO         2151    .text.TIM_OC4_SetConfig  stm32h7xx_hal_tim.o
    0x0800d90a   0x0800d90a   0x00000006   PAD
    0x0800d910   0x0800d910   0x000000d0   Code   RO         2153    .text.TIM_OC5_SetConfig  stm32h7xx_hal_tim.o
    0x0800d9e0   0x0800d9e0   0x000000d2   Code   RO         2155    .text.TIM_OC6_SetConfig  stm32h7xx_hal_tim.o
    0x0800dab2   0x0800dab2   0x00000006   PAD
    0x0800dab8   0x0800dab8   0x00000050   Code   RO         2195    .text.TIM_TI1_ConfigInputStage  stm32h7xx_hal_tim.o
    0x0800db08   0x0800db08   0x00000052   Code   RO         2199    .text.TIM_TI2_ConfigInputStage  stm32h7xx_hal_tim.o
    0x0800db5a   0x0800db5a   0x00000006   PAD
    0x0800db60   0x0800db60   0x000000b4   Code   RO          158    .text.Task_Init     tsk_config_and_callback.o
    0x0800dc14   0x0800dc14   0x00000004   PAD
    0x0800dc18   0x0800dc18   0x0000010c   Code   RO          160    .text.Task_Loop     tsk_config_and_callback.o
    0x0800dd24   0x0800dd24   0x00000004   PAD
    0x0800dd28   0x0800dd28   0x00000010   Code   RO         2692    .text.UART4_IRQHandler  stm32h7xx_it.o
    0x0800dd38   0x0800dd38   0x00000010   Code   RO         2694    .text.UART5_IRQHandler  stm32h7xx_it.o
    0x0800dd48   0x0800dd48   0x00000086   Code   RO         2517    .text.UARTEx_SetNbDataToProcess  stm32h7xx_hal_uart_ex.o
    0x0800ddce   0x0800ddce   0x00000002   PAD
    0x0800ddd0   0x0800ddd0   0x00000148   Code   RO         2353    .text.UART_AdvFeatureConfig  stm32h7xx_hal_uart.o
    0x0800df18   0x0800df18   0x00000146   Code   RO         2357    .text.UART_CheckIdleState  stm32h7xx_hal_uart.o
    0x0800e05e   0x0800e05e   0x00000002   PAD
    0x0800e060   0x0800e060   0x00000024   Code   RO         2439    .text.UART_DMAAbortOnError  stm32h7xx_hal_uart.o
    0x0800e084   0x0800e084   0x00000004   PAD
    0x0800e088   0x0800e088   0x00000080   Code   RO         2395    .text.UART_DMAError  stm32h7xx_hal_uart.o
    0x0800e108   0x0800e108   0x000000f6   Code   RO         2485    .text.UART_DMAReceiveCplt  stm32h7xx_hal_uart.o
    0x0800e1fe   0x0800e1fe   0x00000002   PAD
    0x0800e200   0x0800e200   0x00000036   Code   RO         2487    .text.UART_DMARxHalfCplt  stm32h7xx_hal_uart.o
    0x0800e236   0x0800e236   0x00000002   PAD
    0x0800e238   0x0800e238   0x0000007a   Code   RO         2391    .text.UART_DMATransmitCplt  stm32h7xx_hal_uart.o
    0x0800e2b2   0x0800e2b2   0x00000006   PAD
    0x0800e2b8   0x0800e2b8   0x00000016   Code   RO         2393    .text.UART_DMATxHalfCplt  stm32h7xx_hal_uart.o
    0x0800e2ce   0x0800e2ce   0x00000002   PAD
    0x0800e2d0   0x0800e2d0   0x0000009e   Code   RO         2409    .text.UART_EndRxTransfer  stm32h7xx_hal_uart.o
    0x0800e36e   0x0800e36e   0x00000002   PAD
    0x0800e370   0x0800e370   0x00000044   Code   RO         2445    .text.UART_EndTransmit_IT  stm32h7xx_hal_uart.o
    0x0800e3b4   0x0800e3b4   0x00000004   PAD
    0x0800e3b8   0x0800e3b8   0x0000005c   Code   RO         2407    .text.UART_EndTxTransfer  stm32h7xx_hal_uart.o
    0x0800e414   0x0800e414   0x00000004   PAD
    0x0800e418   0x0800e418   0x00000a4e   Code   RO         2355    .text.UART_SetConfig  stm32h7xx_hal_uart.o
    0x0800ee66   0x0800ee66   0x00000002   PAD
    0x0800ee68   0x0800ee68   0x0000012e   Code   RO         2399    .text.UART_Start_Receive_DMA  stm32h7xx_hal_uart.o
    0x0800ef96   0x0800ef96   0x00000002   PAD
    0x0800ef98   0x0800ef98   0x0000010c   Code   RO         2371    .text.UART_WaitOnFlagUntilTimeout  stm32h7xx_hal_uart.o
    0x0800f0a4   0x0800f0a4   0x00000004   PAD
    0x0800f0a8   0x0800f0a8   0x00000010   Code   RO         2698    .text.USART10_IRQHandler  stm32h7xx_it.o
    0x0800f0b8   0x0800f0b8   0x00000010   Code   RO         2686    .text.USART1_IRQHandler  stm32h7xx_it.o
    0x0800f0c8   0x0800f0c8   0x00000004   Code   RO         2660    .text.UsageFault_Handler  stm32h7xx_it.o
    0x0800f0cc   0x0800f0cc   0x00000004   PAD
    0x0800f0d0   0x0800f0d0   0x00000008   Code   RO          162    .text._GLOBAL__sub_I_tsk_config_and_callback.cpp  tsk_config_and_callback.o
    0x0800f0d8   0x0800f0d8   0x000000b0   Code   RO          416    .text._Z10DWT_Updatev  dvc_dwt.o
    0x0800f188   0x0800f188   0x000000d0   Code   RO          739    .text._Z10FDCAN_InitP19FDCAN_HandleTypeDefPFvP22Struct_FDCAN_Rx_BufferE  drv_can.o
    0x0800f258   0x0800f258   0x00000020   Code   RO          717    .text._Z11BSP_Set_DC519Enum_BSP_DC5_Status  drv_bsp.o
    0x0800f278   0x0800f278   0x00000020   Code   RO          713    .text._Z14BSP_Set_DC24_L20Enum_BSP_DC24_Status  drv_bsp.o
    0x0800f298   0x0800f298   0x00000020   Code   RO          715    .text._Z14BSP_Set_DC24_R20Enum_BSP_DC24_Status  drv_bsp.o
    0x0800f2b8   0x0800f2b8   0x00000054   Code   RO          131    .text._Z14Math_ConstrainIfET_PS0_S0_S0_  crt_chassis.o
    0x0800f30c   0x0800f30c   0x00000004   PAD
    0x0800f310   0x0800f310   0x0000055c   Code   RO          313    .text._Z16allocate_tx_dataP19FDCAN_HandleTypeDef17Enum_Motor_DJI_ID36Enum_Motor_DJI_GM6020_Driver_Version  dvc_motor_dji.o
    0x0800f86c   0x0800f86c   0x00000004   PAD
    0x0800f870   0x0800f870   0x0000002c   Code   RO          721    .text._Z18BSP_Set_PWM_Buzzerf  drv_bsp.o
    0x0800f89c   0x0800f89c   0x00000004   PAD
    0x0800f8a0   0x0800f8a0   0x0000001c   Code   RO          789    .text._Z19UART_Send_Char_DataP20__UART_HandleTypeDefPct  drv_uart.o
    0x0800f8bc   0x0800f8bc   0x00000004   PAD
    0x0800f8c0   0x0800f8c0   0x0000000c   Code   RO          150    .text._Z20FSI6X_UART1_CallbackPht  tsk_config_and_callback.o
    0x0800f8cc   0x0800f8cc   0x00000004   PAD
    0x0800f8d0   0x0800f8d0   0x00000046   Code   RO          156    .text._Z21Task1ms_TIM5_Callbackv  tsk_config_and_callback.o
    0x0800f916   0x0800f916   0x00000002   PAD
    0x0800f918   0x0800f918   0x0000002c   Code   RO          719    .text._Z22BSP_Set_PWM_IMU_Heaterf  drv_bsp.o
    0x0800f944   0x0800f944   0x00000004   PAD
    0x0800f948   0x0800f948   0x00000008   Code   RO          142    .text._Z22Device_FDCAN1_CallbackP22Struct_FDCAN_Rx_Buffer  tsk_config_and_callback.o
    0x0800f950   0x0800f950   0x00000008   Code   RO          144    .text._Z22Device_FDCAN2_CallbackP22Struct_FDCAN_Rx_Buffer  tsk_config_and_callback.o
    0x0800f958   0x0800f958   0x00000038   Code   RO          154    .text._Z23Task100us_TIM4_Callbackv  tsk_config_and_callback.o
    0x0800f990   0x0800f990   0x000000e8   Code   RO          741    .text._Z24FDCAN_Filter_Mask_ConfigP19FDCAN_HandleTypeDefhjj  drv_can.o
    0x0800fa78   0x0800fa78   0x00000002   Code   RO          152    .text._Z29TIM_CAN_PeriodElapsedCallbackv  tsk_config_and_callback.o
    0x0800fa7a   0x0800fa7a   0x00000006   PAD
    0x0800fa80   0x0800fa80   0x00000014   Code   RO          265    .text._Z4sqrtB6v16000f  ita_robot.o
    0x0800fa94   0x0800fa94   0x00000004   PAD
    0x0800fa98   0x0800fa98   0x0000005c   Code   RO          711    .text._Z8BSP_Initjff  drv_bsp.o
    0x0800faf4   0x0800faf4   0x00000004   PAD
    0x0800faf8   0x0800faf8   0x00000046   Code   RO          414    .text._Z8DWT_Initv  dvc_dwt.o
    0x0800fb3e   0x0800fb3e   0x00000002   PAD
    0x0800fb40   0x0800fb40   0x00000036   Code   RO           47    .text._Z8Math_AbsIfET_S0_  crt_lift.o
    0x0800fb76   0x0800fb76   0x00000002   PAD
    0x0800fb78   0x0800fb78   0x00000260   Code   RO          628    .text._Z8TIM_InitP17TIM_HandleTypeDefPFvvE  drv_tim.o
    0x0800fdd8   0x0800fdd8   0x0000027a   Code   RO          783    .text._Z9UART_InitP20__UART_HandleTypeDefPFvPhtEt  drv_uart.o
    0x08010052   0x08010052   0x00000006   PAD
    0x08010058   0x08010058   0x0000000e   Code   RO          239    .text._ZN10Class_DR1610Get_Left_XEv  ita_robot.o
    0x08010066   0x08010066   0x00000002   PAD
    0x08010068   0x08010068   0x0000000e   Code   RO          241    .text._ZN10Class_DR1610Get_Left_YEv  ita_robot.o
    0x08010076   0x08010076   0x00000002   PAD
    0x08010078   0x08010078   0x0000000e   Code   RO          249    .text._ZN10Class_DR1611Get_Mouse_XEv  ita_robot.o
    0x08010086   0x08010086   0x00000002   PAD
    0x08010088   0x08010088   0x0000000e   Code   RO          251    .text._ZN10Class_DR1611Get_Mouse_YEv  ita_robot.o
    0x08010096   0x08010096   0x00000002   PAD
    0x08010098   0x08010098   0x0000000e   Code   RO          253    .text._ZN10Class_DR1611Get_Mouse_ZEv  ita_robot.o
    0x080100a6   0x080100a6   0x00000002   PAD
    0x080100a8   0x080100a8   0x0000000e   Code   RO          243    .text._ZN10Class_DR1611Get_Right_XEv  ita_robot.o
    0x080100b6   0x080100b6   0x00000002   PAD
    0x080100b8   0x080100b8   0x0000000e   Code   RO          245    .text._ZN10Class_DR1611Get_Right_YEv  ita_robot.o
    0x080100c6   0x080100c6   0x00000002   PAD
    0x080100c8   0x080100c8   0x0000000e   Code   RO          235    .text._ZN10Class_DR1615Get_DR16_StatusEv  ita_robot.o
    0x080100d6   0x080100d6   0x00000002   PAD
    0x080100d8   0x080100d8   0x0000000e   Code   RO          285    .text._ZN10Class_DR1615Get_Left_SwitchEv  ita_robot.o
    0x080100e6   0x080100e6   0x00000002   PAD
    0x080100e8   0x080100e8   0x0000000e   Code   RO          273    .text._ZN10Class_DR1616Get_Right_SwitchEv  ita_robot.o
    0x080100f6   0x080100f6   0x00000002   PAD
    0x080100f8   0x080100f8   0x0000000e   Code   RO          255    .text._ZN10Class_DR1618Get_Keyboard_Key_AEv  ita_robot.o
    0x08010106   0x08010106   0x00000002   PAD
    0x08010108   0x08010108   0x0000000e   Code   RO          257    .text._ZN10Class_DR1618Get_Keyboard_Key_DEv  ita_robot.o
    0x08010116   0x08010116   0x00000002   PAD
    0x08010118   0x08010118   0x0000000e   Code   RO          261    .text._ZN10Class_DR1618Get_Keyboard_Key_SEv  ita_robot.o
    0x08010126   0x08010126   0x00000002   PAD
    0x08010128   0x08010128   0x0000000e   Code   RO          259    .text._ZN10Class_DR1618Get_Keyboard_Key_WEv  ita_robot.o
    0x08010136   0x08010136   0x00000002   PAD
    0x08010138   0x08010138   0x0000000e   Code   RO          247    .text._ZN10Class_DR167Get_YawEv  ita_robot.o
    0x08010146   0x08010146   0x00000002   PAD
    0x08010148   0x08010148   0x0000003a   Code   RO          181    .text._ZN10Class_DR16C2Ev  tsk_config_and_callback.o
    0x08010182   0x08010182   0x00000006   PAD
    0x08010188   0x08010188   0x0000006c   Code   RO         2725    .text._ZN10Class_IBUS4InitEP20__UART_HandleTypeDef  mid_ibus.o
    0x080101f4   0x080101f4   0x00000004   PAD
    0x080101f8   0x080101f8   0x00000066   Code   RO         2739    .text._ZN10Class_IBUS5ResetEv  mid_ibus.o
    0x0801025e   0x0801025e   0x00000002   PAD
    0x08010260   0x08010260   0x00000014   Code   RO          193    .text._ZN10Class_IBUSC2Ev  tsk_config_and_callback.o
    0x08010274   0x08010274   0x00000004   PAD
    0x08010278   0x08010278   0x0000001e   Code   RO           55    .text._ZN10Class_Lift10Set_OffsetEff  crt_lift.o
    0x08010296   0x08010296   0x00000002   PAD
    0x08010298   0x08010298   0x00000030   Code   RO           24    .text._ZN10Class_Lift11Move_CancelEv  crt_lift.o
    0x080102c8   0x080102c8   0x00000010   Code   RO          287    .text._ZN10Class_Lift13Yaw_Flag_TrueEv  ita_robot.o
    0x080102d8   0x080102d8   0x00000024   Code   RO          283    .text._ZN10Class_Lift14Set_Move_SpeedEf  ita_robot.o
    0x080102fc   0x080102fc   0x00000004   PAD
    0x08010300   0x08010300   0x00000030   Code   RO           10    .text._ZN10Class_Lift16Calibrate_CancelEv  crt_lift.o
    0x08010330   0x08010330   0x00000012   Code   RO          281    .text._ZN10Class_Lift16Get_Velocity_MaxEv  ita_robot.o
    0x08010342   0x08010342   0x00000006   PAD
    0x08010348   0x08010348   0x0000006a   Code   RO           28    .text._ZN10Class_Lift16Is_Down_FinishedEv  crt_lift.o
    0x080103b2   0x080103b2   0x00000006   PAD
    0x080103b8   0x080103b8   0x0000007a   Code   RO            4    .text._ZN10Class_Lift17Distance_CaculateEv  crt_lift.o
    0x08010432   0x08010432   0x00000006   PAD
    0x08010438   0x08010438   0x00000012   Code   RO           57    .text._ZN10Class_Lift18Get_Now_Distance_LEv  crt_lift.o
    0x0801044a   0x0801044a   0x00000006   PAD
    0x08010450   0x08010450   0x00000012   Code   RO           59    .text._ZN10Class_Lift18Get_Now_Distance_REv  crt_lift.o
    0x08010462   0x08010462   0x00000006   PAD
    0x08010468   0x08010468   0x00000010   Code   RO          289    .text._ZN10Class_Lift18R2_To_R1_Flag_TrueEv  ita_robot.o
    0x08010478   0x08010478   0x000000c8   Code   RO           14    .text._ZN10Class_Lift19Is_Up_Finished_stepEv  crt_lift.o
    0x08010540   0x08010540   0x00000010   Code   RO          291    .text._ZN10Class_Lift19R2_To_R1_Flag_FalseEv  ita_robot.o
    0x08010550   0x08010550   0x000000d0   Code   RO            8    .text._ZN10Class_Lift21Is_Calibrate_FinishedEv  crt_lift.o
    0x08010620   0x08010620   0x000000c8   Code   RO           16    .text._ZN10Class_Lift23is_Up_Finished_R2_To_R1Ev  crt_lift.o
    0x080106e8   0x080106e8   0x00000100   Code   RO           12    .text._ZN10Class_Lift2UpEff  crt_lift.o
    0x080107e8   0x080107e8   0x00000042   Code   RO           32    .text._ZN10Class_Lift35TIM_Calculate_PeriodElapsedCallbackEv  crt_lift.o
    0x0801082a   0x0801082a   0x00000006   PAD
    0x08010830   0x08010830   0x00000064   Code   RO           26    .text._ZN10Class_Lift4DownEv  crt_lift.o
    0x08010894   0x08010894   0x00000004   PAD
    0x08010898   0x08010898   0x00000240   Code   RO            2    .text._ZN10Class_Lift4InitEv  crt_lift.o
    0x08010ad8   0x08010ad8   0x00000030   Code   RO           20    .text._ZN10Class_Lift4MoveEv  crt_lift.o
    0x08010b08   0x08010b08   0x00000030   Code   RO            6    .text._ZN10Class_Lift9CalibrateEv  crt_lift.o
    0x08010b38   0x08010b38   0x00000030   Code   RO           18    .text._ZN10Class_Lift9Up_CancelEv  crt_lift.o
    0x08010b68   0x08010b68   0x00000154   Code   RO          189    .text._ZN10Class_LiftC2Ev  tsk_config_and_callback.o
    0x08010cbc   0x08010cbc   0x00000004   PAD
    0x08010cc0   0x08010cc0   0x0000000e   Code   RO          263    .text._ZN11Class_FSI6X16Get_FSI6X_StatusEv  ita_robot.o
    0x08010cce   0x08010cce   0x00000002   PAD
    0x08010cd0   0x08010cd0   0x000000e4   Code   RO          609    .text._ZN11Class_FSI6X4InitEP20__UART_HandleTypeDef  dvc_fsi6x.o
    0x08010db4   0x08010db4   0x00000004   PAD
    0x08010db8   0x08010db8   0x00000040   Code   RO          183    .text._ZN11Class_FSI6XC2Ev  tsk_config_and_callback.o
    0x08010df8   0x08010df8   0x0000002c   Code   RO          851    .text._ZN11Class_Slope4InitEff16Enum_Slope_First  alg_slope.o
    0x08010e24   0x08010e24   0x00000004   PAD
    0x08010e28   0x08010e28   0x0000001a   Code   RO          195    .text._ZN11Class_SlopeC2Ev  tsk_config_and_callback.o
    0x08010e42   0x08010e42   0x00000006   PAD
    0x08010e48   0x08010e48   0x00000020   Code   RO          600    .text._ZN13Class_AIRPUMP12AIRPUMP_OpenEv  dvc_airtool.o
    0x08010e68   0x08010e68   0x0000001e   Code   RO          598    .text._ZN13Class_AIRPUMP13AIRPUMP_CloseEv  dvc_airtool.o
    0x08010e86   0x08010e86   0x00000002   PAD
    0x08010e88   0x08010e88   0x00000020   Code   RO          596    .text._ZN13Class_AIRPUMP4InitEP12GPIO_TypeDeft  dvc_airtool.o
    0x08010ea8   0x08010ea8   0x0000000e   Code   RO          205    .text._ZN13Class_AIRPUMPC2Ev  tsk_config_and_callback.o
    0x08010eb6   0x08010eb6   0x00000002   PAD
    0x08010eb8   0x08010eb8   0x0000037c   Code   RO          224    .text._ZN13Class_Chariot15Control_ChassisEv  ita_robot.o
    0x08011234   0x08011234   0x00000004   PAD
    0x08011238   0x08011238   0x00000018   Code   RO          226    .text._ZN13Class_Chariot20TIM_Control_CallbackEv  ita_robot.o
    0x08011250   0x08011250   0x00000058   Code   RO          222    .text._ZN13Class_Chariot23Judge_Active_ControllerEv  ita_robot.o
    0x080112a8   0x080112a8   0x000000f0   Code   RO          218    .text._ZN13Class_Chariot23Judge_DR16_Control_TypeEv  ita_robot.o
    0x08011398   0x08011398   0x0000003c   Code   RO          220    .text._ZN13Class_Chariot24Judge_FSI6X_Control_TypeEv  ita_robot.o
    0x080113d4   0x080113d4   0x00000004   PAD
    0x080113d8   0x080113d8   0x0000002c   Code   RO          216    .text._ZN13Class_Chariot35TIM_Calculate_PeriodElapsedCallbackEv  ita_robot.o
    0x08011404   0x08011404   0x00000004   PAD
    0x08011408   0x08011408   0x00000098   Code   RO          210    .text._ZN13Class_Chariot4InitEf  ita_robot.o
    0x080114a0   0x080114a0   0x0000005a   Code   RO          179    .text._ZN13Class_ChariotC2Ev  tsk_config_and_callback.o
    0x080114fa   0x080114fa   0x00000006   PAD
    0x08011500   0x08011500   0x0000021c   Code   RO           34    .text._ZN14Class_FSM_Lift37Lift_TIM_Status_PeriodElapsedCallbackEv  crt_lift.o
    0x0801171c   0x0801171c   0x00000004   PAD
    0x08011720   0x08011720   0x0000001a   Code   RO          199    .text._ZN14Class_FSM_LiftC2Ev  tsk_config_and_callback.o
    0x0801173a   0x0801173a   0x00000006   PAD
    0x08011740   0x08011740   0x0000001c   Code   RO           86    .text._ZN17Class_Weapon_Head11Down_CancelEv  crt_weapon_head.o
    0x0801175c   0x0801175c   0x00000004   PAD
    0x08011760   0x08011760   0x00000012   Code   RO           90    .text._ZN17Class_Weapon_Head12Get_Yaw_FlagEv  crt_weapon_head.o
    0x08011772   0x08011772   0x00000006   PAD
    0x08011778   0x08011778   0x00000068   Code   RO           76    .text._ZN17Class_Weapon_Head14Is_Up_FinishedEv  crt_weapon_head.o
    0x080117e0   0x080117e0   0x0000002c   Code   RO           72    .text._ZN17Class_Weapon_Head16Calibrate_CancelEv  crt_weapon_head.o
    0x0801180c   0x0801180c   0x00000004   PAD
    0x08011810   0x08011810   0x00000068   Code   RO           84    .text._ZN17Class_Weapon_Head16Is_Down_FinishedEv  crt_weapon_head.o
    0x08011878   0x08011878   0x00000040   Code   RO           66    .text._ZN17Class_Weapon_Head18Distance_CalculateEv  crt_weapon_head.o
    0x080118b8   0x080118b8   0x00000020   Code   RO           70    .text._ZN17Class_Weapon_Head21Is_Calibrate_FinishedEv  crt_weapon_head.o
    0x080118d8   0x080118d8   0x0000002e   Code   RO           74    .text._ZN17Class_Weapon_Head2UpEv  crt_weapon_head.o
    0x08011906   0x08011906   0x00000002   PAD
    0x08011908   0x08011908   0x00000038   Code   RO           92    .text._ZN17Class_Weapon_Head37TIM_Weapon_Head_PeriodElapsedCallbackEv  crt_weapon_head.o
    0x08011940   0x08011940   0x0000002e   Code   RO           80    .text._ZN17Class_Weapon_Head4DownEv  crt_weapon_head.o
    0x0801196e   0x0801196e   0x00000002   PAD
    0x08011970   0x08011970   0x000000e0   Code   RO           64    .text._ZN17Class_Weapon_Head4InitEv  crt_weapon_head.o
    0x08011a50   0x08011a50   0x00000018   Code   RO           68    .text._ZN17Class_Weapon_Head9CalibrateEv  crt_weapon_head.o
    0x08011a68   0x08011a68   0x0000001c   Code   RO           78    .text._ZN17Class_Weapon_Head9Up_CancelEv  crt_weapon_head.o
    0x08011a84   0x08011a84   0x00000004   PAD
    0x08011a88   0x08011a88   0x00000066   Code   RO          191    .text._ZN17Class_Weapon_HeadC2Ev  tsk_config_and_callback.o
    0x08011aee   0x08011aee   0x00000002   PAD
    0x08011af0   0x08011af0   0x00000012   Code   RO          271    .text._ZN18Class_Omni_Chassis13Get_Omega_MaxEv  ita_robot.o
    0x08011b02   0x08011b02   0x00000006   PAD
    0x08011b08   0x08011b08   0x00000014   Code   RO          137    .text._ZN18Class_Omni_Chassis13Set_Now_OmegaEf  crt_chassis.o
    0x08011b1c   0x08011b1c   0x00000004   PAD
    0x08011b20   0x08011b20   0x00000128   Code   RO          115    .text._ZN18Class_Omni_Chassis15Self_ResolutionEv  crt_chassis.o
    0x08011c48   0x08011c48   0x00000014   Code   RO          279    .text._ZN18Class_Omni_Chassis16Set_Target_OmegaEf  ita_robot.o
    0x08011c5c   0x08011c5c   0x00000004   PAD
    0x08011c60   0x08011c60   0x00000012   Code   RO          267    .text._ZN18Class_Omni_Chassis18Get_Velocity_X_MaxEv  ita_robot.o
    0x08011c72   0x08011c72   0x00000006   PAD
    0x08011c78   0x08011c78   0x00000012   Code   RO          269    .text._ZN18Class_Omni_Chassis18Get_Velocity_Y_MaxEv  ita_robot.o
    0x08011c8a   0x08011c8a   0x00000006   PAD
    0x08011c90   0x08011c90   0x00000014   Code   RO          133    .text._ZN18Class_Omni_Chassis18Set_Now_Velocity_XEf  crt_chassis.o
    0x08011ca4   0x08011ca4   0x00000004   PAD
    0x08011ca8   0x08011ca8   0x00000014   Code   RO          135    .text._ZN18Class_Omni_Chassis18Set_Now_Velocity_YEf  crt_chassis.o
    0x08011cbc   0x08011cbc   0x00000004   PAD
    0x08011cc0   0x08011cc0   0x00000014   Code   RO          275    .text._ZN18Class_Omni_Chassis21Set_Target_Velocity_XEf  ita_robot.o
    0x08011cd4   0x08011cd4   0x00000004   PAD
    0x08011cd8   0x08011cd8   0x00000014   Code   RO          277    .text._ZN18Class_Omni_Chassis21Set_Target_Velocity_YEf  ita_robot.o
    0x08011cec   0x08011cec   0x00000004   PAD
    0x08011cf0   0x08011cf0   0x00000016   Code   RO          237    .text._ZN18Class_Omni_Chassis24Set_Chassis_Control_TypeE25Enum_Chassis_Control_Type  ita_robot.o
    0x08011d06   0x08011d06   0x00000002   PAD
    0x08011d08   0x08011d08   0x00000294   Code   RO          113    .text._ZN18Class_Omni_Chassis29Kinematics_Inverse_ResolutionEv  crt_chassis.o
    0x08011f9c   0x08011f9c   0x00000004   PAD
    0x08011fa0   0x08011fa0   0x0000001c   Code   RO          117    .text._ZN18Class_Omni_Chassis35TIM_Calculate_PeriodElapsedCallbackE18Enum_Sprint_Status  crt_chassis.o
    0x08011fbc   0x08011fbc   0x00000004   PAD
    0x08011fc0   0x08011fc0   0x0000021c   Code   RO          111    .text._ZN18Class_Omni_Chassis4InitEfff  crt_chassis.o
    0x080121dc   0x080121dc   0x00000004   PAD
    0x080121e0   0x080121e0   0x00000078   Code   RO          187    .text._ZN18Class_Omni_ChassisC2Ev  tsk_config_and_callback.o
    0x08012258   0x08012258   0x0000000e   Code   RO          105    .text._ZN20Class_Motor_DJI_C61013Get_Now_AngleEv  crt_weapon_head.o
    0x08012266   0x08012266   0x00000002   PAD
    0x08012268   0x08012268   0x0000000e   Code   RO          107    .text._ZN20Class_Motor_DJI_C61013Get_Now_OmegaEv  crt_weapon_head.o
    0x08012276   0x08012276   0x00000002   PAD
    0x08012278   0x08012278   0x000000c2   Code   RO          345    .text._ZN20Class_Motor_DJI_C61013PID_CalculateEv  dvc_motor_dji.o
    0x0801233a   0x0801233a   0x00000006   PAD
    0x08012340   0x08012340   0x00000014   Code   RO           53    .text._ZN20Class_Motor_DJI_C61016Set_Target_OmegaEf  crt_lift.o
    0x08012354   0x08012354   0x00000004   PAD
    0x08012358   0x08012358   0x00000054   Code   RO          343    .text._ZN20Class_Motor_DJI_C61035TIM_Calculate_PeriodElapsedCallbackEv  dvc_motor_dji.o
    0x080123ac   0x080123ac   0x00000004   PAD
    0x080123b0   0x080123b0   0x000000ba   Code   RO          335    .text._ZN20Class_Motor_DJI_C6104InitEP19FDCAN_HandleTypeDef17Enum_Motor_DJI_ID29Enum_Motor_DJI_Control_Methodff  dvc_motor_dji.o
    0x0801246a   0x0801246a   0x00000006   PAD
    0x08012470   0x08012470   0x00000030   Code   RO          347    .text._ZN20Class_Motor_DJI_C6106OutputEv  dvc_motor_dji.o
    0x080124a0   0x080124a0   0x00000064   Code   RO          201    .text._ZN20Class_Motor_DJI_C610C2Ev  tsk_config_and_callback.o
    0x08012504   0x08012504   0x00000004   PAD
    0x08012508   0x08012508   0x0000000e   Code   RO           43    .text._ZN20Class_Motor_DJI_C62013Get_Now_AngleEv  crt_lift.o
    0x08012516   0x08012516   0x00000002   PAD
    0x08012518   0x08012518   0x0000000e   Code   RO           51    .text._ZN20Class_Motor_DJI_C62013Get_Now_OmegaEv  crt_lift.o
    0x08012526   0x08012526   0x00000002   PAD
    0x08012528   0x08012528   0x000000cc   Code   RO          359    .text._ZN20Class_Motor_DJI_C62013PID_CalculateEv  dvc_motor_dji.o
    0x080125f4   0x080125f4   0x00000004   PAD
    0x080125f8   0x080125f8   0x0000000e   Code   RO           49    .text._ZN20Class_Motor_DJI_C62015Get_Now_CurrentEv  crt_lift.o
    0x08012606   0x08012606   0x00000002   PAD
    0x08012608   0x08012608   0x00000014   Code   RO           45    .text._ZN20Class_Motor_DJI_C62016Set_Target_OmegaEf  crt_lift.o
    0x0801261c   0x0801261c   0x00000004   PAD
    0x08012620   0x08012620   0x00000016   Code   RO          129    .text._ZN20Class_Motor_DJI_C62018Set_Control_MethodE29Enum_Motor_DJI_Control_Method  crt_chassis.o
    0x08012636   0x08012636   0x00000002   PAD
    0x08012638   0x08012638   0x00000060   Code   RO          357    .text._ZN20Class_Motor_DJI_C62035TIM_Calculate_PeriodElapsedCallbackEv  dvc_motor_dji.o
    0x08012698   0x08012698   0x000000cc   Code   RO          349    .text._ZN20Class_Motor_DJI_C6204InitEP19FDCAN_HandleTypeDef17Enum_Motor_DJI_ID29Enum_Motor_DJI_Control_Methodf33Enum_Motor_DJI_Power_Limit_Statusf  dvc_motor_dji.o
    0x08012764   0x08012764   0x00000004   PAD
    0x08012768   0x08012768   0x00000030   Code   RO          361    .text._ZN20Class_Motor_DJI_C6206OutputEv  dvc_motor_dji.o
    0x08012798   0x08012798   0x00000096   Code   RO          197    .text._ZN20Class_Motor_DJI_C620C2Ev  tsk_config_and_callback.o
    0x0801282e   0x0801282e   0x00000002   PAD
    0x08012830   0x08012830   0x0000019e   Code   RO           88    .text._ZN21Class_FSM_Weapon_Head44Weapon_Head_TIM_Status_PeriodElapsedCallbackEv  crt_weapon_head.o
    0x080129ce   0x080129ce   0x00000002   PAD
    0x080129d0   0x080129d0   0x0000001a   Code   RO          207    .text._ZN21Class_FSM_Weapon_HeadC2Ev  tsk_config_and_callback.o
    0x080129ea   0x080129ea   0x00000006   PAD
    0x080129f0   0x080129f0   0x00000034   Code   RO           61    .text._ZN9Class_FSM10Set_StatusEh  crt_lift.o
    0x08012a24   0x08012a24   0x00000004   PAD
    0x08012a28   0x08012a28   0x00000060   Code   RO          862    .text._ZN9Class_FSM4InitEhh  alg_fsm.o
    0x08012a88   0x08012a88   0x00000010   Code   RO          203    .text._ZN9Class_FSMC2Ev  tsk_config_and_callback.o
    0x08012a98   0x08012a98   0x00000012   Code   RO          836    .text._ZN9Class_PID10Set_TargetEf  alg_pid.o
    0x08012aaa   0x08012aaa   0x00000006   PAD
    0x08012ab0   0x08012ab0   0x00000012   Code   RO          840    .text._ZN9Class_PID18Set_Integral_ErrorEf  alg_pid.o
    0x08012ac2   0x08012ac2   0x00000006   PAD
    0x08012ac8   0x08012ac8   0x000002ae   Code   RO          842    .text._ZN9Class_PID35TIM_Calculate_PeriodElapsedCallbackEv  alg_pid.o
    0x08012d76   0x08012d76   0x00000002   PAD
    0x08012d78   0x08012d78   0x00000074   Code   RO          812    .text._ZN9Class_PID4InitEfffffffffff16Enum_PID_D_First  alg_pid.o
    0x08012dec   0x08012dec   0x00000004   PAD
    0x08012df0   0x08012df0   0x0000000e   Code   RO          816    .text._ZN9Class_PID7Get_OutEv  alg_pid.o
    0x08012dfe   0x08012dfe   0x00000002   PAD
    0x08012e00   0x08012e00   0x00000012   Code   RO          838    .text._ZN9Class_PID7Set_NowEf  alg_pid.o
    0x08012e12   0x08012e12   0x00000006   PAD
    0x08012e18   0x08012e18   0x0000002e   Code   RO          185    .text._ZN9Class_PIDC2Ev  tsk_config_and_callback.o
    0x08012e46   0x08012e46   0x00000002   PAD
    0x08012e48   0x08012e48   0x00000030   Code   RO          901    .text.__NVIC_EnableIRQ  stm32h7xx_hal_cortex.o
    0x08012e78   0x08012e78   0x00000010   Code   RO          893    .text.__NVIC_GetPriorityGrouping  stm32h7xx_hal_cortex.o
    0x08012e88   0x08012e88   0x00000042   Code   RO          895    .text.__NVIC_SetPriority  stm32h7xx_hal_cortex.o
    0x08012eca   0x08012eca   0x00000006   PAD
    0x08012ed0   0x08012ed0   0x0000003c   Code   RO          889    .text.__NVIC_SetPriorityGrouping  stm32h7xx_hal_cortex.o
    0x08012f0c   0x08012f0c   0x00000004   PAD
    0x08012f10   0x08012f10   0x00000010   Code   RO          140    .text.__cxx_global_var_init  tsk_config_and_callback.o
    0x08012f20   0x08012f20   0x00000050   Code   RO         2542    .text.main          main.o
    0x08012f70   0x08012f70   0x0000003e   Code   RO         3105    CL$$btod_d2e        c_w.l(btod.o)
    0x08012fae   0x08012fae   0x00000046   Code   RO         3107    CL$$btod_d2e_denorm_low  c_w.l(btod.o)
    0x08012ff4   0x08012ff4   0x00000060   Code   RO         3106    CL$$btod_d2e_norm_op1  c_w.l(btod.o)
    0x08013054   0x08013054   0x00000338   Code   RO         3115    CL$$btod_div_common  c_w.l(btod.o)
    0x0801338c   0x0801338c   0x000000dc   Code   RO         3112    CL$$btod_e2e        c_w.l(btod.o)
    0x08013468   0x08013468   0x0000002a   Code   RO         3109    CL$$btod_ediv       c_w.l(btod.o)
    0x08013492   0x08013492   0x0000002a   Code   RO         3108    CL$$btod_emul       c_w.l(btod.o)
    0x080134bc   0x080134bc   0x00000244   Code   RO         3114    CL$$btod_mult_common  c_w.l(btod.o)
    0x08013700   0x08013700   0x00000030   Code   RO         3150    i.__ARM_fpclassify  m_wv.l(fpclassify.o)
    0x08013730   0x08013730   0x0000003a   Code   RO         2878    i.__hardfp_sqrtf    m_wv.l(sqrtf.o)
    0x0801376a   0x0801376a   0x0000000e   Code   RO         2949    i._is_digit         c_w.l(__printf_wp.o)
    0x08013778   0x08013778   0x0000002c   Code   RO         3130    locale$$code        c_w.l(lc_numeric_c.o)
    0x080137a4   0x080137a4   0x0000002c   Code   RO         3165    locale$$code        c_w.l(lc_ctype_c.o)
    0x080137d0   0x080137d0   0x0000001a   Code   RO         3086    x$fpl$fpinit        fz_wv.l(fpinit.o)
    0x080137ea   0x080137ea   0x00000004   Code   RO         3033    x$fpl$printf1       fz_wv.l(printf1.o)
    0x080137ee   0x080137ee   0x00000004   Code   RO         3035    x$fpl$printf2       fz_wv.l(printf2.o)
    0x080137f2   0x080137f2   0x00000000   Code   RO         3041    x$fpl$usenofp       fz_wv.l(usenofp.o)
    0x080137f2   0x080137f2   0x00000002   PAD
    0x080137f4   0x080137f4   0x00000008   Data   RO         2908    .constdata          c_w.l(_printf_wctomb.o)
    0x080137fc   0x080137fc   0x00000028   Data   RO         2937    .constdata          c_w.l(_printf_hex_int_ll_ptr.o)
    0x08013824   0x08013824   0x00000011   Data   RO         2957    .constdata          c_w.l(__printf_flags_ss_wp.o)
    0x08013835   0x08013835   0x00000026   Data   RO         3073    .constdata          c_w.l(_printf_fp_hex.o)
    0x0801385b   0x0801385b   0x00000001   PAD
    0x0801385c   0x0801385c   0x00000094   Data   RO         3103    .constdata          c_w.l(bigflt0.o)
    0x080138f0   0x080138f0   0x0000004c   Data   RO         1988    .rodata..L__const.HAL_FDCAN_Init.CvtEltSize  stm32h7xx_hal_fdcan.o
    0x0801393c   0x0801393c   0x00000010   Data   RO          879    .rodata.D1CorePrescTable  system_stm32h7xx.o
    0x0801394c   0x0801394c   0x00000010   Data   RO         1989    .rodata.DLCtoBytes  stm32h7xx_hal_fdcan.o
    0x0801395c   0x0801395c   0x00000008   Data   RO         1251    .rodata.DMA_CalcBaseAndBitshift.flagBitshiftOffset  stm32h7xx_hal_dma.o
    0x08013964   0x08013964   0x00000008   Data   RO         2534    .rodata.UARTEx_SetNbDataToProcess.denominator  stm32h7xx_hal_uart_ex.o
    0x0801396c   0x0801396c   0x00000008   Data   RO         2533    .rodata.UARTEx_SetNbDataToProcess.numerator  stm32h7xx_hal_uart_ex.o
    0x08013974   0x08013974   0x00000018   Data   RO         2489    .rodata.UARTPrescTable  stm32h7xx_hal_uart.o
    0x0801398c   0x0801398c   0x00000039   Data   RO          171    .rodata.str1.1      tsk_config_and_callback.o
    0x080139c5   0x080139c5   0x00000003   PAD
    0x080139c8   0x080139c8   0x00000020   Data   RO         3238    Region$$Table       anon$$obj.o
    0x080139e8   0x080139e8   0x0000001c   Data   RO         3129    locale$$data        c_w.l(lc_numeric_c.o)
    0x08013a04   0x08013a04   0x00000110   Data   RO         3164    locale$$data        c_w.l(lc_ctype_c.o)
    0x08013b14   0x08013b14   0x00000004   Data   RO          172    .init_array         tsk_config_and_callback.o
    0x08013b18   0x08013b14   0x00000000   Data   RO         2873    .init_array         c_w.l(init_aeabi.o)


    Execution Region RW_IRAM2 (Exec base: 0x24000000, Load base: 0x08013b18, Size: 0x00003440, Max: 0x00050000, ABSOLUTE)

    Exec Addr    Load Addr    Size         Type   Attr      Idx    E Section Name        Object

    0x24000000   0x08013b18   0x00000004   Data   RW          877    .data.SystemCoreClock  system_stm32h7xx.o
    0x24000004   0x08013b1c   0x00000004   Data   RW          878    .data.SystemD2Clock  system_stm32h7xx.o
    0x24000008   0x08013b20   0x00000001   Data   RW         1566    .data.uwTickFreq    stm32h7xx_hal.o
    0x24000009   0x08013b21   0x00000003   PAD
    0x2400000c   0x08013b24   0x00000004   Data   RW         1565    .data.uwTickPrio    stm32h7xx_hal.o
    0x24000010        -       0x00000060   Zero   RW         3089    .bss                c_w.l(libspace.o)
    0x24000070        -       0x00000008   Zero   RW          757    .bss.FDCAN1_0x1fe_Tx_Data  drv_can.o
    0x24000078        -       0x00000008   Zero   RW          754    .bss.FDCAN1_0x1ff_Tx_Data  drv_can.o
    0x24000080        -       0x00000008   Zero   RW          755    .bss.FDCAN1_0x200_Tx_Data  drv_can.o
    0x24000088        -       0x00000008   Zero   RW          758    .bss.FDCAN1_0x2fe_Tx_Data  drv_can.o
    0x24000090        -       0x00000008   Zero   RW          756    .bss.FDCAN1_0x2ff_Tx_Data  drv_can.o
    0x24000098        -       0x00000038   Zero   RW          751    .bss.FDCAN1_Manage_Object  drv_can.o
    0x240000d0        -       0x00000008   Zero   RW          765    .bss.FDCAN2_0x1fe_Tx_Data  drv_can.o
    0x240000d8        -       0x00000008   Zero   RW          762    .bss.FDCAN2_0x1ff_Tx_Data  drv_can.o
    0x240000e0        -       0x00000008   Zero   RW          763    .bss.FDCAN2_0x200_Tx_Data  drv_can.o
    0x240000e8        -       0x00000008   Zero   RW          766    .bss.FDCAN2_0x2fe_Tx_Data  drv_can.o
    0x240000f0        -       0x00000008   Zero   RW          764    .bss.FDCAN2_0x2ff_Tx_Data  drv_can.o
    0x240000f8        -       0x00000038   Zero   RW          752    .bss.FDCAN2_Manage_Object  drv_can.o
    0x24000130        -       0x00000008   Zero   RW          772    .bss.FDCAN3_0x1fe_Tx_Data  drv_can.o
    0x24000138        -       0x00000008   Zero   RW          769    .bss.FDCAN3_0x1ff_Tx_Data  drv_can.o
    0x24000140        -       0x00000008   Zero   RW          770    .bss.FDCAN3_0x200_Tx_Data  drv_can.o
    0x24000148        -       0x00000008   Zero   RW          773    .bss.FDCAN3_0x2fe_Tx_Data  drv_can.o
    0x24000150        -       0x00000008   Zero   RW          771    .bss.FDCAN3_0x2ff_Tx_Data  drv_can.o
    0x24000158        -       0x00000038   Zero   RW          753    .bss.FDCAN3_Manage_Object  drv_can.o
    0x24000190        -       0x00000008   Zero   RW          688    .bss.GPIO0_EXTI_Manage_Object  drv_gpio_exti.o
    0x24000198        -       0x00000008   Zero   RW          698    .bss.GPIO10_EXTI_Manage_Object  drv_gpio_exti.o
    0x240001a0        -       0x00000008   Zero   RW          699    .bss.GPIO11_EXTI_Manage_Object  drv_gpio_exti.o
    0x240001a8        -       0x00000008   Zero   RW          700    .bss.GPIO12_EXTI_Manage_Object  drv_gpio_exti.o
    0x240001b0        -       0x00000008   Zero   RW          701    .bss.GPIO13_EXTI_Manage_Object  drv_gpio_exti.o
    0x240001b8        -       0x00000008   Zero   RW          702    .bss.GPIO14_EXTI_Manage_Object  drv_gpio_exti.o
    0x240001c0        -       0x00000008   Zero   RW          703    .bss.GPIO15_EXTI_Manage_Object  drv_gpio_exti.o
    0x240001c8        -       0x00000008   Zero   RW          689    .bss.GPIO1_EXTI_Manage_Object  drv_gpio_exti.o
    0x240001d0        -       0x00000008   Zero   RW          690    .bss.GPIO2_EXTI_Manage_Object  drv_gpio_exti.o
    0x240001d8        -       0x00000008   Zero   RW          691    .bss.GPIO3_EXTI_Manage_Object  drv_gpio_exti.o
    0x240001e0        -       0x00000008   Zero   RW          692    .bss.GPIO4_EXTI_Manage_Object  drv_gpio_exti.o
    0x240001e8        -       0x00000008   Zero   RW          693    .bss.GPIO5_EXTI_Manage_Object  drv_gpio_exti.o
    0x240001f0        -       0x00000008   Zero   RW          694    .bss.GPIO6_EXTI_Manage_Object  drv_gpio_exti.o
    0x240001f8        -       0x00000008   Zero   RW          695    .bss.GPIO7_EXTI_Manage_Object  drv_gpio_exti.o
    0x24000200        -       0x00000008   Zero   RW          696    .bss.GPIO8_EXTI_Manage_Object  drv_gpio_exti.o
    0x24000208        -       0x00000008   Zero   RW          697    .bss.GPIO9_EXTI_Manage_Object  drv_gpio_exti.o
    0x24000210        -       0x00000004   Zero   RW         2585    .bss.HAL_RCC_FDCAN_CLK_ENABLED  fdcan.o
    0x24000214        -       0x00000001   Zero   RW          169    .bss.HF070_State    tsk_config_and_callback.o
    0x24000215   0x08013b28   0x00000003   PAD
    0x24000218        -       0x0000000c   Zero   RW          426    .bss.SystemTime     dvc_dwt.o
    0x24000224        -       0x00000008   Zero   RW          640    .bss.TIM12_Manage_Object  drv_tim.o
    0x2400022c        -       0x00000008   Zero   RW          641    .bss.TIM13_Manage_Object  drv_tim.o
    0x24000234        -       0x00000008   Zero   RW          642    .bss.TIM14_Manage_Object  drv_tim.o
    0x2400023c        -       0x00000008   Zero   RW          643    .bss.TIM15_Manage_Object  drv_tim.o
    0x24000244        -       0x00000008   Zero   RW          644    .bss.TIM16_Manage_Object  drv_tim.o
    0x2400024c        -       0x00000008   Zero   RW          645    .bss.TIM17_Manage_Object  drv_tim.o
    0x24000254        -       0x00000008   Zero   RW          632    .bss.TIM1_Manage_Object  drv_tim.o
    0x2400025c        -       0x00000008   Zero   RW          646    .bss.TIM23_Manage_Object  drv_tim.o
    0x24000264        -       0x00000008   Zero   RW          647    .bss.TIM24_Manage_Object  drv_tim.o
    0x2400026c        -       0x00000008   Zero   RW          633    .bss.TIM2_Manage_Object  drv_tim.o
    0x24000274        -       0x00000008   Zero   RW          634    .bss.TIM3_Manage_Object  drv_tim.o
    0x2400027c        -       0x00000008   Zero   RW          635    .bss.TIM4_Manage_Object  drv_tim.o
    0x24000284        -       0x00000008   Zero   RW          636    .bss.TIM5_Manage_Object  drv_tim.o
    0x2400028c        -       0x00000008   Zero   RW          637    .bss.TIM6_Manage_Object  drv_tim.o
    0x24000294        -       0x00000008   Zero   RW          638    .bss.TIM7_Manage_Object  drv_tim.o
    0x2400029c        -       0x00000008   Zero   RW          639    .bss.TIM8_Manage_Object  drv_tim.o
    0x240002a4        -       0x0000020c   Zero   RW          804    .bss.UART10_Manage_Object  drv_uart.o
    0x240004b0        -       0x0000020c   Zero   RW          795    .bss.UART1_Manage_Object  drv_uart.o
    0x240006bc        -       0x0000020c   Zero   RW          796    .bss.UART2_Manage_Object  drv_uart.o
    0x240008c8        -       0x0000020c   Zero   RW          797    .bss.UART3_Manage_Object  drv_uart.o
    0x24000ad4        -       0x0000020c   Zero   RW          798    .bss.UART4_Manage_Object  drv_uart.o
    0x24000ce0        -       0x0000020c   Zero   RW          799    .bss.UART5_Manage_Object  drv_uart.o
    0x24000eec        -       0x0000020c   Zero   RW          800    .bss.UART6_Manage_Object  drv_uart.o
    0x240010f8        -       0x0000020c   Zero   RW          801    .bss.UART7_Manage_Object  drv_uart.o
    0x24001304        -       0x0000020c   Zero   RW          802    .bss.UART8_Manage_Object  drv_uart.o
    0x24001510        -       0x0000020c   Zero   RW          803    .bss.UART9_Manage_Object  drv_uart.o
    0x2400171c        -       0x00000004   Zero   RW          427    .bss._ZL16last_cycle_count  dvc_dwt.o
    0x24001720        -       0x00000008   Zero   RW          428    .bss._ZL18accumulated_cycles  dvc_dwt.o
    0x24001728        -       0x00000004   Zero   RW          228    .bss._ZZN13Class_Chariot15Control_ChassisEvE13chassis_omega  ita_robot.o
    0x2400172c        -       0x00000040   Zero   RW          170    .bss.buf            tsk_config_and_callback.o
    0x2400176c        -       0x00000e90   Zero   RW          164    .bss.chariot        tsk_config_and_callback.o
    0x240025fc        -       0x00000004   Zero   RW          168    .bss.flag           tsk_config_and_callback.o
    0x24002600        -       0x00000078   Zero   RW         2639    .bss.hdma_uart4_rx  usart.o
    0x24002678        -       0x00000078   Zero   RW         2640    .bss.hdma_uart5_rx  usart.o
    0x240026f0        -       0x00000078   Zero   RW         2643    .bss.hdma_usart10_rx  usart.o
    0x24002768        -       0x00000078   Zero   RW         2644    .bss.hdma_usart10_tx  usart.o
    0x240027e0        -       0x00000078   Zero   RW         2641    .bss.hdma_usart1_rx  usart.o
    0x24002858        -       0x00000078   Zero   RW         2642    .bss.hdma_usart1_tx  usart.o
    0x240028d0        -       0x000000a0   Zero   RW         2582    .bss.hfdcan1        fdcan.o
    0x24002970        -       0x000000a0   Zero   RW         2583    .bss.hfdcan2        fdcan.o
    0x24002a10        -       0x000000a0   Zero   RW         2584    .bss.hfdcan3        fdcan.o
    0x24002ab0        -       0x0000004c   Zero   RW         2615    .bss.htim12         tim.o
    0x24002afc        -       0x0000004c   Zero   RW         2612    .bss.htim3          tim.o
    0x24002b48        -       0x0000004c   Zero   RW         2613    .bss.htim4          tim.o
    0x24002b94        -       0x0000004c   Zero   RW         2614    .bss.htim5          tim.o
    0x24002be0        -       0x00000094   Zero   RW         2637    .bss.huart1         usart.o
    0x24002c74        -       0x00000094   Zero   RW         2638    .bss.huart10        usart.o
    0x24002d08        -       0x00000094   Zero   RW         2635    .bss.huart4         usart.o
    0x24002d9c        -       0x00000094   Zero   RW         2636    .bss.huart5         usart.o
    0x24002e30        -       0x00000001   Zero   RW          165    .bss.init_finished  tsk_config_and_callback.o
    0x24002e31        -       0x00000001   Zero   RW          166    .bss.mod10          tsk_config_and_callback.o
    0x24002e32        -       0x00000001   Zero   RW          167    .bss.mod100         tsk_config_and_callback.o
    0x24002e33        -       0x00000001   Zero   RW           96    .bss.temp_air_open  crt_weapon_head.o
    0x24002e34        -       0x00000001   Zero   RW           94    .bss.temp_cali      crt_weapon_head.o
    0x24002e35        -       0x00000001   Zero   RW           98    .bss.temp_down      crt_weapon_head.o
    0x24002e36        -       0x00000001   Zero   RW           95    .bss.temp_up        crt_weapon_head.o
    0x24002e37   0x08013b28   0x00000001   PAD
    0x24002e38        -       0x00000004   Zero   RW         1567    .bss.uwTick         stm32h7xx_hal.o
    0x24002e3c   0x08013b28   0x00000004   PAD
    0x24002e40        -       0x00000200   Zero   RW         2717    HEAP                startup_stm32h723xx.o
    0x24003040        -       0x00000400   Zero   RW         2716    STACK               startup_stm32h723xx.o


==============================================================================

Image component sizes


      Code (inc. data)   RO Data    RW Data    ZI Data      Debug   Object Name

        96          0          0          0          0      14442   alg_fsm.o
       870          0          0          0          0      18332   alg_pid.o
        44          0          0          0          0      15624   alg_slope.o
      1690         80          0          0          0      18801   crt_chassis.o
      2868         74          0          0          0      20820   crt_lift.o
      1260         52          0          0          4      19571   crt_weapon_head.o
       178          0          0          0          0       5279   dma.o
       276          8          0          0          0      14039   drv_bsp.o
       880          0          0          0        288      17802   drv_can.o
       442          0          0          0        128      15450   drv_gpio_exti.o
      1426          0          0          0        128      15434   drv_tim.o
      1514          0          0          0       5240      18305   drv_uart.o
        94          0          0          0          0      13574   dvc_airtool.o
       246          0          0          0         24      14213   dvc_dwt.o
       228          0          0          0          0      21395   dvc_fsi6x.o
      2436         36          0          0          0      28501   dvc_motor_dji.o
       966          0          0          0        484      11918   fdcan.o
       388          0          0          0          0       6066   gpio.o
      1982         24          0          0          4      26343   ita_robot.o
       298          0          0          0          0       2352   main.o
       210          0          0          0          0      19399   mid_ibus.o
        64         26        716          0       1536        860   startup_stm32h723xx.o
       360          0          0          5          4      14620   stm32h7xx_hal.o
       478          0          0          0          0      11478   stm32h7xx_hal_cortex.o
     15540          8          8          0          0      12456   stm32h7xx_hal_dma.o
      4808          0         92          0          0      33359   stm32h7xx_hal_fdcan.o
      1080          0          0          0          0       6997   stm32h7xx_hal_gpio.o
        36          0          0          0          0       2254   stm32h7xx_hal_msp.o
       162          0          0          0          0       9311   stm32h7xx_hal_pwr_ex.o
      4714         66          0          0          0      11407   stm32h7xx_hal_rcc.o
      6398         96          0          0          0      18680   stm32h7xx_hal_rcc_ex.o
      5304         22          0          0          0      37415   stm32h7xx_hal_tim.o
       404          0          0          0          0      18068   stm32h7xx_hal_tim_ex.o
      6998        342         24          0          0      29268   stm32h7xx_hal_uart.o
       738          0         16          0          0       8875   stm32h7xx_hal_uart_ex.o
       310          0          0          0          0       2726   stm32h7xx_it.o
       314          0         16          8          0       5223   system_stm32h7xx.o
      1028          0          0          0        304      11680   tim.o
      1826         16         61          0       3800      52745   tsk_config_and_callback.o
      1894          0          0          0       1312      12940   usart.o

    ----------------------------------------------------------------------
     71656        902        968         16      13264     638022   Object Totals
         0          0         32          0          0          0   (incl. Generated)
       808         52          3          3          8          0   (incl. Padding)

    ----------------------------------------------------------------------

      Code (inc. data)   RO Data    RW Data    ZI Data      Debug   Library Member Name

         8          0          0          0          0         68   __main.o
       392          4         17          0          0         92   __printf_flags_ss_wp.o
        14          0          0          0          0         68   __printf_wp.o
         0          0          0          0          0          0   __rtentry.o
        12          0          0          0          0          0   __rtentry2.o
         6          0          0          0          0          0   __rtentry4.o
        52          8          0          0          0          0   __scatter.o
        26          0          0          0          0          0   __scatter_copy.o
        28          0          0          0          0          0   __scatter_zi.o
        72          0          0          0          0         96   _c16rtomb.o
         6          0          0          0          0          0   _printf_a.o
         6          0          0          0          0          0   _printf_c.o
        44          0          0          0          0        108   _printf_char.o
        48          6          0          0          0         96   _printf_char_common.o
        40          0          0          0          0         68   _printf_charcount.o
         6          0          0          0          0          0   _printf_d.o
       120         16          0          0          0         92   _printf_dec.o
         6          0          0          0          0          0   _printf_e.o
         6          0          0          0          0          0   _printf_f.o
      1052          0          0          0          0        148   _printf_fp_dec.o
       764          8         38          0          0        100   _printf_fp_hex.o
       128         16          0          0          0         84   _printf_fp_infnan.o
         6          0          0          0          0          0   _printf_g.o
       148          4         40          0          0        160   _printf_hex_int_ll_ptr.o
         6          0          0          0          0          0   _printf_i.o
       178          0          0          0          0         88   _printf_intcommon.o
        10          0          0          0          0          0   _printf_l.o
         6          0          0          0          0          0   _printf_lc.o
        10          0          0          0          0          0   _printf_ll.o
         6          0          0          0          0          0   _printf_lld.o
         6          0          0          0          0          0   _printf_lli.o
         6          0          0          0          0          0   _printf_llo.o
         6          0          0          0          0          0   _printf_llu.o
         6          0          0          0          0          0   _printf_llx.o
       124         16          0          0          0         92   _printf_longlong_dec.o
         6          0          0          0          0          0   _printf_ls.o
         6          0          0          0          0          0   _printf_n.o
         6          0          0          0          0          0   _printf_o.o
       112          8          0          0          0        124   _printf_oct_int_ll.o
         6          0          0          0          0          0   _printf_p.o
        78          0          0          0          0        108   _printf_pad.o
         0          0          0          0          0          0   _printf_percent.o
         4          0          0          0          0          0   _printf_percent_end.o
         6          0          0          0          0          0   _printf_s.o
        82          0          0          0          0         80   _printf_str.o
        36          0          0          0          0         84   _printf_truncate.o
         6          0          0          0          0          0   _printf_u.o
        44          0          0          0          0        108   _printf_wchar.o
       188          6          8          0          0         92   _printf_wctomb.o
         6          0          0          0          0          0   _printf_x.o
        22          0          0          0          0        100   _rserrno.o
        10          0          0          0          0         68   _sputc.o
       228          4        148          0          0         96   bigflt0.o
      1936        128          0          0          0        668   btod.o
        18          0          0          0          0         80   exit.o
         6          0          0          0          0        152   heapauxi.o
         0          0          0          0          0          0   indicate_semi.o
        36          8          0          0          0         80   init_aeabi.o
        44         10        272          0          0         76   lc_ctype_c.o
        44         10         28          0          0         76   lc_numeric_c.o
         2          0          0          0          0          0   libinit.o
        38          0          0          0          0          0   libinit2.o
         2          0          0          0          0          0   libshutdown.o
         2          0          0          0          0          0   libshutdown2.o
         8          4          0          0         96         68   libspace.o
       138          0          0          0          0         80   lludiv10.o
       240          0          0          0          0        100   lludivv7m.o
        16          4          0          0          0         76   rt_ctype_table.o
         8          4          0          0          0         68   rt_errno_addr_intlibspace.o
         8          4          0          0          0         68   rt_locale_intlibspace.o
        68          0          0          0          0         68   rt_memclr.o
        78          0          0          0          0         80   rt_memclr_w.o
       100          0          0          0          0         80   rt_memcpy_w.o
         2          0          0          0          0          0   rtexit.o
        10          0          0          0          0          0   rtexit2.o
        44          6          0          0          0         84   sprintf.o
       124          0          0          0          0         88   strcmpv7m_pel.o
        62          0          0          0          0         76   strlen.o
        12          4          0          0          0         68   sys_exit.o
        74          0          0          0          0         80   sys_stackheap_outer.o
         2          0          0          0          0         68   use_no_semi.o
        26          0          0          0          0        116   fpinit.o
         4          0          0          0          0        116   printf1.o
         4          0          0          0          0        116   printf2.o
         0          0          0          0          0          0   usenofp.o
        48          0          0          0          0        124   fpclassify.o
        58          0          0          0          0        136   sqrtf.o

    ----------------------------------------------------------------------
      7488        278        552          0         96       5112   Library Totals
        26          0          1          0          0          0   (incl. Padding)

    ----------------------------------------------------------------------

      Code (inc. data)   RO Data    RW Data    ZI Data      Debug   Library Name

      7322        278        551          0         96       4504   c_w.l
        34          0          0          0          0        348   fz_wv.l
       106          0          0          0          0        260   m_wv.l

    ----------------------------------------------------------------------
      7488        278        552          0         96       5112   Library Totals

    ----------------------------------------------------------------------

==============================================================================


      Code (inc. data)   RO Data    RW Data    ZI Data      Debug   

     79144       1180       1520         16      13360     639630   Grand Totals
     79144       1180       1520         16      13360     639630   ELF Image Totals
     79144       1180       1520         16          0          0   ROM Totals

==============================================================================

    Total RO  Size (Code + RO Data)                80664 (  78.77kB)
    Total RW  Size (RW Data + ZI Data)             13376 (  13.06kB)
    Total ROM Size (Code + RO Data + RW Data)      80680 (  78.79kB)

==============================================================================

